Component: ARM Compiler 6.10.1 Tool: armlink [5d142800]

==============================================================================

Section Cross References

    complier_lib.o(.ARM.exidx.text.HexToBcd) refers to complier_lib.o(.text.HexToBcd) for [Anonymous Symbol]
    complier_lib.o(.ARM.exidx.text.BcdToDec) refers to complier_lib.o(.text.BcdToDec) for [Anonymous Symbol]
    complier_lib.o(.ARM.exidx.text.DecToBcd) refers to complier_lib.o(.text.DecToBcd) for [Anonymous Symbol]
    complier_lib.o(.ARM.exidx.text.MyPow) refers to complier_lib.o(.text.MyPow) for [Anonymous Symbol]
    complier_lib.o(.ARM.exidx.text.AscSortFun1) refers to complier_lib.o(.text.AscSortFun1) for [Anonymous Symbol]
    complier_lib.o(.ARM.exidx.text.AscSortFun2) refers to complier_lib.o(.text.AscSortFun2) for [Anonymous Symbol]
    complier_lib.o(.ARM.exidx.text.DescSortFun1) refers to complier_lib.o(.text.DescSortFun1) for [Anonymous Symbol]
    complier_lib.o(.ARM.exidx.text.DescSortFun2) refers to complier_lib.o(.text.DescSortFun2) for [Anonymous Symbol]
    complier_lib.o(.text.CalcAvgFun1) refers to dflti.o(.text) for __aeabi_i2d
    complier_lib.o(.text.CalcAvgFun1) refers to dadd.o(.text) for __aeabi_dadd
    complier_lib.o(.text.CalcAvgFun1) refers to ddiv.o(.text) for __aeabi_ddiv
    complier_lib.o(.text.CalcAvgFun1) refers to dfixui.o(.text) for __aeabi_d2uiz
    complier_lib.o(.ARM.exidx.text.CalcAvgFun1) refers to complier_lib.o(.text.CalcAvgFun1) for [Anonymous Symbol]
    complier_lib.o(.text.CalcAvgFun2) refers to dflti.o(.text) for __aeabi_i2d
    complier_lib.o(.text.CalcAvgFun2) refers to dadd.o(.text) for __aeabi_dadd
    complier_lib.o(.text.CalcAvgFun2) refers to ddiv.o(.text) for __aeabi_ddiv
    complier_lib.o(.text.CalcAvgFun2) refers to dfixui.o(.text) for __aeabi_d2uiz
    complier_lib.o(.ARM.exidx.text.CalcAvgFun2) refers to complier_lib.o(.text.CalcAvgFun2) for [Anonymous Symbol]
    complier_lib.o(.text.CalcAvgFun3) refers to dflti.o(.text) for __aeabi_i2d
    complier_lib.o(.text.CalcAvgFun3) refers to dadd.o(.text) for __aeabi_dadd
    complier_lib.o(.text.CalcAvgFun3) refers to ddiv.o(.text) for __aeabi_ddiv
    complier_lib.o(.text.CalcAvgFun3) refers to dfixui.o(.text) for __aeabi_d2uiz
    complier_lib.o(.ARM.exidx.text.CalcAvgFun3) refers to complier_lib.o(.text.CalcAvgFun3) for [Anonymous Symbol]
    complier_lib.o(.text.CalcAvgFun4) refers to dflti.o(.text) for __aeabi_i2d
    complier_lib.o(.text.CalcAvgFun4) refers to dadd.o(.text) for __aeabi_dadd
    complier_lib.o(.text.CalcAvgFun4) refers to ddiv.o(.text) for __aeabi_ddiv
    complier_lib.o(.text.CalcAvgFun4) refers to dfixui.o(.text) for __aeabi_d2uiz
    complier_lib.o(.ARM.exidx.text.CalcAvgFun4) refers to complier_lib.o(.text.CalcAvgFun4) for [Anonymous Symbol]
    complier_lib.o(.ARM.exidx.text.CompareFun1) refers to complier_lib.o(.text.CompareFun1) for [Anonymous Symbol]
    complier_lib.o(.ARM.exidx.text.CompareFun2) refers to complier_lib.o(.text.CompareFun2) for [Anonymous Symbol]
    complier_lib.o(.ARM.exidx.text.CompareFun3) refers to complier_lib.o(.text.CompareFun3) for [Anonymous Symbol]
    complier_lib.o(.ARM.exidx.text.CompareFun4) refers to complier_lib.o(.text.CompareFun4) for [Anonymous Symbol]
    stm32f1xx_it.o(.text.NMI_Handler) refers to css_task.o(.text.CSSTask_NMI_IRQ) for CSSTask_NMI_IRQ
    stm32f1xx_it.o(.ARM.exidx.text.NMI_Handler) refers to stm32f1xx_it.o(.text.NMI_Handler) for [Anonymous Symbol]
    stm32f1xx_it.o(.text.RCC_IRQHandler) refers to css_task.o(.text.CSSTask_RCC_IRQ) for CSSTask_RCC_IRQ
    stm32f1xx_it.o(.ARM.exidx.text.RCC_IRQHandler) refers to stm32f1xx_it.o(.text.RCC_IRQHandler) for [Anonymous Symbol]
    stm32f1xx_it.o(.ARM.exidx.text.HardFault_Handler) refers to stm32f1xx_it.o(.text.HardFault_Handler) for [Anonymous Symbol]
    stm32f1xx_it.o(.ARM.exidx.text.MemManage_Handler) refers to stm32f1xx_it.o(.text.MemManage_Handler) for [Anonymous Symbol]
    stm32f1xx_it.o(.ARM.exidx.text.BusFault_Handler) refers to stm32f1xx_it.o(.text.BusFault_Handler) for [Anonymous Symbol]
    stm32f1xx_it.o(.ARM.exidx.text.UsageFault_Handler) refers to stm32f1xx_it.o(.text.UsageFault_Handler) for [Anonymous Symbol]
    stm32f1xx_it.o(.ARM.exidx.text.SVC_Handler) refers to stm32f1xx_it.o(.text.SVC_Handler) for [Anonymous Symbol]
    stm32f1xx_it.o(.ARM.exidx.text.DebugMon_Handler) refers to stm32f1xx_it.o(.text.DebugMon_Handler) for [Anonymous Symbol]
    stm32f1xx_it.o(.ARM.exidx.text.PendSV_Handler) refers to stm32f1xx_it.o(.text.PendSV_Handler) for [Anonymous Symbol]
    stm32f1xx_it.o(.text.SysTick_Handler) refers to systick_task.o(.text.SysTickTask_IRQTick) for SysTickTask_IRQTick
    stm32f1xx_it.o(.ARM.exidx.text.SysTick_Handler) refers to stm32f1xx_it.o(.text.SysTick_Handler) for [Anonymous Symbol]
    stm32f1xx_it.o(.text.WWDG_IRQHandler) refers to stm32f1xx_it.o(.text.LL_WWDG_ClearFlag_EWKUP) for LL_WWDG_ClearFlag_EWKUP
[...]
    __initial_sp                             0x20002d68   Data           0  startup_stm32f103xg.o(STACK)



==============================================================================

Memory Map of the image

  Image Entry point : 0x08000131

  Load Region LR_IROM1 (Base: 0x08000000, Size: 0x0000dcc0, Max: 0x00100000, ABSOLUTE)

    Execution Region ER_IROM1 (Exec base: 0x08000000, Load base: 0x08000000, Size: 0x0000dc94, Max: 0x00100000, ABSOLUTE)

    Exec Addr    Load Addr    Size         Type   Attr      Idx    E Section Name        Object

    0x08000000   0x08000000   0x00000130   Data   RO         1006    RESET               startup_stm32f103xg.o
    0x08000130   0x08000130   0x00000000   Code   RO         4404  * .ARM.Collect$$$$00000000  mc_w.l(entry.o)
    0x08000130   0x08000130   0x00000004   Code   RO         4462    .ARM.Collect$$$$00000001  mc_w.l(entry2.o)
    0x08000134   0x08000134   0x00000004   Code   RO         4465    .ARM.Collect$$$$00000004  mc_w.l(entry5.o)
    0x08000138   0x08000138   0x00000000   Code   RO         4467    .ARM.Collect$$$$00000008  mc_w.l(entry7b.o)
    0x08000138   0x08000138   0x00000000   Code   RO         4469    .ARM.Collect$$$$0000000A  mc_w.l(entry8b.o)
    0x08000138   0x08000138   0x00000008   Code   RO         4470    .ARM.Collect$$$$0000000B  mc_w.l(entry9a.o)
    0x08000140   0x08000140   0x00000000   Code   RO         4472    .ARM.Collect$$$$0000000D  mc_w.l(entry10a.o)
    0x08000140   0x08000140   0x00000000   Code   RO         4474    .ARM.Collect$$$$0000000F  mc_w.l(entry11a.o)
    0x08000140   0x08000140   0x00000004   Code   RO         4463    .ARM.Collect$$$$00002712  mc_w.l(entry2.o)
    0x08000144   0x08000144   0x00000024   Code   RO         1007    .text               startup_stm32f103xg.o
    0x08000168   0x08000168   0x00000062   Code   RO         4407    .text               mc_w.l(uldiv.o)
    0x080001ca   0x080001ca   0x00000024   Code   RO         4412    .text               mc_w.l(memseta.o)
    0x080001ee   0x080001ee   0x000000b0   Code   RO         4442    .text               mf_w.l(fadd.o)
    0x0800029e   0x0800029e   0x00000064   Code   RO         4444    .text               mf_w.l(fmul.o)
    0x08000302   0x08000302   0x0000007c   Code   RO         4446    .text               mf_w.l(fdiv.o)
    0x0800037e   0x0800037e   0x0000014e   Code   RO         4448    .text               mf_w.l(dadd.o)
    0x080004cc   0x080004cc   0x000000de   Code   RO         4450    .text               mf_w.l(ddiv.o)
    0x080005aa   0x080005aa   0x00000012   Code   RO         4452    .text               mf_w.l(fflti.o)
    0x080005bc   0x080005bc   0x0000000a   Code   RO         4454    .text               mf_w.l(ffltui.o)
    0x080005c6   0x080005c6   0x00000022   Code   RO         4456    .text               mf_w.l(dflti.o)
    0x080005e8   0x080005e8   0x00000028   Code   RO         4458    .text               mf_w.l(ffixui.o)
    0x08000610   0x08000610   0x00000032   Code   RO         4460    .text               mf_w.l(dfixui.o)
    0x08000642   0x08000642   0x0000002c   Code   RO         4481    .text               mc_w.l(uidiv.o)
    0x0800066e   0x0800066e   0x0000001e   Code   RO         4483    .text               mc_w.l(llshl.o)
    0x0800068c   0x0800068c   0x00000020   Code   RO         4485    .text               mc_w.l(llushr.o)
    0x080006ac   0x080006ac   0x00000024   Code   RO         4487    .text               mc_w.l(llsshr.o)
    0x080006d0   0x080006d0   0x00000000   Code   RO         4489    .text               mc_w.l(iusefp.o)
    0x080006d0   0x080006d0   0x0000006e   Code   RO         4490    .text               mf_w.l(fepilogue.o)
    0x0800073e   0x0800073e   0x000000ba   Code   RO         4492    .text               mf_w.l(depilogue.o)
    0x080007f8   0x080007f8   0x000000e4   Code   RO         4494    .text               mf_w.l(dmul.o)
    0x080008dc   0x080008dc   0x00000030   Code   RO         4496    .text               mf_w.l(dfixul.o)
    0x0800090c   0x0800090c   0x00000030   Code   RO         4498    .text               mf_w.l(cdrcmple.o)
    0x0800093c   0x0800093c   0x00000024   Code   RO         4500    .text               mc_w.l(init.o)
    0x08000960   0x08000960   0x00000014   Code   RO         1122    .text.ADCLib_ADCTask_START  adc_lib.o
    0x08000974   0x08000974   0x00000014   Code   RO         1124    .text.ADCLib_ADCTask_STOP  adc_lib.o
    0x08000988   0x08000988   0x00000008   Code   RO         1120    .text.ADCLib_ADC_Init  adc_lib.o
    0x08000990   0x08000990   0x00000014   Code   RO         1126    .text.ADCLib_HandleChannelVal  adc_lib.o
    0x080009a4   0x080009a4   0x00000014   Code   RO         1142    .text.ADCTask_ADCTask_STOP  adc_task.o
    0x080009b8   0x080009b8   0x00000008   Code   RO         1138    .text.ADCTask_ADC_Init  adc_task.o
    0x080009c0   0x080009c0   0x0000013a   Code   RO         1146    .text.ADCTask_RFASKTask_GetADC  adc_task.o
    0x08000afa   0x08000afa   0x00000002   PAD
    0x08000afc   0x08000afc   0x0000001a   Code   RO         1091    .text.ADC_ADC1Task_Init  adc_cfg.o
    0x08000b16   0x08000b16   0x00000002   PAD
    0x08000b18   0x08000b18   0x000000ac   Code   RO         1041    .text.ADC_ADC1_DMA_Init  adc_cfg.o
    0x08000bc4   0x08000bc4   0x0000004c   Code   RO         1057    .text.ADC_ADC1_DMA_Restart  adc_cfg.o
    0x08000c10   0x08000c10   0x00000036   Code   RO         1063    .text.ADC_ADC1_DMA_Stop  adc_cfg.o
    0x08000c46   0x08000c46   0x00000002   PAD
    0x08000c48   0x08000c48   0x000000e6   Code   RO         1025    .text.ADC_ADC1_Init  adc_cfg.o
    0x08000d2e   0x08000d2e   0x00000002   PAD
    0x08000d30   0x08000d30   0x0000001a   Code   RO         1093    .text.ADC_ADC3Task_Init  adc_cfg.o
    0x08000d4a   0x08000d4a   0x00000002   PAD
    0x08000d4c   0x08000d4c   0x000000ae   Code   RO         1077    .text.ADC_ADC3_DMA_Init  adc_cfg.o
    0x08000dfa   0x08000dfa   0x00000002   PAD
    0x08000dfc   0x08000dfc   0x0000004c   Code   RO         1079    .text.ADC_ADC3_DMA_Restart  adc_cfg.o
    0x08000e48   0x08000e48   0x00000038   Code   RO         1081    .text.ADC_ADC3_DMA_Stop  adc_cfg.o
    0x08000e80   0x08000e80   0x000000ee   Code   RO         1075    .text.ADC_ADC3_Init  adc_cfg.o
    0x08000f6e   0x08000f6e   0x00000002   PAD
    0x08000f70   0x08000f70   0x0000001a   Code   RO         1095    .text.ADC_ADCTask_Init  adc_cfg.o
    0x08000f8a   0x08000f8a   0x00000002   PAD
    0x08000f8c   0x08000f8c   0x00000082   Code   RO         1099    .text.ADC_ADCTask_START  adc_cfg.o
    0x0800100e   0x0800100e   0x00000002   PAD
    0x08001010   0x08001010   0x00000086   Code   RO         1101    .text.ADC_ADCTask_STOP  adc_cfg.o
    0x08001096   0x08001096   0x00000002   PAD
    0x08001098   0x08001098   0x00000012   Code   RO         1097    .text.ADC_ADC_Init  adc_cfg.o
    0x080010aa   0x080010aa   0x00000002   PAD
    0x080010ac   0x080010ac   0x000000c2   Code   RO         1019    .text.ADC_Clock     adc_cfg.o
    0x0800116e   0x0800116e   0x00000002   PAD
    0x08001170   0x08001170   0x00000042   Code   RO         1017    .text.ADC_GPIO_Init  adc_cfg.o
    0x080011b2   0x080011b2   0x00000002   PAD
    0x080011b4   0x080011b4   0x000000d0   Code   RO         1103    .text.ADC_HandleChannelVal  adc_cfg.o
    0x08001284   0x08001284   0x00000050   Code   RO         1061    .text.ADC_SoftStart  adc_cfg.o
    0x080012d4   0x080012d4   0x0000005a   Code   RO         1035    .text.ADC_StartCalibration  adc_cfg.o
    0x0800132e   0x0800132e   0x00000002   PAD
    0x08001330   0x08001330   0x00000008   Code   RO         1346    .text.BKPLib_Init   bkp_lib.o
    0x08001338   0x08001338   0x00000008   Code   RO         1368    .text.BKPTask_Init  bkp_task.o
    0x08001340   0x08001340   0x00000010   Code   RO         1312    .text.BKP_Init      bkp_cfg.o
    0x08001350   0x08001350   0x00000004   Code   RO           63    .text.BusFault_Handler  stm32f1xx_it.o
    0x08001354   0x08001354   0x0000001c   Code   RO         1438    .text.CRCLib_CRC16  crc_lib.o
    0x08001370   0x08001370   0x0000001c   Code   RO         1436    .text.CRCLib_CRC32  crc_lib.o
    0x0800138c   0x0800138c   0x0000002c   Code   RO         1440    .text.CRCLib_CRC8   crc_lib.o
    0x080013b8   0x080013b8   0x0000001c   Code   RO         1442    .text.CRCLib_CheckSum  crc_lib.o
    0x080013d4   0x080013d4   0x00000008   Code   RO         1434    .text.CRCLib_Enable  crc_lib.o
    0x080013dc   0x080013dc   0x00000008   Code   RO         1432    .text.CRCLib_Init   crc_lib.o
    0x080013e4   0x080013e4   0x0000001c   Code   RO         1460    .text.CRCTask_CRC16  crc_task.o
    0x08001400   0x08001400   0x0000001c   Code   RO         1458    .text.CRCTask_CRC32  crc_task.o
    0x0800141c   0x0800141c   0x0000002c   Code   RO         1462    .text.CRCTask_CRC8  crc_task.o
    0x08001448   0x08001448   0x0000001c   Code   RO         1464    .text.CRCTask_CheckSum  crc_task.o
    0x08001464   0x08001464   0x00000008   Code   RO         1456    .text.CRCTask_Enable  crc_task.o
    0x0800146c   0x0800146c   0x00000008   Code   RO         1454    .text.CRCTask_Init  crc_task.o
    0x08001474   0x08001474   0x00000060   Code   RO         1412    .text.CRC_CRC16_Table  crc_cfg.o
    0x080014d4   0x080014d4   0x0000001c   Code   RO         1410    .text.CRC_CRC32_CRC  crc_cfg.o
    0x080014f0   0x080014f0   0x0000005c   Code   RO         1402    .text.CRC_CRC32_HWCRC  crc_cfg.o
    0x0800154c   0x0800154c   0x00000010   Code   RO         1398    .text.CRC_CRC32_HWReSet  crc_cfg.o
    0x0800155c   0x0800155c   0x00000092   Code   RO         1414    .text.CRC_CRC8_Table  crc_cfg.o
    0x080015ee   0x080015ee   0x00000002   PAD
    0x080015f0   0x080015f0   0x00000052   Code   RO         1416    .text.CRC_CheckSum  crc_cfg.o
    0x08001642   0x08001642   0x00000002   PAD
    0x08001644   0x08001644   0x00000024   Code   RO         1392    .text.CRC_DeInit    crc_cfg.o
    0x08001668   0x08001668   0x0000000c   Code   RO         1396    .text.CRC_Enable    crc_cfg.o
    0x08001674   0x08001674   0x0000001e   Code   RO         1390    .text.CRC_Init      crc_cfg.o
    0x08001692   0x08001692   0x00000002   PAD
    0x08001694   0x08001694   0x00000008   Code   RO         1528    .text.CSSLib_NMI_IRQ  css_lib.o
    0x0800169c   0x0800169c   0x00000008   Code   RO         1530    .text.CSSLib_RCC_IRQ  css_lib.o
    0x080016a4   0x080016a4   0x00000008   Code   RO         1546    .text.CSSTask_NMI_IRQ  css_task.o
    0x080016ac   0x080016ac   0x00000008   Code   RO         1548    .text.CSSTask_RCC_IRQ  css_task.o
    0x080016b4   0x080016b4   0x0000001c   Code   RO         1494    .text.CSS_NMI_IRQ   css_cfg.o
    0x080016d0   0x080016d0   0x00000020   Code   RO         1504    .text.CSS_RCC_IRQ   css_cfg.o
    0x080016f0   0x080016f0   0x000000aa   Code   RO           29    .text.CalcAvgFun1   complier_lib.o
    0x0800179a   0x0800179a   0x00000002   PAD
    0x0800179c   0x0800179c   0x0000003a   Code   RO           99    .text.DMA1_Channel1_IRQHandler  stm32f1xx_it.o
    0x080017d6   0x080017d6   0x00000002   PAD
    0x080017d8   0x080017d8   0x0000003e   Code   RO          105    .text.DMA2_Channel4_5_IRQHandler  stm32f1xx_it.o
    0x08001816   0x08001816   0x00000002   PAD
    0x08001818   0x08001818   0x00000002   Code   RO           69    .text.DebugMon_Handler  stm32f1xx_it.o
    0x0800181a   0x0800181a   0x00000002   PAD
    0x0800181c   0x0800181c   0x00000018   Code   RO         1695    .text.DecodeLib_ActivateSites  decode_lib.o
    0x08001834   0x08001834   0x00000008   Code   RO         1703    .text.DecodeLib_IRQTask  decode_lib.o
    0x0800183c   0x0800183c   0x00000008   Code   RO         1693    .text.DecodeLib_Init  decode_lib.o
    0x08001844   0x08001844   0x00000008   Code   RO         1705    .text.DecodeLib_Quency  decode_lib.o
    0x0800184c   0x0800184c   0x00000008   Code   RO         1697    .text.DecodeLib_START  decode_lib.o
    0x08001854   0x08001854   0x00000008   Code   RO         1699    .text.DecodeLib_STOP  decode_lib.o
    0x0800185c   0x0800185c   0x00000008   Code   RO         1701    .text.DecodeLib_ScanRST  decode_lib.o
    0x08001864   0x08001864   0x00000018   Code   RO         1719    .text.DecodeTask_ActivateSites  decode_task.o
    0x0800187c   0x0800187c   0x00000008   Code   RO         1727    .text.DecodeTask_IRQTask  decode_task.o
    0x08001884   0x08001884   0x00000008   Code   RO         1717    .text.DecodeTask_Init  decode_task.o
    0x0800188c   0x0800188c   0x00000038   Code   RO         1729    .text.DecodeTask_Quency  decode_task.o
    0x080018c4   0x080018c4   0x00000008   Code   RO         1721    .text.DecodeTask_START  decode_task.o
    0x080018cc   0x080018cc   0x00000008   Code   RO         1723    .text.DecodeTask_STOP  decode_task.o
    0x080018d4   0x080018d4   0x00000008   Code   RO         1725    .text.DecodeTask_ScanRST  decode_task.o
    0x080018dc   0x080018dc   0x00000068   Code   RO         1602    .text.Decode_ActivateSites  decode_cfg.o
    0x08001944   0x08001944   0x00000024   Code   RO         1664    .text.Decode_AddBit  decode_cfg.o
    0x08001968   0x08001968   0x0000008e   Code   RO         1620    .text.Decode_CalcHighPulseWidth  decode_cfg.o
    0x080019f6   0x080019f6   0x00000002   PAD
    0x080019f8   0x080019f8   0x0000008e   Code   RO         1622    .text.Decode_CalcLowPulseWidth  decode_cfg.o
    0x08001a86   0x08001a86   0x00000002   PAD
    0x08001a88   0x08001a88   0x000000b4   Code   RO         1624    .text.Decode_CaptureHandler  decode_cfg.o
    0x08001b3c   0x08001b3c   0x000000c6   Code   RO         1568    .text.Decode_DecodeCHInit  decode_cfg.o
    0x08001c02   0x08001c02   0x00000002   PAD
    0x08001c04   0x08001c04   0x00000100   Code   RO         1618    .text.Decode_DecodeLED  decode_cfg.o
    0x08001d04   0x08001d04   0x000000d0   Code   RO         1560    .text.Decode_DecodeLEDInit  decode_cfg.o
    0x08001dd4   0x08001dd4   0x000000d4   Code   RO         1564    .text.Decode_DecodeRSTInit  decode_cfg.o
    0x08001ea8   0x08001ea8   0x00000136   Code   RO         1570    .text.Decode_DecodeTimerInit  decode_cfg.o
    0x08001fde   0x08001fde   0x00000002   PAD
    0x08001fe0   0x08001fe0   0x000000a6   Code   RO         1612    .text.Decode_GetRST  decode_cfg.o
    0x08002086   0x08002086   0x00000002   PAD
    0x08002088   0x08002088   0x000001aa   Code   RO         1630    .text.Decode_IRQTask  decode_cfg.o
    0x08002232   0x08002232   0x00000002   PAD
    0x08002234   0x08002234   0x00000014   Code   RO         1600    .text.Decode_Init   decode_cfg.o
    0x08002248   0x08002248   0x000003c6   Code   RO         1666    .text.Decode_Quency  decode_cfg.o
    0x0800260e   0x0800260e   0x00000002   PAD
    0x08002610   0x08002610   0x00000058   Code   RO         1604    .text.Decode_START  decode_cfg.o
    0x08002668   0x08002668   0x00000048   Code   RO         1608    .text.Decode_STOP   decode_cfg.o
    0x080026b0   0x080026b0   0x0000002e   Code   RO         1616    .text.Decode_ScanRST  decode_cfg.o
    0x080026de   0x080026de   0x00000002   PAD
    0x080026e0   0x080026e0   0x00000064   Code   RO         1660    .text.Decode_SetPolarityRising  decode_cfg.o
    0x08002744   0x08002744   0x00000014   Code   RO         1771    .text.DelayLib_ms   delay_lib.o
    0x08002758   0x08002758   0x00000014   Code   RO         1775    .text.DelayNLib_us  delay_lib.o
    0x0800276c   0x0800276c   0x00000036   Code   RO         1747    .text.DelayN_ms     delay_cfg.o
    0x080027a2   0x080027a2   0x00000002   PAD
    0x080027a4   0x080027a4   0x00000028   Code   RO         1743    .text.DelayN_us     delay_cfg.o
    0x080027cc   0x080027cc   0x00000014   Code   RO         1799    .text.DelayTask_ms  delay_task.o
    0x080027e0   0x080027e0   0x00000014   Code   RO         1797    .text.DelayTask_us  delay_task.o
    0x080027f4   0x080027f4   0x00000034   Code   RO         1745    .text.Delay_ms      delay_cfg.o
    0x08002828   0x08002828   0x000000bc   Code   RO           27    .text.DescSortFun2  complier_lib.o
    0x080028e4   0x080028e4   0x00000008   Code   RO         1988    .text.EEPROMLib_Init  eeprom_lib.o
    0x080028ec   0x080028ec   0x00000008   Code   RO         2008    .text.EEPROMTask_Init  eeprom_task.o
    0x080028f4   0x080028f4   0x0000001c   Code   RO         1967    .text.EEPROM_Init   eeprom_cfg.o
    0x08002910   0x08002910   0x0000002c   Code   RO         2055    .text.FLASHLib_ReadHalfWord  flash_lib.o
    0x0800293c   0x0800293c   0x0000002c   Code   RO         2071    .text.FLASHTask_ReadHalfWord  flash_task.o
    0x08002968   0x08002968   0x0000005c   Code   RO         2028    .text.FLASH_ReadHalfWord  flash_cfg.o
    0x080029c4   0x080029c4   0x00000020   Code   RO         2113    .text.GPIOLib_Clock  gpio_lib.o
    0x080029e4   0x080029e4   0x00000008   Code   RO         2115    .text.GPIOLib_Init  gpio_lib.o
    0x080029ec   0x080029ec   0x00000020   Code   RO         2127    .text.GPIOTask_Clock  gpio_task.o
    0x08002a0c   0x08002a0c   0x00000008   Code   RO         2129    .text.GPIOTask_Init  gpio_task.o
    0x08002a14   0x08002a14   0x0000014e   Code   RO         2091    .text.GPIO_Clock    gpio_cfg.o
    0x08002b62   0x08002b62   0x00000002   PAD
    0x08002b64   0x08002b64   0x0000007a   Code   RO         2097    .text.GPIO_Init     gpio_cfg.o
    0x08002bde   0x08002bde   0x00000002   PAD
    0x08002be0   0x08002be0   0x0000001a   Code   RO          301    .text.HAL_IncTick   stm32f1xx_hal.o
    0x08002bfa   0x08002bfa   0x00000002   PAD
    0x08002bfc   0x08002bfc   0x00000004   Code   RO           59    .text.HardFault_Handler  stm32f1xx_it.o
    0x08002c00   0x08002c00   0x0000001c   Code   RO         2194    .text.I2CLib_MSW_Init  i2c_lib.o
    0x08002c1c   0x08002c1c   0x00000014   Code   RO         2206    .text.I2CLib_MSW_ReadACK  i2c_lib.o
    0x08002c30   0x08002c30   0x00000052   Code   RO         2198    .text.I2CLib_MSW_START  i2c_lib.o
    0x08002c82   0x08002c82   0x00000002   PAD
    0x08002c84   0x08002c84   0x00000014   Code   RO         2200    .text.I2CLib_MSW_STOP  i2c_lib.o
    0x08002c98   0x08002c98   0x00000020   Code   RO         2212    .text.I2CLib_MSW_SendByte  i2c_lib.o
    0x08002cb8   0x08002cb8   0x0000001c   Code   RO         2240    .text.I2CTask_MSW_Init  i2c_task.o
    0x08002cd4   0x08002cd4   0x00000014   Code   RO         2248    .text.I2CTask_MSW_ReadACK  i2c_task.o
    0x08002ce8   0x08002ce8   0x00000020   Code   RO         2244    .text.I2CTask_MSW_START  i2c_task.o
    0x08002d08   0x08002d08   0x00000014   Code   RO         2246    .text.I2CTask_MSW_STOP  i2c_task.o
    0x08002d1c   0x08002d1c   0x00000020   Code   RO         2252    .text.I2CTask_MSW_SendByte  i2c_task.o
    0x08002d3c   0x08002d3c   0x000000ac   Code   RO         2144    .text.I2C_MSW_Init  i2c_cfg.o
    0x08002de8   0x08002de8   0x0000007c   Code   RO         2162    .text.I2C_MSW_ReadACK  i2c_cfg.o
    0x08002e64   0x08002e64   0x000000a2   Code   RO         2150    .text.I2C_MSW_START  i2c_cfg.o
    0x08002f06   0x08002f06   0x00000002   PAD
    0x08002f08   0x08002f08   0x00000092   Code   RO         2156    .text.I2C_MSW_STOP  i2c_cfg.o
    0x08002f9a   0x08002f9a   0x00000002   PAD
    0x08002f9c   0x08002f9c   0x00000090   Code   RO         2168    .text.I2C_MSW_SendBit  i2c_cfg.o
    0x0800302c   0x0800302c   0x00000064   Code   RO         2170    .text.I2C_MSW_SendByte  i2c_cfg.o
    0x08003090   0x08003090   0x0000005a   Code   RO          765    .text.IC1Config     stm32f1xx_ll_tim.o
    0x080030ea   0x080030ea   0x00000002   PAD
    0x080030ec   0x080030ec   0x0000005c   Code   RO          767    .text.IC2Config     stm32f1xx_ll_tim.o
    0x08003148   0x08003148   0x0000005c   Code   RO          769    .text.IC3Config     stm32f1xx_ll_tim.o
    0x080031a4   0x080031a4   0x0000005c   Code   RO          771    .text.IC4Config     stm32f1xx_ll_tim.o
    0x08003200   0x08003200   0x00000008   Code   RO         2563    .text.IWDGLib_Reset  iwdg_lib.o
    0x08003208   0x08003208   0x00000008   Code   RO         2579    .text.IWDGTask_Reset  iwdg_task.o
    0x08003210   0x08003210   0x00000012   Code   RO         2547    .text.IWDG_Reset    iwdg_cfg.o
    0x08003222   0x08003222   0x00000002   PAD
    0x08003224   0x08003224   0x00000018   Code   RO         2643    .text.KeyLib_BINAPass  key_lib.o
    0x0800323c   0x0800323c   0x00000018   Code   RO         2645    .text.KeyLib_BINBPass  key_lib.o
    0x08003254   0x08003254   0x00000018   Code   RO         2647    .text.KeyLib_BINCPass  key_lib.o
    0x0800326c   0x0800326c   0x00000018   Code   RO         2649    .text.KeyLib_BINDPass  key_lib.o
    0x08003284   0x08003284   0x00000008   Code   RO         2639    .text.KeyLib_EOTSTART  key_lib.o
    0x0800328c   0x0800328c   0x00000008   Code   RO         2641    .text.KeyLib_EOTSTOP  key_lib.o
    0x08003294   0x08003294   0x00000008   Code   RO         2635    .text.KeyLib_GetSOT  key_lib.o
    0x0800329c   0x0800329c   0x00000008   Code   RO         2633    .text.KeyLib_Init   key_lib.o
    0x080032a4   0x080032a4   0x00000008   Code   RO         2637    .text.KeyLib_ScanSOT  key_lib.o
    0x080032ac   0x080032ac   0x00000018   Code   RO         2671    .text.KeyTask_BINAPass  key_task.o
    0x080032c4   0x080032c4   0x00000018   Code   RO         2673    .text.KeyTask_BINBPass  key_task.o
    0x080032dc   0x080032dc   0x00000018   Code   RO         2675    .text.KeyTask_BINCPass  key_task.o
    0x080032f4   0x080032f4   0x00000018   Code   RO         2677    .text.KeyTask_BINDPass  key_task.o
    0x0800330c   0x0800330c   0x00000008   Code   RO         2667    .text.KeyTask_EOTSTART  key_task.o
    0x08003314   0x08003314   0x00000008   Code   RO         2669    .text.KeyTask_EOTSTOP  key_task.o
    0x0800331c   0x0800331c   0x00000008   Code   RO         2663    .text.KeyTask_GetSOT  key_task.o
    0x08003324   0x08003324   0x00000008   Code   RO         2661    .text.KeyTask_Init  key_task.o
    0x0800332c   0x0800332c   0x00000008   Code   RO         2665    .text.KeyTask_ScanSOT  key_task.o
    0x08003334   0x08003334   0x00000042   Code   RO         2615    .text.Key_BINAPass  key_cfg.o
    0x08003376   0x08003376   0x00000002   PAD
    0x08003378   0x08003378   0x0000003e   Code   RO         2617    .text.Key_BINBPass  key_cfg.o
    0x080033b6   0x080033b6   0x00000002   PAD
    0x080033b8   0x080033b8   0x0000003e   Code   RO         2619    .text.Key_BINCPass  key_cfg.o
    0x080033f6   0x080033f6   0x00000002   PAD
    0x080033f8   0x080033f8   0x00000042   Code   RO         2621    .text.Key_BINDPass  key_cfg.o
    0x0800343a   0x0800343a   0x00000002   PAD
    0x0800343c   0x0800343c   0x000000d4   Code   RO         2591    .text.Key_BINInit   key_cfg.o
    0x08003510   0x08003510   0x000000d6   Code   RO         2599    .text.Key_DECInit   key_cfg.o
    0x080035e6   0x080035e6   0x00000002   PAD
    0x080035e8   0x080035e8   0x000000d4   Code   RO         2597    .text.Key_EOTInit   key_cfg.o
    0x080036bc   0x080036bc   0x00000070   Code   RO         2611    .text.Key_EOTSTART  key_cfg.o
    0x0800372c   0x0800372c   0x00000044   Code   RO         2613    .text.Key_EOTSTOP   key_cfg.o
    0x08003770   0x08003770   0x000000a6   Code   RO         2605    .text.Key_GetSOT    key_cfg.o
    0x08003816   0x08003816   0x00000002   PAD
    0x08003818   0x08003818   0x00000014   Code   RO         2603    .text.Key_Init      key_cfg.o
    0x0800382c   0x0800382c   0x000000cc   Code   RO         2595    .text.Key_SOTInit   key_cfg.o
    0x080038f8   0x080038f8   0x0000002e   Code   RO         2609    .text.Key_ScanSOT   key_cfg.o
    0x08003926   0x08003926   0x00000002   PAD
    0x08003928   0x08003928   0x0000005c   Code   RO         2775    .text.LEDDebug_Init  led_cfg.o
    0x08003984   0x08003984   0x00000008   Code   RO         2790    .text.LEDLib_Init   led_lib.o
    0x0800398c   0x0800398c   0x00000008   Code   RO         2802    .text.LEDTask_Init  led_task.o
    0x08003994   0x08003994   0x0000006a   Code   RO         2767    .text.LEDWork_Init  led_cfg.o
    0x080039fe   0x080039fe   0x00000002   PAD
    0x08003a00   0x08003a00   0x0000003c   Code   RO         2771    .text.LEDWork_Task  led_cfg.o
    0x08003a3c   0x08003a3c   0x0000000c   Code   RO         2777    .text.LED_Init      led_cfg.o
    0x08003a48   0x08003a48   0x0000009e   Code   RO          671    .text.LL_ADC_CommonInit  stm32f1xx_ll_adc.o
    0x08003ae6   0x08003ae6   0x00000002   PAD
    0x08003ae8   0x08003ae8   0x000000e0   Code   RO          677    .text.LL_ADC_DeInit  stm32f1xx_ll_adc.o
    0x08003bc8   0x08003bc8   0x00000016   Code   RO          683    .text.LL_ADC_Disable  stm32f1xx_ll_adc.o
    0x08003bde   0x08003bde   0x00000002   PAD
    0x08003be0   0x08003be0   0x00000016   Code   RO         1073    .text.LL_ADC_Disable  adc_cfg.o
    0x08003bf6   0x08003bf6   0x00000002   PAD
    0x08003bf8   0x08003bf8   0x00000016   Code   RO         1033    .text.LL_ADC_Enable  adc_cfg.o
    0x08003c0e   0x08003c0e   0x00000002   PAD
    0x08003c10   0x08003c10   0x00000022   Code   RO          681    .text.LL_ADC_INJ_SetTriggerSource  stm32f1xx_ll_adc.o
    0x08003c32   0x08003c32   0x00000002   PAD
    0x08003c34   0x08003c34   0x00000052   Code   RO          685    .text.LL_ADC_Init   stm32f1xx_ll_adc.o
    0x08003c86   0x08003c86   0x00000002   PAD
    0x08003c88   0x08003c88   0x00000014   Code   RO         1039    .text.LL_ADC_IsCalibrationOnGoing  adc_cfg.o
    0x08003c9c   0x08003c9c   0x00000014   Code   RO          673    .text.LL_ADC_IsEnabled  stm32f1xx_ll_adc.o
    0x08003cb0   0x08003cb0   0x0000009a   Code   RO          689    .text.LL_ADC_REG_Init  stm32f1xx_ll_adc.o
    0x08003d4a   0x08003d4a   0x00000002   PAD
    0x08003d4c   0x08003d4c   0x00000022   Code   RO          691    .text.LL_ADC_REG_SetSequencerLength  stm32f1xx_ll_adc.o
    0x08003d6e   0x08003d6e   0x00000002   PAD
    0x08003d70   0x08003d70   0x00000062   Code   RO         1029    .text.LL_ADC_REG_SetSequencerRanks  adc_cfg.o
    0x08003dd2   0x08003dd2   0x00000002   PAD
    0x08003dd4   0x08003dd4   0x00000022   Code   RO          679    .text.LL_ADC_REG_SetTriggerSource  stm32f1xx_ll_adc.o
    0x08003df6   0x08003df6   0x00000002   PAD
    0x08003df8   0x08003df8   0x00000016   Code   RO         1089    .text.LL_ADC_REG_StartConversionSWStart  adc_cfg.o
    0x08003e0e   0x08003e0e   0x00000002   PAD
    0x08003e10   0x08003e10   0x00000090   Code   RO         1031    .text.LL_ADC_SetChannelSamplingTime  adc_cfg.o
    0x08003ea0   0x08003ea0   0x00000016   Code   RO         1037    .text.LL_ADC_StartCalibration  adc_cfg.o
    0x08003eb6   0x08003eb6   0x00000002   PAD
    0x08003eb8   0x08003eb8   0x00000028   Code   RO         1043    .text.LL_AHB1_GRP1_EnableClock  adc_cfg.o
    0x08003ee0   0x08003ee0   0x00000028   Code   RO         1394    .text.LL_AHB1_GRP1_EnableClock  crc_cfg.o
    0x08003f08   0x08003f08   0x0000001e   Code   RO         3641    .text.LL_APB1_GRP1_DisableClock  timer_cfg.o
    0x08003f26   0x08003f26   0x00000002   PAD
    0x08003f28   0x08003f28   0x0000001e   Code   RO         3826    .text.LL_APB1_GRP1_DisableClock  usart_cfg.o
    0x08003f46   0x08003f46   0x00000002   PAD
    0x08003f48   0x08003f48   0x00000028   Code   RO         1197    .text.LL_APB1_GRP1_EnableClock  main.o
    0x08003f70   0x08003f70   0x00000028   Code   RO         1314    .text.LL_APB1_GRP1_EnableClock  bkp_cfg.o
    0x08003f98   0x08003f98   0x00000028   Code   RO         3639    .text.LL_APB1_GRP1_EnableClock  timer_cfg.o
    0x08003fc0   0x08003fc0   0x00000028   Code   RO         3824    .text.LL_APB1_GRP1_EnableClock  usart_cfg.o
    0x08003fe8   0x08003fe8   0x0000001c   Code   RO          414    .text.LL_APB1_GRP1_ForceReset  stm32f1xx_ll_usart.o
    0x08004004   0x08004004   0x0000001c   Code   RO          729    .text.LL_APB1_GRP1_ForceReset  stm32f1xx_ll_tim.o
    0x08004020   0x08004020   0x0000001e   Code   RO          416    .text.LL_APB1_GRP1_ReleaseReset  stm32f1xx_ll_usart.o
    0x0800403e   0x0800403e   0x00000002   PAD
    0x08004040   0x08004040   0x0000001e   Code   RO          731    .text.LL_APB1_GRP1_ReleaseReset  stm32f1xx_ll_tim.o
    0x0800405e   0x0800405e   0x00000002   PAD
    0x08004060   0x08004060   0x0000001e   Code   RO         1023    .text.LL_APB2_GRP1_DisableClock  adc_cfg.o
    0x0800407e   0x0800407e   0x00000002   PAD
    0x08004080   0x08004080   0x0000001e   Code   RO         2095    .text.LL_APB2_GRP1_DisableClock  gpio_cfg.o
    0x0800409e   0x0800409e   0x00000002   PAD
    0x080040a0   0x080040a0   0x0000001e   Code   RO         3645    .text.LL_APB2_GRP1_DisableClock  timer_cfg.o
    0x080040be   0x080040be   0x00000002   PAD
    0x080040c0   0x080040c0   0x0000001e   Code   RO         3822    .text.LL_APB2_GRP1_DisableClock  usart_cfg.o
    0x080040de   0x080040de   0x00000002   PAD
    0x080040e0   0x080040e0   0x00000028   Code   RO         1021    .text.LL_APB2_GRP1_EnableClock  adc_cfg.o
    0x08004108   0x08004108   0x00000028   Code   RO         2093    .text.LL_APB2_GRP1_EnableClock  gpio_cfg.o
    0x08004130   0x08004130   0x00000028   Code   RO         3643    .text.LL_APB2_GRP1_EnableClock  timer_cfg.o
    0x08004158   0x08004158   0x00000028   Code   RO         3820    .text.LL_APB2_GRP1_EnableClock  usart_cfg.o
    0x08004180   0x08004180   0x0000001c   Code   RO          410    .text.LL_APB2_GRP1_ForceReset  stm32f1xx_ll_usart.o
    0x0800419c   0x0800419c   0x0000001c   Code   RO          733    .text.LL_APB2_GRP1_ForceReset  stm32f1xx_ll_tim.o
    0x080041b8   0x080041b8   0x0000001e   Code   RO          412    .text.LL_APB2_GRP1_ReleaseReset  stm32f1xx_ll_usart.o
    0x080041d6   0x080041d6   0x00000002   PAD
    0x080041d8   0x080041d8   0x0000001e   Code   RO          735    .text.LL_APB2_GRP1_ReleaseReset  stm32f1xx_ll_tim.o
    0x080041f6   0x080041f6   0x00000002   PAD
    0x080041f8   0x080041f8   0x0000003a   Code   RO          711    .text.LL_CRC_DeInit  stm32f1xx_ll_crc.o
    0x08004232   0x08004232   0x00000002   PAD
    0x08004234   0x08004234   0x00000018   Code   RO         1404    .text.LL_CRC_FeedData32  crc_cfg.o
    0x0800424c   0x0800424c   0x00000010   Code   RO         1406    .text.LL_CRC_ReadData32  crc_cfg.o
    0x0800425c   0x0800425c   0x00000012   Code   RO          713    .text.LL_CRC_ResetCRCCalculationUnit  stm32f1xx_ll_crc.o
    0x0800426e   0x0800426e   0x00000002   PAD
    0x08004270   0x08004270   0x00000012   Code   RO         1400    .text.LL_CRC_ResetCRCCalculationUnit  crc_cfg.o
    0x08004282   0x08004282   0x00000002   PAD
    0x08004284   0x08004284   0x00000018   Code   RO          715    .text.LL_CRC_Write_IDR  stm32f1xx_ll_crc.o
    0x0800429c   0x0800429c   0x00000012   Code   RO          628    .text.LL_DMA_ClearFlag_GI1  stm32f1xx_ll_dma.o
    0x080042ae   0x080042ae   0x00000002   PAD
    0x080042b0   0x080042b0   0x00000012   Code   RO         1067    .text.LL_DMA_ClearFlag_GI1  adc_cfg.o
    0x080042c2   0x080042c2   0x00000002   PAD
    0x080042c4   0x080042c4   0x00000012   Code   RO          630    .text.LL_DMA_ClearFlag_GI2  stm32f1xx_ll_dma.o
    0x080042d6   0x080042d6   0x00000002   PAD
    0x080042d8   0x080042d8   0x00000014   Code   RO          632    .text.LL_DMA_ClearFlag_GI3  stm32f1xx_ll_dma.o
    0x080042ec   0x080042ec   0x00000014   Code   RO          634    .text.LL_DMA_ClearFlag_GI4  stm32f1xx_ll_dma.o
    0x08004300   0x08004300   0x00000014   Code   RO          636    .text.LL_DMA_ClearFlag_GI5  stm32f1xx_ll_dma.o
    0x08004314   0x08004314   0x00000014   Code   RO         1083    .text.LL_DMA_ClearFlag_GI5  adc_cfg.o
    0x08004328   0x08004328   0x00000014   Code   RO          638    .text.LL_DMA_ClearFlag_GI6  stm32f1xx_ll_dma.o
    0x0800433c   0x0800433c   0x00000014   Code   RO          640    .text.LL_DMA_ClearFlag_GI7  stm32f1xx_ll_dma.o
    0x08004350   0x08004350   0x00000012   Code   RO         1069    .text.LL_DMA_ClearFlag_HT1  adc_cfg.o
    0x08004362   0x08004362   0x00000002   PAD
    0x08004364   0x08004364   0x00000014   Code   RO         1085    .text.LL_DMA_ClearFlag_HT5  adc_cfg.o
    0x08004378   0x08004378   0x00000012   Code   RO         1071    .text.LL_DMA_ClearFlag_TC1  adc_cfg.o
    0x0800438a   0x0800438a   0x00000002   PAD
    0x0800438c   0x0800438c   0x00000014   Code   RO         1087    .text.LL_DMA_ClearFlag_TC5  adc_cfg.o
    0x080043a0   0x080043a0   0x00000048   Code   RO          644    .text.LL_DMA_ConfigTransfer  stm32f1xx_ll_dma.o
    0x080043e8   0x080043e8   0x00000286   Code   RO          626    .text.LL_DMA_DeInit  stm32f1xx_ll_dma.o
    0x0800466e   0x0800466e   0x00000002   PAD
    0x08004670   0x08004670   0x00000030   Code   RO         1065    .text.LL_DMA_DisableChannel  adc_cfg.o
    0x080046a0   0x080046a0   0x00000030   Code   RO         1045    .text.LL_DMA_EnableChannel  adc_cfg.o
    0x080046d0   0x080046d0   0x00000030   Code   RO         1055    .text.LL_DMA_EnableIT_TC  adc_cfg.o
    0x08004700   0x08004700   0x00000068   Code   RO          642    .text.LL_DMA_Init   stm32f1xx_ll_dma.o
    0x08004768   0x08004768   0x00000014   Code   RO          101    .text.LL_DMA_IsActiveFlag_TC1  stm32f1xx_it.o
    0x0800477c   0x0800477c   0x00000014   Code   RO          107    .text.LL_DMA_IsActiveFlag_TC5  stm32f1xx_it.o
    0x08004790   0x08004790   0x0000002a   Code   RO          103    .text.LL_DMA_IsEnabledIT_TC  stm32f1xx_it.o
    0x080047ba   0x080047ba   0x00000002   PAD
    0x080047bc   0x080047bc   0x0000004c   Code   RO          650    .text.LL_DMA_SetDataLength  stm32f1xx_ll_dma.o
    0x08004808   0x08004808   0x0000004c   Code   RO         1059    .text.LL_DMA_SetDataLength  adc_cfg.o
    0x08004854   0x08004854   0x00000036   Code   RO          646    .text.LL_DMA_SetMemoryAddress  stm32f1xx_ll_dma.o
    0x0800488a   0x0800488a   0x00000002   PAD
    0x0800488c   0x0800488c   0x00000036   Code   RO          648    .text.LL_DMA_SetPeriphAddress  stm32f1xx_ll_dma.o
    0x080048c2   0x080048c2   0x00000002   PAD
    0x080048c4   0x080048c4   0x00000012   Code   RO          132    .text.LL_FLASH_EnableDataCache  stm32_cfg.o
    0x080048d6   0x080048d6   0x00000002   PAD
    0x080048d8   0x080048d8   0x00000012   Code   RO          136    .text.LL_FLASH_EnableInstCache  stm32_cfg.o
    0x080048ea   0x080048ea   0x00000002   PAD
    0x080048ec   0x080048ec   0x00000012   Code   RO         1193    .text.LL_FLASH_EnablePrefetch  main.o
    0x080048fe   0x080048fe   0x00000002   PAD
    0x08004900   0x08004900   0x00000010   Code   RO         1165    .text.LL_FLASH_GetLatency  main.o
    0x08004910   0x08004910   0x00000010   Code   RO          176    .text.LL_FLASH_ReadHalfWord  stm32_cfg.o
    0x08004920   0x08004920   0x00000020   Code   RO         1163    .text.LL_FLASH_SetLatency  main.o
    0x08004940   0x08004940   0x00000018   Code   RO         3595    .text.LL_GPIO_AF_RemapPartial_TIM3  timer_cfg.o
    0x08004958   0x08004958   0x00000018   Code   RO         2099    .text.LL_GPIO_AF_Remap_SWJ_NOJTAG  gpio_cfg.o
    0x08004970   0x08004970   0x00000018   Code   RO         2101    .text.LL_GPIO_AF_Remap_SWJ_NONJTRST  gpio_cfg.o
    0x08004988   0x08004988   0x000000cc   Code   RO          452    .text.LL_GPIO_Init  stm32f1xx_ll_gpio.o
    0x08004a54   0x08004a54   0x00000026   Code   RO         1614    .text.LL_GPIO_IsInputPinSet  decode_cfg.o
    0x08004a7a   0x08004a7a   0x00000002   PAD
    0x08004a7c   0x08004a7c   0x00000026   Code   RO         2154    .text.LL_GPIO_IsInputPinSet  i2c_cfg.o
    0x08004aa2   0x08004aa2   0x00000002   PAD
    0x08004aa4   0x08004aa4   0x00000026   Code   RO         2607    .text.LL_GPIO_IsInputPinSet  key_cfg.o
    0x08004aca   0x08004aca   0x00000002   PAD
    0x08004acc   0x08004acc   0x00000026   Code   RO         3138    .text.LL_GPIO_IsInputPinSet  rfask_cfg.o
    0x08004af2   0x08004af2   0x00000002   PAD
    0x08004af4   0x08004af4   0x0000001c   Code   RO         1562    .text.LL_GPIO_ResetOutputPin  decode_cfg.o
    0x08004b10   0x08004b10   0x0000001c   Code   RO         2152    .text.LL_GPIO_ResetOutputPin  i2c_cfg.o
    0x08004b2c   0x08004b2c   0x0000001c   Code   RO         2601    .text.LL_GPIO_ResetOutputPin  key_cfg.o
    0x08004b48   0x08004b48   0x0000001c   Code   RO         2769    .text.LL_GPIO_ResetOutputPin  led_cfg.o
    0x08004b64   0x08004b64   0x0000001c   Code   RO         3020    .text.LL_GPIO_ResetOutputPin  power_cfg.o
    0x08004b80   0x08004b80   0x0000001c   Code   RO         3196    .text.LL_GPIO_ResetOutputPin  rfask_task.o
    0x08004b9c   0x08004b9c   0x0000001c   Code   RO         3718    .text.LL_GPIO_ResetOutputPin  usart_cfg.o
    0x08004bb8   0x08004bb8   0x0000001c   Code   RO         1566    .text.LL_GPIO_SetOutputPin  decode_cfg.o
    0x08004bd4   0x08004bd4   0x0000001c   Code   RO         2146    .text.LL_GPIO_SetOutputPin  i2c_cfg.o
    0x08004bf0   0x08004bf0   0x0000001c   Code   RO         2593    .text.LL_GPIO_SetOutputPin  key_cfg.o
    0x08004c0c   0x08004c0c   0x0000001c   Code   RO         3118    .text.LL_GPIO_SetOutputPin  rfask_cfg.o
    0x08004c28   0x08004c28   0x0000001c   Code   RO         3198    .text.LL_GPIO_SetOutputPin  rfask_task.o
    0x08004c44   0x08004c44   0x0000001c   Code   RO         3720    .text.LL_GPIO_SetOutputPin  usart_cfg.o
    0x08004c60   0x08004c60   0x00000066   Code   RO          454    .text.LL_GPIO_SetPinMode  stm32f1xx_ll_gpio.o
    0x08004cc6   0x08004cc6   0x00000002   PAD
    0x08004cc8   0x08004cc8   0x00000066   Code   RO         3714    .text.LL_GPIO_SetPinMode  usart_cfg.o
    0x08004d2e   0x08004d2e   0x00000002   PAD
    0x08004d30   0x08004d30   0x00000066   Code   RO          460    .text.LL_GPIO_SetPinOutputType  stm32f1xx_ll_gpio.o
    0x08004d96   0x08004d96   0x00000002   PAD
    0x08004d98   0x08004d98   0x00000044   Code   RO          456    .text.LL_GPIO_SetPinPull  stm32f1xx_ll_gpio.o
    0x08004ddc   0x08004ddc   0x00000066   Code   RO          458    .text.LL_GPIO_SetPinSpeed  stm32f1xx_ll_gpio.o
    0x08004e42   0x08004e42   0x00000002   PAD
    0x08004e44   0x08004e44   0x00000022   Code   RO         2773    .text.LL_GPIO_TogglePin  led_cfg.o
    0x08004e66   0x08004e66   0x00000002   PAD
    0x08004e68   0x08004e68   0x0000001a   Code   RO         2543    .text.LL_IWDG_ReloadCounter  iwdg_cfg.o
    0x08004e82   0x08004e82   0x00000002   PAD
    0x08004e84   0x08004e84   0x0000003e   Code   RO         3497    .text.LL_InitTick   systick_cfg.o
    0x08004ec2   0x08004ec2   0x00000002   PAD
    0x08004ec4   0x08004ec4   0x00000012   Code   RO         1316    .text.LL_PWR_EnableBkUpAccess  bkp_cfg.o
    0x08004ed6   0x08004ed6   0x00000002   PAD
    0x08004ed8   0x08004ed8   0x00000012   Code   RO         1502    .text.LL_RCC_ClearFlag_HSECSS  css_cfg.o
    0x08004eea   0x08004eea   0x00000002   PAD
    0x08004eec   0x08004eec   0x00000012   Code   RO         1510    .text.LL_RCC_ClearFlag_HSERDY  css_cfg.o
    0x08004efe   0x08004efe   0x00000002   PAD
    0x08004f00   0x08004f00   0x00000012   Code   RO         1508    .text.LL_RCC_DisableIT_HSERDY  css_cfg.o
    0x08004f12   0x08004f12   0x00000002   PAD
    0x08004f14   0x08004f14   0x00000012   Code   RO         1500    .text.LL_RCC_EnableIT_HSERDY  css_cfg.o
    0x08004f26   0x08004f26   0x00000002   PAD
    0x08004f28   0x08004f28   0x00000010   Code   RO          386    .text.LL_RCC_GetAHBPrescaler  stm32f1xx_ll_rcc.o
    0x08004f38   0x08004f38   0x00000010   Code   RO          388    .text.LL_RCC_GetAPB1Prescaler  stm32f1xx_ll_rcc.o
    0x08004f48   0x08004f48   0x00000010   Code   RO          390    .text.LL_RCC_GetAPB2Prescaler  stm32f1xx_ll_rcc.o
    0x08004f58   0x08004f58   0x00000010   Code   RO          358    .text.LL_RCC_GetSysClkSource  stm32f1xx_ll_rcc.o
    0x08004f68   0x08004f68   0x00000010   Code   RO         1189    .text.LL_RCC_GetSysClkSource  main.o
    0x08004f78   0x08004f78   0x0000003a   Code   RO          366    .text.LL_RCC_GetSystemClocksFreq  stm32f1xx_ll_rcc.o
    0x08004fb2   0x08004fb2   0x00000002   PAD
    0x08004fb4   0x08004fb4   0x00000012   Code   RO         1167    .text.LL_RCC_HSE_Enable  main.o
    0x08004fc6   0x08004fc6   0x00000002   PAD
    0x08004fc8   0x08004fc8   0x00000012   Code   RO         1498    .text.LL_RCC_HSE_Enable  css_cfg.o
    0x08004fda   0x08004fda   0x00000002   PAD
    0x08004fdc   0x08004fdc   0x00000010   Code   RO         1169    .text.LL_RCC_HSE_IsReady  main.o
    0x08004fec   0x08004fec   0x00000010   Code   RO         1496    .text.LL_RCC_IsActiveFlag_HSECSS  css_cfg.o
    0x08004ffc   0x08004ffc   0x00000010   Code   RO         1506    .text.LL_RCC_IsActiveFlag_HSERDY  css_cfg.o
    0x0800500c   0x0800500c   0x00000012   Code   RO         1171    .text.LL_RCC_LSI_Enable  main.o
    0x0800501e   0x0800501e   0x00000002   PAD
    0x08005020   0x08005020   0x00000010   Code   RO         1173    .text.LL_RCC_LSI_IsReady  main.o
    0x08005030   0x08005030   0x00000038   Code   RO         1175    .text.LL_RCC_PLL_ConfigDomain_SYS  main.o
    0x08005068   0x08005068   0x00000012   Code   RO         1177    .text.LL_RCC_PLL_Enable  main.o
    0x0800507a   0x0800507a   0x00000002   PAD
    0x0800507c   0x0800507c   0x00000010   Code   RO          392    .text.LL_RCC_PLL_GetMainSource  stm32f1xx_ll_rcc.o
    0x0800508c   0x0800508c   0x00000010   Code   RO          396    .text.LL_RCC_PLL_GetMultiplicator  stm32f1xx_ll_rcc.o
    0x0800509c   0x0800509c   0x00000010   Code   RO          394    .text.LL_RCC_PLL_GetPrediv  stm32f1xx_ll_rcc.o
    0x080050ac   0x080050ac   0x00000010   Code   RO         1179    .text.LL_RCC_PLL_IsReady  main.o
    0x080050bc   0x080050bc   0x00000020   Code   RO         1027    .text.LL_RCC_SetADCClockSource  adc_cfg.o
    0x080050dc   0x080050dc   0x00000020   Code   RO         1181    .text.LL_RCC_SetAHBPrescaler  main.o
    0x080050fc   0x080050fc   0x00000020   Code   RO         1183    .text.LL_RCC_SetAPB1Prescaler  main.o
    0x0800511c   0x0800511c   0x00000020   Code   RO         1185    .text.LL_RCC_SetAPB2Prescaler  main.o
    0x0800513c   0x0800513c   0x00000020   Code   RO         1187    .text.LL_RCC_SetSysClkSource  main.o
    0x0800515c   0x0800515c   0x00000038   Code   RO         1191    .text.LL_SYSTICK_SetClkSource  main.o
    0x08005194   0x08005194   0x00000018   Code   RO          233    .text.LL_SetSystemCoreClock  stm32f1xx_ll_utils.o
    0x080051ac   0x080051ac   0x00000020   Code   RO         3605    .text.LL_TIM_CC_DisableChannel  timer_cfg.o
    0x080051cc   0x080051cc   0x00000014   Code   RO          192    .text.LL_TIM_ClearFlag  stm32_cfg.o
    0x080051e0   0x080051e0   0x00000014   Code   RO         1640    .text.LL_TIM_ClearFlag_CC1  decode_cfg.o
    0x080051f4   0x080051f4   0x00000014   Code   RO         1646    .text.LL_TIM_ClearFlag_CC2  decode_cfg.o
    0x08005208   0x08005208   0x00000014   Code   RO         1652    .text.LL_TIM_ClearFlag_CC3  decode_cfg.o
    0x0800521c   0x0800521c   0x00000014   Code   RO         1658    .text.LL_TIM_ClearFlag_CC4  decode_cfg.o
    0x08005230   0x08005230   0x00000014   Code   RO         1634    .text.LL_TIM_ClearFlag_UPDATE  decode_cfg.o
    0x08005244   0x08005244   0x000001fa   Code   RO          727    .text.LL_TIM_DeInit  stm32f1xx_ll_tim.o
    0x0800543e   0x0800543e   0x00000002   PAD
    0x08005440   0x08005440   0x00000016   Code   RO         1572    .text.LL_TIM_DisableARRPreload  decode_cfg.o
    0x08005456   0x08005456   0x00000002   PAD
    0x08005458   0x08005458   0x00000016   Code   RO         1610    .text.LL_TIM_DisableCounter  decode_cfg.o
    0x0800546e   0x0800546e   0x00000002   PAD
    0x08005470   0x08005470   0x00000016   Code   RO         3627    .text.LL_TIM_DisableCounter  timer_cfg.o
    0x08005486   0x08005486   0x00000002   PAD
    0x08005488   0x08005488   0x00000016   Code   RO         3613    .text.LL_TIM_DisableDMAReq_TRIG  timer_cfg.o
    0x0800549e   0x0800549e   0x00000002   PAD
    0x080054a0   0x080054a0   0x00000016   Code   RO         3611    .text.LL_TIM_DisableIT_TRIG  timer_cfg.o
    0x080054b6   0x080054b6   0x00000002   PAD
    0x080054b8   0x080054b8   0x00000016   Code   RO         1578    .text.LL_TIM_DisableMasterSlaveMode  decode_cfg.o
    0x080054ce   0x080054ce   0x00000002   PAD
    0x080054d0   0x080054d0   0x00000016   Code   RO         3617    .text.LL_TIM_DisableMasterSlaveMode  timer_cfg.o
    0x080054e6   0x080054e6   0x00000002   PAD
    0x080054e8   0x080054e8   0x00000016   Code   RO         3597    .text.LL_TIM_EnableARRPreload  timer_cfg.o
    0x080054fe   0x080054fe   0x00000002   PAD
    0x08005500   0x08005500   0x00000016   Code   RO         1598    .text.LL_TIM_EnableCounter  decode_cfg.o
    0x08005516   0x08005516   0x00000002   PAD
    0x08005518   0x08005518   0x00000016   Code   RO         3623    .text.LL_TIM_EnableCounter  timer_cfg.o
    0x0800552e   0x0800552e   0x00000002   PAD
    0x08005530   0x08005530   0x00000016   Code   RO         1588    .text.LL_TIM_EnableIT_CC1  decode_cfg.o
    0x08005546   0x08005546   0x00000002   PAD
    0x08005548   0x08005548   0x00000016   Code   RO         1590    .text.LL_TIM_EnableIT_CC2  decode_cfg.o
    0x0800555e   0x0800555e   0x00000002   PAD
    0x08005560   0x08005560   0x00000016   Code   RO         1592    .text.LL_TIM_EnableIT_CC3  decode_cfg.o
    0x08005576   0x08005576   0x00000002   PAD
    0x08005578   0x08005578   0x00000016   Code   RO         1594    .text.LL_TIM_EnableIT_CC4  decode_cfg.o
    0x0800558e   0x0800558e   0x00000002   PAD
    0x08005590   0x08005590   0x00000016   Code   RO         1596    .text.LL_TIM_EnableIT_UPDATE  decode_cfg.o
    0x080055a6   0x080055a6   0x00000002   PAD
    0x080055a8   0x080055a8   0x00000016   Code   RO          747    .text.LL_TIM_GenerateEvent_UPDATE  stm32f1xx_ll_tim.o
    0x080055be   0x080055be   0x00000002   PAD
    0x080055c0   0x080055c0   0x00000010   Code   RO         1668    .text.LL_TIM_GetCounter  decode_cfg.o
    0x080055d0   0x080055d0   0x00000010   Code   RO         3629    .text.LL_TIM_GetCounter  timer_cfg.o
    0x080055e0   0x080055e0   0x00000010   Code   RO         1638    .text.LL_TIM_IC_GetCaptureCH1  decode_cfg.o
    0x080055f0   0x080055f0   0x00000010   Code   RO         1644    .text.LL_TIM_IC_GetCaptureCH2  decode_cfg.o
    0x08005600   0x08005600   0x00000010   Code   RO         1650    .text.LL_TIM_IC_GetCaptureCH3  decode_cfg.o
    0x08005610   0x08005610   0x00000010   Code   RO         1656    .text.LL_TIM_IC_GetCaptureCH4  decode_cfg.o
    0x08005620   0x08005620   0x000000a2   Code   RO         1626    .text.LL_TIM_IC_GetPolarity  decode_cfg.o
    0x080056c2   0x080056c2   0x00000002   PAD
    0x080056c4   0x080056c4   0x0000007c   Code   RO          763    .text.LL_TIM_IC_Init  stm32f1xx_ll_tim.o
    0x08005740   0x08005740   0x000000ce   Code   RO         3601    .text.LL_TIM_IC_SetActiveInput  timer_cfg.o
    0x0800580e   0x0800580e   0x00000002   PAD
    0x08005810   0x08005810   0x000000ce   Code   RO         3607    .text.LL_TIM_IC_SetFilter  timer_cfg.o
    0x080058de   0x080058de   0x00000002   PAD
    0x080058e0   0x080058e0   0x000000b8   Code   RO         1628    .text.LL_TIM_IC_SetPolarity  decode_cfg.o
    0x08005998   0x08005998   0x000000b8   Code   RO         3609    .text.LL_TIM_IC_SetPolarity  timer_cfg.o
    0x08005a50   0x08005a50   0x000001a0   Code   RO          739    .text.LL_TIM_Init   stm32f1xx_ll_tim.o
    0x08005bf0   0x08005bf0   0x00000014   Code   RO         1636    .text.LL_TIM_IsActiveFlag_CC1  decode_cfg.o
    0x08005c04   0x08005c04   0x00000014   Code   RO         1642    .text.LL_TIM_IsActiveFlag_CC2  decode_cfg.o
    0x08005c18   0x08005c18   0x00000014   Code   RO         1648    .text.LL_TIM_IsActiveFlag_CC3  decode_cfg.o
    0x08005c2c   0x08005c2c   0x00000014   Code   RO         1654    .text.LL_TIM_IsActiveFlag_CC4  decode_cfg.o
    0x08005c40   0x08005c40   0x00000014   Code   RO         1632    .text.LL_TIM_IsActiveFlag_UPDATE  decode_cfg.o
    0x08005c54   0x08005c54   0x00000018   Code   RO          741    .text.LL_TIM_SetAutoReload  stm32f1xx_ll_tim.o
    0x08005c6c   0x08005c6c   0x00000024   Code   RO         1574    .text.LL_TIM_SetClockSource  decode_cfg.o
    0x08005c90   0x08005c90   0x00000024   Code   RO         3603    .text.LL_TIM_SetClockSource  timer_cfg.o
    0x08005cb4   0x08005cb4   0x00000018   Code   RO         1606    .text.LL_TIM_SetCounter  decode_cfg.o
    0x08005ccc   0x08005ccc   0x00000018   Code   RO         3625    .text.LL_TIM_SetCounter  timer_cfg.o
    0x08005ce4   0x08005ce4   0x00000018   Code   RO          743    .text.LL_TIM_SetPrescaler  stm32f1xx_ll_tim.o
    0x08005cfc   0x08005cfc   0x00000018   Code   RO          745    .text.LL_TIM_SetRepetitionCounter  stm32f1xx_ll_tim.o
    0x08005d14   0x08005d14   0x00000022   Code   RO         3599    .text.LL_TIM_SetTriggerInput  timer_cfg.o
    0x08005d36   0x08005d36   0x00000002   PAD
    0x08005d38   0x08005d38   0x00000022   Code   RO         1576    .text.LL_TIM_SetTriggerOutput  decode_cfg.o
    0x08005d5a   0x08005d5a   0x00000002   PAD
    0x08005d5c   0x08005d5c   0x00000022   Code   RO         3615    .text.LL_TIM_SetTriggerOutput  timer_cfg.o
    0x08005d7e   0x08005d7e   0x00000002   PAD
    0x08005d80   0x08005d80   0x00000014   Code   RO           87    .text.LL_USART_ClearFlag_RXNE  stm32f1xx_it.o
    0x08005d94   0x08005d94   0x00000014   Code   RO           97    .text.LL_USART_ClearFlag_TC  stm32f1xx_it.o
    0x08005da8   0x08005da8   0x00000014   Code   RO         3758    .text.LL_USART_ClearFlag_TC  usart_cfg.o
    0x08005dbc   0x08005dbc   0x00000020   Code   RO         3832    .text.LL_USART_ConfigAsyncMode  usart_cfg.o
    0x08005ddc   0x08005ddc   0x000000cc   Code   RO          408    .text.LL_USART_DeInit  stm32f1xx_ll_usart.o
    0x08005ea8   0x08005ea8   0x00000016   Code   RO         3778    .text.LL_USART_DisableIT_TC  usart_cfg.o
    0x08005ebe   0x08005ebe   0x00000002   PAD
    0x08005ec0   0x08005ec0   0x00000016   Code   RO         3772    .text.LL_USART_DisableIT_TXE  usart_cfg.o
    0x08005ed6   0x08005ed6   0x00000002   PAD
    0x08005ed8   0x08005ed8   0x00000016   Code   RO         3844    .text.LL_USART_Enable  usart_cfg.o
    0x08005eee   0x08005eee   0x00000002   PAD
    0x08005ef0   0x08005ef0   0x00000016   Code   RO         3842    .text.LL_USART_EnableIT_RXNE  usart_cfg.o
    0x08005f06   0x08005f06   0x00000002   PAD
    0x08005f08   0x08005f08   0x00000016   Code   RO         3774    .text.LL_USART_EnableIT_TC  usart_cfg.o
    0x08005f1e   0x08005f1e   0x00000002   PAD
    0x08005f20   0x08005f20   0x00000016   Code   RO         3784    .text.LL_USART_EnableIT_TXE  usart_cfg.o
    0x08005f36   0x08005f36   0x00000002   PAD
    0x08005f38   0x08005f38   0x000000fc   Code   RO          418    .text.LL_USART_Init  stm32f1xx_ll_usart.o
    0x08006034   0x08006034   0x00000014   Code   RO           81    .text.LL_USART_IsActiveFlag_RXNE  stm32f1xx_it.o
    0x08006048   0x08006048   0x00000014   Code   RO           93    .text.LL_USART_IsActiveFlag_TC  stm32f1xx_it.o
    0x0800605c   0x0800605c   0x00000014   Code   RO         3756    .text.LL_USART_IsActiveFlag_TC  usart_cfg.o
    0x08006070   0x08006070   0x00000014   Code   RO           89    .text.LL_USART_IsActiveFlag_TXE  stm32f1xx_it.o
    0x08006084   0x08006084   0x00000014   Code   RO         3812    .text.LL_USART_IsActiveFlag_TXE  usart_cfg.o
    0x08006098   0x08006098   0x00000014   Code   RO          420    .text.LL_USART_IsEnabled  stm32f1xx_ll_usart.o
    0x080060ac   0x080060ac   0x00000014   Code   RO           83    .text.LL_USART_IsEnabledIT_RXNE  stm32f1xx_it.o
    0x080060c0   0x080060c0   0x00000014   Code   RO           95    .text.LL_USART_IsEnabledIT_TC  stm32f1xx_it.o
    0x080060d4   0x080060d4   0x00000014   Code   RO         3814    .text.LL_USART_IsEnabledIT_TC  usart_cfg.o
    0x080060e8   0x080060e8   0x00000014   Code   RO           91    .text.LL_USART_IsEnabledIT_TXE  stm32f1xx_it.o
    0x080060fc   0x080060fc   0x00000014   Code   RO         3782    .text.LL_USART_IsEnabledIT_TXE  usart_cfg.o
    0x08006110   0x08006110   0x00000012   Code   RO           85    .text.LL_USART_ReceiveData8  stm32f1xx_it.o
    0x08006122   0x08006122   0x00000002   PAD
    0x08006124   0x08006124   0x00000064   Code   RO          426    .text.LL_USART_SetBaudRate  stm32f1xx_ll_usart.o
    0x08006188   0x08006188   0x00000022   Code   RO          424    .text.LL_USART_SetHWFlowCtrl  stm32f1xx_ll_usart.o
    0x080061aa   0x080061aa   0x00000002   PAD
    0x080061ac   0x080061ac   0x00000022   Code   RO          422    .text.LL_USART_SetStopBitsLength  stm32f1xx_ll_usart.o
    0x080061ce   0x080061ce   0x00000002   PAD
    0x080061d0   0x080061d0   0x0000001c   Code   RO         3754    .text.LL_USART_TransmitData8  usart_cfg.o
    0x080061ec   0x080061ec   0x00000014   Code   RO           77    .text.LL_WWDG_ClearFlag_EWKUP  stm32f1xx_it.o
    0x08006200   0x08006200   0x00000004   Code   RO           61    .text.MemManage_Handler  stm32f1xx_it.o
    0x08006204   0x08006204   0x00000008   Code   RO           55    .text.NMI_Handler   stm32f1xx_it.o
    0x0800620c   0x0800620c   0x00000026   Code   RO         1053    .text.NVIC_EnableIRQ  adc_cfg.o
    0x08006232   0x08006232   0x00000002   PAD
    0x08006234   0x08006234   0x00000026   Code   RO         1586    .text.NVIC_EnableIRQ  decode_cfg.o
    0x0800625a   0x0800625a   0x00000002   PAD
    0x0800625c   0x0800625c   0x00000026   Code   RO         3840    .text.NVIC_EnableIRQ  usart_cfg.o
    0x08006282   0x08006282   0x00000002   PAD
    0x08006284   0x08006284   0x00000080   Code   RO         1049    .text.NVIC_EncodePriority  adc_cfg.o
    0x08006304   0x08006304   0x00000080   Code   RO         1203    .text.NVIC_EncodePriority  main.o
    0x08006384   0x08006384   0x00000080   Code   RO         1582    .text.NVIC_EncodePriority  decode_cfg.o
    0x08006404   0x08006404   0x00000080   Code   RO         3503    .text.NVIC_EncodePriority  systick_cfg.o
    0x08006484   0x08006484   0x00000080   Code   RO         3836    .text.NVIC_EncodePriority  usart_cfg.o
    0x08006504   0x08006504   0x00000010   Code   RO         1051    .text.NVIC_GetPriorityGrouping  adc_cfg.o
    0x08006514   0x08006514   0x00000010   Code   RO         1205    .text.NVIC_GetPriorityGrouping  main.o
    0x08006524   0x08006524   0x00000010   Code   RO         1584    .text.NVIC_GetPriorityGrouping  decode_cfg.o
    0x08006534   0x08006534   0x00000010   Code   RO         3505    .text.NVIC_GetPriorityGrouping  systick_cfg.o
    0x08006544   0x08006544   0x00000010   Code   RO         3838    .text.NVIC_GetPriorityGrouping  usart_cfg.o
    0x08006554   0x08006554   0x000000d4   Code   RO         1195    .text.NVIC_Init     main.o
    0x08006628   0x08006628   0x00000044   Code   RO         1047    .text.NVIC_SetPriority  adc_cfg.o
    0x0800666c   0x0800666c   0x00000044   Code   RO         1201    .text.NVIC_SetPriority  main.o
    0x080066b0   0x080066b0   0x00000044   Code   RO         1580    .text.NVIC_SetPriority  decode_cfg.o
    0x080066f4   0x080066f4   0x00000044   Code   RO         3501    .text.NVIC_SetPriority  systick_cfg.o
    0x08006738   0x08006738   0x00000044   Code   RO         3834    .text.NVIC_SetPriority  usart_cfg.o
    0x0800677c   0x0800677c   0x00000040   Code   RO         1199    .text.NVIC_SetPriorityGrouping  main.o
    0x080067bc   0x080067bc   0x00000040   Code   RO         3499    .text.NVIC_SetPriorityGrouping  systick_cfg.o
    0x080067fc   0x080067fc   0x00000026   Code   RO         1512    .text.NVIC_SystemReset  css_cfg.o
    0x08006822   0x08006822   0x00000002   PAD
    0x08006824   0x08006824   0x00000002   Code   RO           71    .text.PendSV_Handler  stm32f1xx_it.o
    0x08006826   0x08006826   0x00000002   PAD
    0x08006828   0x08006828   0x00000008   Code   RO         3034    .text.PowerLib_Init  power_lib.o
    0x08006830   0x08006830   0x00000008   Code   RO         3048    .text.PowerTask_Init  power_task.o
    0x08006838   0x08006838   0x00000172   Code   RO         3018    .text.Power_Init    power_cfg.o
    0x080069aa   0x080069aa   0x00000002   PAD
    0x080069ac   0x080069ac   0x0000002a   Code   RO          370    .text.RCC_GetHCLKClockFreq  stm32f1xx_ll_rcc.o
    0x080069d6   0x080069d6   0x00000002   PAD
    0x080069d8   0x080069d8   0x00000028   Code   RO          372    .text.RCC_GetPCLK1ClockFreq  stm32f1xx_ll_rcc.o
    0x08006a00   0x08006a00   0x00000028   Code   RO          374    .text.RCC_GetPCLK2ClockFreq  stm32f1xx_ll_rcc.o
    0x08006a28   0x08006a28   0x0000005a   Code   RO          368    .text.RCC_GetSystemClockFreq  stm32f1xx_ll_rcc.o
    0x08006a82   0x08006a82   0x00000002   PAD
    0x08006a84   0x08006a84   0x00000008   Code   RO           57    .text.RCC_IRQHandler  stm32f1xx_it.o
    0x08006a8c   0x08006a8c   0x0000006e   Code   RO          380    .text.RCC_PLL_GetFreqDomain_SYS  stm32f1xx_ll_rcc.o
    0x08006afa   0x08006afa   0x00000002   PAD
    0x08006afc   0x08006afc   0x00000020   Code   RO         3168    .text.RFASKLib_ActivateSites  rfask_lib.o
    0x08006b1c   0x08006b1c   0x0000001c   Code   RO         3162    .text.RFASKLib_CalcXTAL  rfask_lib.o
    0x08006b38   0x08006b38   0x00000014   Code   RO         3160    .text.RFASKLib_Init  rfask_lib.o
    0x08006b4c   0x08006b4c   0x00000008   Code   RO         3172    .text.RFASKLib_ScanYSEL  rfask_lib.o
    0x08006b54   0x08006b54   0x00000020   Code   RO         3170    .text.RFASKLib_SetFreqCurrentPointCmd  rfask_lib.o
    0x08006b74   0x08006b74   0x00000020   Code   RO         3202    .text.RFASKTask_ActivateSites  rfask_task.o
    0x08006b94   0x08006b94   0x000000b2   Code   RO         3230    .text.RFASKTask_BINPass  rfask_task.o
    0x08006c46   0x08006c46   0x00000002   PAD
    0x08006c48   0x08006c48   0x0000001c   Code   RO         3186    .text.RFASKTask_CalcXTAL  rfask_task.o
    0x08006c64   0x08006c64   0x0000001c   Code   RO         3226    .text.RFASKTask_EOTSTART  rfask_task.o
    0x08006c80   0x08006c80   0x0000000a   Code   RO         3228    .text.RFASKTask_EOTSTOP  rfask_task.o
    0x08006c8a   0x08006c8a   0x00000002   PAD
    0x08006c8c   0x08006c8c   0x00000446   Code   RO         3216    .text.RFASKTask_FreqCurrentHandlerTask  rfask_task.o
    0x080070d2   0x080070d2   0x00000002   PAD
    0x080070d4   0x080070d4   0x00000552   Code   RO         3210    .text.RFASKTask_FreqCurrentPointOneTask  rfask_task.o
    0x08007626   0x08007626   0x00000002   PAD
    0x08007628   0x08007628   0x00000552   Code   RO         3214    .text.RFASKTask_FreqCurrentPointTwoTask  rfask_task.o
    0x08007b7a   0x08007b7a   0x00000002   PAD
    0x08007b7c   0x08007b7c   0x000005c0   Code   RO         3212    .text.RFASKTask_FreqCurrentScan  rfask_task.o
    0x0800813c   0x0800813c   0x00000098   Code   RO         3220    .text.RFASKTask_HandlerTask  rfask_task.o
    0x080081d4   0x080081d4   0x00000032   Code   RO         3184    .text.RFASKTask_Init  rfask_task.o
    0x08008206   0x08008206   0x00000002   PAD
    0x08008208   0x08008208   0x00000246   Code   RO         3232    .text.RFASKTask_KeyTask  rfask_task.o
    0x0800844e   0x0800844e   0x00000002   PAD
    0x08008450   0x08008450   0x00000008   Code   RO         3224    .text.RFASKTask_ScanYSEL  rfask_task.o
    0x08008458   0x08008458   0x00000030   Code   RO         3192    .text.RFASKTask_SetClockFreq  rfask_task.o
    0x08008488   0x08008488   0x000000c6   Code   RO         3204    .text.RFASKTask_SitesCurrent  rfask_task.o
    0x0800854e   0x0800854e   0x00000002   PAD
    0x08008550   0x08008550   0x0000008e   Code   RO         3222    .text.RFASKTask_Task  rfask_task.o
    0x080085de   0x080085de   0x00000002   PAD
    0x080085e0   0x080085e0   0x0000048c   Code   RO         3194    .text.RFASKTask_WM8510Task  rfask_task.o
    0x08008a6c   0x08008a6c   0x0000095e   Code   RO         3200    .text.RFASKTask_YSELTask  rfask_task.o
    0x080093ca   0x080093ca   0x00000002   PAD
    0x080093cc   0x080093cc   0x00000068   Code   RO         3132    .text.RFASK_ActivateSites  rfask_cfg.o
    0x08009434   0x08009434   0x00000134   Code   RO         3126    .text.RFASK_CalcXTAL  rfask_cfg.o
    0x08009568   0x08009568   0x000000c8   Code   RO         3116    .text.RFASK_ClkInit  rfask_cfg.o
    0x08009630   0x08009630   0x000000a8   Code   RO         3136    .text.RFASK_GetYSELA  rfask_cfg.o
    0x080096d8   0x080096d8   0x00000080   Code   RO         3140    .text.RFASK_GetYSELB  rfask_cfg.o
    0x08009758   0x08009758   0x0000007e   Code   RO         3142    .text.RFASK_GetYSELC  rfask_cfg.o
    0x080097d6   0x080097d6   0x00000002   PAD
    0x080097d8   0x080097d8   0x00000084   Code   RO         3144    .text.RFASK_GetYSELD  rfask_cfg.o
    0x0800985c   0x0800985c   0x0000001c   Code   RO         3124    .text.RFASK_Init    rfask_cfg.o
    0x08009878   0x08009878   0x00000118   Code   RO         3146    .text.RFASK_ScanYSEL  rfask_cfg.o
    0x08009990   0x08009990   0x0000001e   Code   RO         3134    .text.RFASK_SetFreqCurrentPointCmd  rfask_cfg.o
    0x080099ae   0x080099ae   0x00000002   PAD
    0x080099b0   0x080099b0   0x000001a0   Code   RO         3122    .text.RFASK_StructInit  rfask_cfg.o
    0x08009b50   0x08009b50   0x0000029c   Code   RO         3120    .text.RFASK_YSELInit  rfask_cfg.o
    0x08009dec   0x08009dec   0x00000008   Code   RO         3080    .text.RandomLib_Init  random_lib.o
    0x08009df4   0x08009df4   0x00000008   Code   RO         3098    .text.RandomTask_Init  random_task.o
    0x08009dfc   0x08009dfc   0x00000002   Code   RO         3062    .text.Random_Init   random_cfg.o
    0x08009dfe   0x08009dfe   0x00000002   PAD
    0x08009e00   0x08009e00   0x00000002   Code   RO           67    .text.SVC_Handler   stm32f1xx_it.o
    0x08009e02   0x08009e02   0x00000002   PAD
    0x08009e04   0x08009e04   0x00000008   Code   RO         3549    .text.SysTickLib_1msIncTick  systick_lib.o
    0x08009e0c   0x08009e0c   0x00000014   Code   RO         3539    .text.SysTickLib_FuncTick  systick_lib.o
    0x08009e20   0x08009e20   0x00000008   Code   RO         3543    .text.SysTickLib_GetTick  systick_lib.o
    0x08009e28   0x08009e28   0x00000014   Code   RO         3541    .text.SysTickLib_IRQDecTick  systick_lib.o
    0x08009e3c   0x08009e3c   0x00000008   Code   RO         3545    .text.SysTickLib_IRQTick  systick_lib.o
    0x08009e44   0x08009e44   0x00000008   Code   RO         3535    .text.SysTickLib_Init  systick_lib.o
    0x08009e4c   0x08009e4c   0x00000014   Code   RO         3547    .text.SysTickLib_WaitTick  systick_lib.o
    0x08009e60   0x08009e60   0x00000008   Code   RO         3577    .text.SysTickTask_1msIncTick  systick_task.o
    0x08009e68   0x08009e68   0x00000014   Code   RO         3567    .text.SysTickTask_FuncTick  systick_task.o
    0x08009e7c   0x08009e7c   0x00000008   Code   RO         3571    .text.SysTickTask_GetTick  systick_task.o
    0x08009e84   0x08009e84   0x00000014   Code   RO         3569    .text.SysTickTask_IRQDecTick  systick_task.o
    0x08009e98   0x08009e98   0x00000008   Code   RO         3573    .text.SysTickTask_IRQTick  systick_task.o
    0x08009ea0   0x08009ea0   0x00000008   Code   RO         3563    .text.SysTickTask_Init  systick_task.o
    0x08009ea8   0x08009ea8   0x00000014   Code   RO         3575    .text.SysTickTask_WaitTick  systick_task.o
    0x08009ebc   0x08009ebc   0x00000098   Code   RO         3519    .text.SysTick_1msIncTick  systick_cfg.o
    0x08009f54   0x08009f54   0x00000026   Code   RO         3509    .text.SysTick_FuncTick  systick_cfg.o
    0x08009f7a   0x08009f7a   0x00000002   PAD
    0x08009f7c   0x08009f7c   0x0000000e   Code   RO         3513    .text.SysTick_GetTick  systick_cfg.o
    0x08009f8a   0x08009f8a   0x00000002   PAD
    0x08009f8c   0x08009f8c   0x0000000e   Code   RO           73    .text.SysTick_Handler  stm32f1xx_it.o
    0x08009f9a   0x08009f9a   0x00000002   PAD
    0x08009f9c   0x08009f9c   0x0000006c   Code   RO         3511    .text.SysTick_IRQDecTick  systick_cfg.o
    0x0800a008   0x0800a008   0x0000009a   Code   RO         3515    .text.SysTick_IRQTick  systick_cfg.o
    0x0800a0a2   0x0800a0a2   0x00000002   PAD
    0x0800a0a4   0x0800a0a4   0x00000086   Code   RO         3495    .text.SysTick_Init  systick_cfg.o
    0x0800a12a   0x0800a12a   0x00000002   PAD
    0x0800a12c   0x0800a12c   0x00000014   Code   RO         3491    .text.SysTick_Resume  systick_cfg.o
    0x0800a140   0x0800a140   0x00000024   Code   RO         3493    .text.SysTick_StructInit  systick_cfg.o
    0x0800a164   0x0800a164   0x00000014   Code   RO         3489    .text.SysTick_Suspend  systick_cfg.o
    0x0800a178   0x0800a178   0x000000c6   Code   RO         3517    .text.SysTick_WaitTick  systick_cfg.o
    0x0800a23e   0x0800a23e   0x00000002   PAD
    0x0800a240   0x0800a240   0x000000b4   Code   RO         1207    .text.Sys_Init      main.o
    0x0800a2f4   0x0800a2f4   0x000000b2   Code   RO         1161    .text.SystemClock_Config  main.o
    0x0800a3a6   0x0800a3a6   0x00000002   PAD
    0x0800a3a8   0x0800a3a8   0x00000060   Code   RO          210    .text.SystemInit    system_stm32f1xx.o
    0x0800a408   0x0800a408   0x00000008   Code   RO          109    .text.TIM2_IRQHandler  stm32f1xx_it.o
    0x0800a410   0x0800a410   0x00000008   Code   RO         3664    .text.TimerLib_CalcFreq_Task  timer_lib.o
    0x0800a418   0x0800a418   0x00000020   Code   RO         3670    .text.TimerLib_Clock  timer_lib.o
    0x0800a438   0x0800a438   0x00000008   Code   RO         3666    .text.TimerLib_GetFreqKHz  timer_lib.o
    0x0800a440   0x0800a440   0x00000008   Code   RO         3662    .text.TimerLib_Init  timer_lib.o
    0x0800a448   0x0800a448   0x00000008   Code   RO         3684    .text.TimerTask_CalcFreq_Task  timer_task.o
    0x0800a450   0x0800a450   0x00000020   Code   RO         3690    .text.TimerTask_Clock  timer_task.o
    0x0800a470   0x0800a470   0x00000008   Code   RO         3686    .text.TimerTask_GetFreqKHz  timer_task.o
    0x0800a478   0x0800a478   0x00000008   Code   RO         3682    .text.TimerTask_Init  timer_task.o
    0x0800a480   0x0800a480   0x000000da   Code   RO         3591    .text.Timer_CalcFreqMode_Init  timer_cfg.o
    0x0800a55a   0x0800a55a   0x00000002   PAD
    0x0800a55c   0x0800a55c   0x000000b4   Code   RO         3621    .text.Timer_CalcFreq_Init  timer_cfg.o
    0x0800a610   0x0800a610   0x0000008a   Code   RO         3631    .text.Timer_CalcFreq_Task  timer_cfg.o
    0x0800a69a   0x0800a69a   0x00000002   PAD
    0x0800a69c   0x0800a69c   0x0000028c   Code   RO         3593    .text.Timer_Clock   timer_cfg.o
    0x0800a928   0x0800a928   0x0000000e   Code   RO         3633    .text.Timer_GetFreqKHz  timer_cfg.o
    0x0800a936   0x0800a936   0x00000002   PAD
    0x0800a938   0x0800a938   0x00000008   Code   RO         3637    .text.Timer_Init    timer_cfg.o
    0x0800a940   0x0800a940   0x000000f2   Code   RO           79    .text.USART1_IRQHandler  stm32f1xx_it.o
    0x0800aa32   0x0800aa32   0x00000002   PAD
    0x0800aa34   0x0800aa34   0x00000170   Code   RO         3706    .text.USART1_Init   usart_cfg.o
    0x0800aba4   0x0800aba4   0x0000000e   Code   RO         3708    .text.USART2_Init   usart_cfg.o
    0x0800abb2   0x0800abb2   0x00000002   PAD
    0x0800abb4   0x0800abb4   0x0000000e   Code   RO         3710    .text.USART3_Init   usart_cfg.o
    0x0800abc2   0x0800abc2   0x00000002   PAD
    0x0800abc4   0x0800abc4   0x00000014   Code   RO         3912    .text.USARTLib_CRCTask_Read  usart_lib.o
    0x0800abd8   0x0800abd8   0x00000014   Code   RO         3896    .text.USARTLib_DeviceID  usart_lib.o
    0x0800abec   0x0800abec   0x0000005e   Code   RO         3866    .text.USARTLib_DeviceInit  usart_lib.o
    0x0800ac4a   0x0800ac4a   0x00000002   PAD
    0x0800ac4c   0x0800ac4c   0x00000014   Code   RO         3870    .text.USARTLib_GetReadState  usart_lib.o
    0x0800ac60   0x0800ac60   0x00000020   Code   RO         3892    .text.USARTLib_ITRead_Task  usart_lib.o
    0x0800ac80   0x0800ac80   0x00000014   Code   RO         3900    .text.USARTLib_ITWrite_TCTask  usart_lib.o
    0x0800ac94   0x0800ac94   0x00000014   Code   RO         3898    .text.USARTLib_ITWrite_TXETask  usart_lib.o
    0x0800aca8   0x0800aca8   0x000000aa   Code   RO         3862    .text.USARTLib_Init  usart_lib.o
    0x0800ad52   0x0800ad52   0x00000002   PAD
    0x0800ad54   0x0800ad54   0x00000014   Code   RO         3868    .text.USARTLib_ReadInit  usart_lib.o
    0x0800ad68   0x0800ad68   0x00000020   Code   RO         3902    .text.USARTLib_RealTime_AddByte  usart_lib.o
    0x0800ad88   0x0800ad88   0x00000014   Code   RO         3906    .text.USARTLib_RealTime_AddByteCRC  usart_lib.o
    0x0800ad9c   0x0800ad9c   0x00000020   Code   RO         3904    .text.USARTLib_RealTime_AddByteSize  usart_lib.o
    0x0800adbc   0x0800adbc   0x00000020   Code   RO         3886    .text.USARTLib_TimeOVFTask  usart_lib.o
    0x0800addc   0x0800addc   0x00000014   Code   RO         3974    .text.USARTTask_CRCTask_Read  usart_task.o
    0x0800adf0   0x0800adf0   0x00000014   Code   RO         3986    .text.USARTTask_DeviceID  usart_task.o
    0x0800ae04   0x0800ae04   0x00000014   Code   RO         3942    .text.USARTTask_GetReadState  usart_task.o
    0x0800ae18   0x0800ae18   0x00000020   Code   RO         3956    .text.USARTTask_ITRead_Task  usart_task.o
    0x0800ae38   0x0800ae38   0x00000014   Code   RO         3962    .text.USARTTask_ITWrite_TCTask  usart_task.o
    0x0800ae4c   0x0800ae4c   0x00000014   Code   RO         3960    .text.USARTTask_ITWrite_TXETask  usart_task.o
    0x0800ae60   0x0800ae60   0x000000b0   Code   RO         3934    .text.USARTTask_Init  usart_task.o
    0x0800af10   0x0800af10   0x00000014   Code   RO         3940    .text.USARTTask_ReadInit  usart_task.o
    0x0800af24   0x0800af24   0x00000020   Code   RO         3964    .text.USARTTask_RealTime_AddByte  usart_task.o
    0x0800af44   0x0800af44   0x00000014   Code   RO         3968    .text.USARTTask_RealTime_AddByteCRC  usart_task.o
    0x0800af58   0x0800af58   0x00000020   Code   RO         3966    .text.USARTTask_RealTime_AddByteSize  usart_task.o
    0x0800af78   0x0800af78   0x00000018   Code   RO         3950    .text.USARTTask_TimeOVFTask  usart_task.o
    0x0800af90   0x0800af90   0x00000046   Code   RO         3716    .text.USART_485GPIOInit  usart_cfg.o
    0x0800afd6   0x0800afd6   0x00000002   PAD
    0x0800afd8   0x0800afd8   0x0000030e   Code   RO         3794    .text.USART_CRCTask_Read  usart_cfg.o
    0x0800b2e6   0x0800b2e6   0x00000002   PAD
    0x0800b2e8   0x0800b2e8   0x00000034   Code   RO         3746    .text.USART_ClearOVF  usart_cfg.o
    0x0800b31c   0x0800b31c   0x00000130   Code   RO         3818    .text.USART_Clock   usart_cfg.o
    0x0800b44c   0x0800b44c   0x00000040   Code   RO         3810    .text.USART_DeviceID  usart_cfg.o
    0x0800b48c   0x0800b48c   0x00000060   Code   RO         3830    .text.USART_DeviceInit  usart_cfg.o
    0x0800b4ec   0x0800b4ec   0x0000004a   Code   RO         3712    .text.USART_GPIOInit  usart_cfg.o
    0x0800b536   0x0800b536   0x00000002   PAD
    0x0800b538   0x0800b538   0x00000012   Code   RO         3802    .text.USART_GetReadState  usart_cfg.o
    0x0800b54a   0x0800b54a   0x00000002   PAD
    0x0800b54c   0x0800b54c   0x000001d4   Code   RO         3748    .text.USART_ITRead_16BitsTask  usart_cfg.o
    0x0800b720   0x0800b720   0x00000186   Code   RO         3744    .text.USART_ITRead_8BitsTask  usart_cfg.o
    0x0800b8a6   0x0800b8a6   0x00000002   PAD
    0x0800b8a8   0x0800b8a8   0x00000046   Code   RO         3750    .text.USART_ITRead_Task  usart_cfg.o
    0x0800b8ee   0x0800b8ee   0x00000002   PAD
    0x0800b8f0   0x0800b8f0   0x00000076   Code   RO         3776    .text.USART_ITWrite_TCTask  usart_cfg.o
    0x0800b966   0x0800b966   0x00000002   PAD
    0x0800b968   0x0800b968   0x000000c0   Code   RO         3770    .text.USART_ITWrite_TXETask  usart_cfg.o
    0x0800ba28   0x0800ba28   0x000000f4   Code   RO         3704    .text.USART_Init    usart_cfg.o
    0x0800bb1c   0x0800bb1c   0x00000044   Code   RO         3752    .text.USART_PollMode_WriteByte  usart_cfg.o
    0x0800bb60   0x0800bb60   0x00000132   Code   RO         3738    .text.USART_Printf  usart_cfg.o
    0x0800bc92   0x0800bc92   0x00000002   PAD
    0x0800bc94   0x0800bc94   0x0000004c   Code   RO         3740    .text.USART_ReadInit  usart_cfg.o
    0x0800bce0   0x0800bce0   0x00000090   Code   RO         3780    .text.USART_RealTime_AddByte  usart_cfg.o
    0x0800bd70   0x0800bd70   0x00000126   Code   RO         3788    .text.USART_RealTime_AddByteCRC  usart_cfg.o
    0x0800be96   0x0800be96   0x00000002   PAD
    0x0800be98   0x0800be98   0x00000108   Code   RO         3786    .text.USART_RealTime_AddByteSize  usart_cfg.o
    0x0800bfa0   0x0800bfa0   0x000000c6   Code   RO         3702    .text.USART_StructInit  usart_cfg.o
    0x0800c066   0x0800c066   0x00000002   PAD
    0x0800c068   0x0800c068   0x00000104   Code   RO         3736    .text.USART_TimeOVFTask  usart_cfg.o
    0x0800c16c   0x0800c16c   0x0000005a   Code   RO         3730    .text.USART_TimeTick_Init  usart_cfg.o
    0x0800c1c6   0x0800c1c6   0x00000002   PAD
    0x0800c1c8   0x0800c1c8   0x00000128   Code   RO         3734    .text.USART_TimeTick_OVF  usart_cfg.o
    0x0800c2f0   0x0800c2f0   0x00000050   Code   RO         3742    .text.USART_WriteInit  usart_cfg.o
    0x0800c340   0x0800c340   0x00000004   Code   RO           65    .text.UsageFault_Handler  stm32f1xx_it.o
    0x0800c344   0x0800c344   0x0000002c   Code   RO         4271    .text.WM8510Lib_I2C_Init  wm8510_lib.o
    0x0800c370   0x0800c370   0x00000014   Code   RO         4281    .text.WM8510Lib_I2C_Reset  wm8510_lib.o
    0x0800c384   0x0800c384   0x0000001c   Code   RO         4283    .text.WM8510Lib_I2C_SetFreqHzWithAllFreqReg  wm8510_lib.o
    0x0800c3a0   0x0800c3a0   0x0000002c   Code   RO         4299    .text.WM8510Task_I2C_Init  wm8510_task.o
    0x0800c3cc   0x0800c3cc   0x00000014   Code   RO         4309    .text.WM8510Task_I2C_Reset  wm8510_task.o
    0x0800c3e0   0x0800c3e0   0x0000001c   Code   RO         4311    .text.WM8510Task_I2C_SetFreqHzWithAllFreqReg  wm8510_task.o
    0x0800c3fc   0x0800c3fc   0x00000018   Code   RO         4239    .text.WM8510_Calc_FreqAdd  wm8510_cfg.o
    0x0800c414   0x0800c414   0x000004fc   Code   RO         4241    .text.WM8510_Calc_PllRate  wm8510_cfg.o
    0x0800c910   0x0800c910   0x00000022   Code   RO         4237    .text.WM8510_HWI2C_WriteReg  wm8510_cfg.o
    0x0800c932   0x0800c932   0x00000002   PAD
    0x0800c934   0x0800c934   0x00000050   Code   RO         4221    .text.WM8510_I2C_Device0_Init  wm8510_cfg.o
    0x0800c984   0x0800c984   0x0000000e   Code   RO         4223    .text.WM8510_I2C_Device1_Init  wm8510_cfg.o
    0x0800c992   0x0800c992   0x00000002   PAD
    0x0800c994   0x0800c994   0x0000000e   Code   RO         4225    .text.WM8510_I2C_Device2_Init  wm8510_cfg.o
    0x0800c9a2   0x0800c9a2   0x00000002   PAD
    0x0800c9a4   0x0800c9a4   0x000000d4   Code   RO         4227    .text.WM8510_I2C_Init  wm8510_cfg.o
    0x0800ca78   0x0800ca78   0x00000034   Code   RO         4245    .text.WM8510_I2C_Reset  wm8510_cfg.o
    0x0800caac   0x0800caac   0x0000004e   Code   RO         4229    .text.WM8510_I2C_START  wm8510_cfg.o
    0x0800cafa   0x0800cafa   0x00000002   PAD
    0x0800cafc   0x0800cafc   0x00000044   Code   RO         4231    .text.WM8510_I2C_SendCMD  wm8510_cfg.o
    0x0800cb40   0x0800cb40   0x000000ec   Code   RO         4253    .text.WM8510_I2C_SetFreqHzWithAllFreqReg  wm8510_cfg.o
    0x0800cc2c   0x0800cc2c   0x000000b2   Code   RO         4219    .text.WM8510_I2C_StructInit  wm8510_cfg.o
    0x0800ccde   0x0800ccde   0x00000002   PAD
    0x0800cce0   0x0800cce0   0x000000b6   Code   RO         4235    .text.WM8510_SWI2C_WriteReg  wm8510_cfg.o
    0x0800cd96   0x0800cd96   0x00000002   PAD
    0x0800cd98   0x0800cd98   0x00000010   Code   RO           75    .text.WWDG_IRQHandler  stm32f1xx_it.o
    0x0800cda8   0x0800cda8   0x00000012   Code   RO          126    .text._Error_Handler  stm32_cfg.o
    0x0800cdba   0x0800cdba   0x00000002   PAD
    0x0800cdbc   0x0800cdbc   0x00000004   Code   RO          122    .text._irq_disable  stm32_cfg.o
    0x0800cdc0   0x0800cdc0   0x00000004   Code   RO          124    .text._irq_enable   stm32_cfg.o
    0x0800cdc4   0x0800cdc4   0x000000c0   Code   RO         1209    .text.main          main.o
    0x0800ce84   0x0800ce84   0x0000002c   Code   RO         4420    i.__0vsnprintf      mc_w.l(printfa.o)
    0x0800ceb0   0x0800ceb0   0x0000000e   Code   RO         4506    i.__scatterload_copy  mc_w.l(handlers.o)
    0x0800cebe   0x0800cebe   0x00000002   Code   RO         4507    i.__scatterload_null  mc_w.l(handlers.o)
    0x0800cec0   0x0800cec0   0x0000000e   Code   RO         4508    i.__scatterload_zeroinit  mc_w.l(handlers.o)
    0x0800cece   0x0800cece   0x00000002   PAD
    0x0800ced0   0x0800ced0   0x00000184   Code   RO         4422    i._fp_digits        mc_w.l(printfa.o)
    0x0800d054   0x0800d054   0x000006dc   Code   RO         4423    i._printf_core      mc_w.l(printfa.o)
    0x0800d730   0x0800d730   0x00000024   Code   RO         4424    i._printf_post_padding  mc_w.l(printfa.o)
    0x0800d754   0x0800d754   0x0000002e   Code   RO         4425    i._printf_pre_padding  mc_w.l(printfa.o)
    0x0800d782   0x0800d782   0x00000016   Code   RO         4426    i._snputc           mc_w.l(printfa.o)
    0x0800d798   0x0800d798   0x00000010   Data   RO          215    .rodata.AHBPrescTable  system_stm32f1xx.o
    0x0800d7a8   0x0800d7a8   0x00000008   Data   RO          216    .rodata.APBPrescTable  system_stm32f1xx.o
    0x0800d7b0   0x0800d7b0   0x00000007   Data   RO          111    .rodata.CHANNEL_OFFSET_TAB  stm32f1xx_it.o
    0x0800d7b7   0x0800d7b7   0x00000007   Data   RO          654    .rodata.CHANNEL_OFFSET_TAB  stm32f1xx_ll_dma.o
    0x0800d7be   0x0800d7be   0x00000007   Data   RO         1109    .rodata.CHANNEL_OFFSET_TAB  adc_cfg.o
    0x0800d7c5   0x0800d7c5   0x00000007   Data   RO         3649    .rodata.OFFSET_TAB_CCMRx  timer_cfg.o
    0x0800d7cc   0x0800d7cc   0x00000007   Data   RO         1682    .rodata.SHIFT_TAB_CCxP  decode_cfg.o
    0x0800d7d3   0x0800d7d3   0x00000007   Data   RO         3651    .rodata.SHIFT_TAB_CCxP  timer_cfg.o
    0x0800d7da   0x0800d7da   0x00000007   Data   RO         3650    .rodata.SHIFT_TAB_ICxx  timer_cfg.o
    0x0800d7e1   0x0800d7e1   0x00000001   PAD
    0x0800d7e2   0x0800d7e2   0x00000200   Data   RO         1418    .rodata.crc16Table  crc_cfg.o
    0x0800d9e2   0x0800d9e2   0x00000100   Data   RO         1419    .rodata.crc8Table07  crc_cfg.o
    0x0800dae2   0x0800dae2   0x00000100   Data   RO         1420    .rodata.crc8Table31  crc_cfg.o
    0x0800dbe2   0x0800dbe2   0x0000001a   Data   RO         1211    .rodata.str1.1      main.o
    0x0800dbfc   0x0800dbfc   0x0000001f   Data   RO         3234    .rodata.str1.1      rfask_task.o
    0x0800dc1b   0x0800dc1b   0x00000056   Data   RO         3849    .rodata.str1.1      usart_cfg.o
    0x0800dc71   0x0800dc71   0x00000003   PAD
    0x0800dc74   0x0800dc74   0x00000020   Data   RO         4504    Region$$Table       anon$$obj.o


    Execution Region RW_IRAM1 (Exec base: 0x20000000, Load base: 0x0800dc98, Size: 0x00002d68, Max: 0x00018000, ABSOLUTE)

    Exec Addr    Load Addr    Size         Type   Attr      Idx    E Section Name        Object

    0x20000000   0x0800dc98   0x00000004   Data   RW          214    .data.SystemCoreClock  system_stm32f1xx.o
    0x20000004   0x0800dc9c   0x00000001   Data   RW         1421    .data.g_CRCIsEnable  crc_cfg.o
    0x20000005   0x0800dc9d   0x00000003   PAD
    0x20000008   0x0800dca0   0x00000004   Data   RW         1106    .data.pABChannelADC  adc_cfg.o
    0x2000000c   0x0800dca4   0x00000004   Data   RW         1108    .data.pCDChannelADC  adc_cfg.o
    0x20000010   0x0800dca8   0x00000004   Data   RW         3648    .data.pCalcFreq     timer_cfg.o
    0x20000014   0x0800dcac   0x00000004   Data   RW         3149    .data.pRFASK        rfask_cfg.o
    0x20000018   0x0800dcb0   0x00000004   Data   RW         3524    .data.pSysTick      systick_cfg.o
    0x2000001c   0x0800dcb4   0x00000004   Data   RW         3847    .data.pUSART1       usart_cfg.o
    0x20000020   0x0800dcb8   0x00000004   Data   RW         4260    .data.pWM8510Device0  wm8510_cfg.o
    0x20000024   0x0800dcbc   0x00000004   Data   RW          338    .data.uwTickFreq    stm32f1xx_hal.o
    0x20000028        -       0x00000004   Zero   RW         2779    .bss.LEDWork_Task.ledCount  led_cfg.o
    0x2000002c        -       0x0000070c   Zero   RW         3990    .bss.USART1_RX_BUFFER  usart_task.o
    0x20000738        -       0x0000070c   Zero   RW         3991    .bss.USART1_TX_BUFFER  usart_task.o
    0x20000e44        -       0x00000001   Zero   RW         3851    .bss.USART_ITRead_16BitsTask.tempVal  usart_cfg.o
    0x20000e45        -       0x00000001   Zero   RW         3850    .bss.USART_ITRead_8BitsTask.tempVal  usart_cfg.o
    0x20000e46        -       0x00000004   Zero   RW         1681    .bss.decodeActivateSite  decode_cfg.o
    0x20000e4a        -       0x00000008   Zero   RW         1678    .bss.decodeBitIndex  decode_cfg.o
    0x20000e52   0x0800dcc0   0x00000002   PAD
    0x20000e54        -       0x00000010   Zero   RW         1671    .bss.decodeCaptureCount  decode_cfg.o
    0x20000e64        -       0x00000010   Zero   RW         1673    .bss.decodeFallingPulseCount  decode_cfg.o
    0x20000e74        -       0x00000004   Zero   RW         1676    .bss.decodeIcpMode  decode_cfg.o
    0x20000e78        -       0x00000010   Zero   RW         1670    .bss.decodeMinPulseCount  decode_cfg.o
    0x20000e88        -       0x00000010   Zero   RW         1680    .bss.decodeNowCount  decode_cfg.o
    0x20000e98        -       0x00000010   Zero   RW         1674    .bss.decodeOverFlowCount  decode_cfg.o
    0x20000ea8        -       0x00000010   Zero   RW         1675    .bss.decodeOverFlowCountBKP  decode_cfg.o
    0x20000eb8        -       0x00000010   Zero   RW         1679    .bss.decodePulseWidth  decode_cfg.o
    0x20000ec8        -       0x00000010   Zero   RW         1672    .bss.decodeRisingPulseCount  decode_cfg.o
    0x20000ed8        -       0x00000004   Zero   RW         1677    .bss.decodeStep     decode_cfg.o
    0x20000edc        -       0x0000004e   Zero   RW         1105    .bss.g_ABChannelADC  adc_cfg.o
    0x20000f2a        -       0x0000004e   Zero   RW         1107    .bss.g_CDChannelADC  adc_cfg.o
    0x20000f78        -       0x0000000c   Zero   RW         3647    .bss.g_CalcFreq     timer_cfg.o
    0x20000f84        -       0x00000800   Zero   RW         1977    .bss.g_EepromVal    eeprom_cfg.o
    0x20001784        -       0x00000114   Zero   RW         3148    .bss.g_RFASK        rfask_cfg.o
    0x20001898        -       0x00000014   Zero   RW         3523    .bss.g_SysTick      systick_cfg.o
    0x200018ac        -       0x00000060   Zero   RW         3846    .bss.g_USART1       usart_cfg.o
    0x2000190c        -       0x00000058   Zero   RW         4259    .bss.g_WM8510Device0  wm8510_cfg.o
    0x20001964        -       0x00000400   Zero   RW         3848    .bss.printfBuffer   usart_cfg.o
    0x20001d64        -       0x00000004   Zero   RW          339    .bss.uwTick         stm32f1xx_hal.o
    0x20001d68        -       0x00001000   Zero   RW         1004    STACK               startup_stm32f103xg.o


==============================================================================

Image component sizes


      Code (inc. data)   RO Data    RW Data    ZI Data      Debug   Object Name

      3150          0          7          8        156      15241   adc_cfg.o
        68          0          0          0          0       2043   adc_lib.o
       342          4          0          0          0       3262   adc_task.o
        74          0          0          0          0       4216   bkp_cfg.o
         8          0          0          0          0       1510   bkp_lib.o
         8          0          0          0          0       1524   bkp_task.o
       358          0          0          0          0       4888   complier_lib.o
       636          0       1024          1          0       5048   crc_cfg.o
       144          0          0          0          0       1467   crc_lib.o
       144          0          0          0          0       1481   crc_task.o
       220          0          0          0          0       6299   css_cfg.o
        16          0          0          0          0        781   css_lib.o
        16          0          0          0          0        791   css_task.o
      4934         18          7          0        148      15559   decode_cfg.o
        72          0          0          0          0       1381   decode_lib.o
       120          0          0          0          0       1436   decode_task.o
       146          0          0          0          0       2600   delay_cfg.o
        40          0          0          0          0       1670   delay_lib.o
        40          0          0          0          0       1302   delay_task.o
        28          0          0          0       2048       2770   eeprom_cfg.o
         8          0          0          0          0       1455   eeprom_lib.o
         8          0          0          0          0       1467   eeprom_task.o
        92          0          0          0          0       3372   flash_cfg.o
        44          0          0          0          0       1181   flash_lib.o
        44          0          0          0          0       1435   flash_task.o
       574          0          0          0          0       2564   gpio_cfg.o
        40          0          0          0          0       1169   gpio_lib.o
        40          0          0          0          0       1175   gpio_task.o
       942          0          0          0          0       7117   i2c_cfg.o
       182          0          0          0          0       5457   i2c_lib.o
       132          0          0          0          0       4493   i2c_task.o
        44          0          0          0          0       2903   iwdg_cfg.o
         8          0          0          0          0        821   iwdg_lib.o
         8          0          0          0          0        829   iwdg_task.o
      1604          0          0          0          0       3662   key_cfg.o
       136          0          0          0          0       1605   key_lib.o
       136          0          0          0          0       1625   key_task.o
       332          0          0          0          4       2031   led_cfg.o
         8          0          0          0          0        446   led_lib.o
         8          0          0          0          0        450   led_task.o
      1502          0         26          0          0       8183   main.o
       398          0          0          0          0       1582   power_cfg.o
         8          0          0          0          0        583   power_lib.o
         8          0          0          0          0        589   power_task.o
         2          0          0          0          0       1196   random_cfg.o
         8          0          0          0          0       1063   random_lib.o
         8          0          0          0          0       1073   random_task.o
      2654         22          0          4        276       7032   rfask_cfg.o
       120          0          0          0          0       3076   rfask_lib.o
     10364         96         31          0          0      17870   rfask_task.o
        36          8        304          0       4096        832   startup_stm32f103xg.o
        98          0          0          0          0       8839   stm32_cfg.o
        26          0          0          4          4       6623   stm32f1xx_hal.o
       718          0          7          0          0       5640   stm32f1xx_it.o
       762          0          0          0          0       5557   stm32f1xx_ll_adc.o
       100          0          0          0          0       1663   stm32f1xx_ll_crc.o
      1142          0          7          0          0       4333   stm32f1xx_ll_dma.o
       578          0          0          0          0       4181   stm32f1xx_ll_gpio.o
       492          0          0          0          0       5430   stm32f1xx_ll_rcc.o
      1622          0          0          0          0      10078   stm32f1xx_ll_tim.o
       760          0          0          0          0       4765   stm32f1xx_ll_usart.o
        24          0          0          0          0       6757   stm32f1xx_ll_utils.o
        96          0         24          4          0       2265   system_stm32f1xx.o
      1212          0          0          4         20       8191   systick_cfg.o
        92          0          0          0          0       1826   systick_lib.o
        92          0          0          0          0       1846   systick_task.o
      2278          0         21          4         12       8379   timer_cfg.o
        56          0          0          0          0       1918   timer_lib.o
        56          0          0          0          0       1930   timer_task.o
      6254         10         86          4       1122      24331   usart_cfg.o
       532          0          0          0          0       8600   usart_lib.o
       436          0          0          0       3608       8534   usart_task.o
      2448          0          0          4         88       9657   wm8510_cfg.o
        92          0          0          0          0       3966   wm8510_lib.o
        92          0          0          0          0       4264   wm8510_task.o

    ----------------------------------------------------------------------
     50504        158       1580         40      11584     313178   Object Totals
         0          0         32          0          0          0   (incl. Generated)
       384          0          4          3          2          0   (incl. Padding)

    ----------------------------------------------------------------------

      Code (inc. data)   RO Data    RW Data    ZI Data      Debug   Library Member Name

         0          0          0          0          0          0   entry.o
         0          0          0          0          0          0   entry10a.o
         0          0          0          0          0          0   entry11a.o
         8          4          0          0          0          0   entry2.o
         4          0          0          0          0          0   entry5.o
         0          0          0          0          0          0   entry7b.o
         0          0          0          0          0          0   entry8b.o
         8          4          0          0          0          0   entry9a.o
        30          0          0          0          0          0   handlers.o
        36          8          0          0          0         68   init.o
         0          0          0          0          0          0   iusefp.o
        30          0          0          0          0         68   llshl.o
        36          0          0          0          0         68   llsshr.o
        32          0          0          0          0         68   llushr.o
        36          0          0          0          0        108   memseta.o
      2292         84          0          0          0        516   printfa.o
        44          0          0          0          0         80   uidiv.o
        98          0          0          0          0         92   uldiv.o
        48          0          0          0          0         68   cdrcmple.o
       334          0          0          0          0        148   dadd.o
       222          0          0          0          0        100   ddiv.o
       186          0          0          0          0        176   depilogue.o
        50          0          0          0          0         76   dfixui.o
        48          0          0          0          0         68   dfixul.o
        34          0          0          0          0         76   dflti.o
       228          0          0          0          0         96   dmul.o
       176          0          0          0          0        140   fadd.o
       124          0          0          0          0         88   fdiv.o
       110          0          0          0          0        168   fepilogue.o
        40          0          0          0          0         68   ffixui.o
        18          0          0          0          0         68   fflti.o
        10          0          0          0          0         68   ffltui.o
       100          0          0          0          0         76   fmul.o

    ----------------------------------------------------------------------
      4384        100          0          0          0       2552   Library Totals
         2          0          0          0          0          0   (incl. Padding)

    ----------------------------------------------------------------------

      Code (inc. data)   RO Data    RW Data    ZI Data      Debug   Library Name

      2654        100          0          0          0       1068   mc_w.l
      1728          0          0          0          0       1484   mf_w.l

    ----------------------------------------------------------------------
      4384        100          0          0          0       2552   Library Totals

    ----------------------------------------------------------------------

==============================================================================


      Code (inc. data)   RO Data    RW Data    ZI Data      Debug   

     54888        258       1580         40      11584     313362   Grand Totals
     54888        258       1580         40      11584     313362   ELF Image Totals
     54888        258       1580         40          0          0   ROM Totals

==============================================================================

    Total RO  Size (Code + RO Data)                56468 (  55.14kB)
    Total RW  Size (RW Data + ZI Data)             11624 (  11.35kB)
    Total ROM Size (Code + RO Data + RW Data)      56508 (  55.18kB)

==============================================================================

