Component: ARM Compiler 6.10.1 Tool: armlink [5d142800]

==============================================================================

Section Cross References

    complier_lib.o(.ARM.exidx.text.HexToBcd) refers to complier_lib.o(.text.HexToBcd) for [Anonymous Symbol]
    complier_lib.o(.ARM.exidx.text.HexToASCII) refers to complier_lib.o(.text.HexToASCII) for [Anonymous Symbol]
    complier_lib.o(.ARM.exidx.text.ASCIIToHex) refers to complier_lib.o(.text.ASCIIToHex) for [Anonymous Symbol]
    complier_lib.o(.ARM.exidx.text.BcdToDec) refers to complier_lib.o(.text.BcdToDec) for [Anonymous Symbol]
    complier_lib.o(.ARM.exidx.text.DecToBcd) refers to complier_lib.o(.text.DecToBcd) for [Anonymous Symbol]
    complier_lib.o(.ARM.exidx.text.MyPow) refers to complier_lib.o(.text.MyPow) for [Anonymous Symbol]
    complier_lib.o(.ARM.exidx.text.AscSortFun1) refers to complier_lib.o(.text.AscSortFun1) for [Anonymous Symbol]
    complier_lib.o(.ARM.exidx.text.AscSortFun2) refers to complier_lib.o(.text.AscSortFun2) for [Anonymous Symbol]
    complier_lib.o(.ARM.exidx.text.DescSortFun1) refers to complier_lib.o(.text.DescSortFun1) for [Anonymous Symbol]
    complier_lib.o(.ARM.exidx.text.DescSortFun2) refers to complier_lib.o(.text.DescSortFun2) for [Anonymous Symbol]
    complier_lib.o(.text.CalcAvgFun1) refers to dflti.o(.text) for __aeabi_i2d
    complier_lib.o(.text.CalcAvgFun1) refers to dadd.o(.text) for __aeabi_dadd
    complier_lib.o(.text.CalcAvgFun1) refers to ddiv.o(.text) for __aeabi_ddiv
    complier_lib.o(.text.CalcAvgFun1) refers to dfixui.o(.text) for __aeabi_d2uiz
    complier_lib.o(.ARM.exidx.text.CalcAvgFun1) refers to complier_lib.o(.text.CalcAvgFun1) for [Anonymous Symbol]
    complier_lib.o(.text.CalcAvgFun2) refers to dflti.o(.text) for __aeabi_i2d
    complier_lib.o(.text.CalcAvgFun2) refers to dadd.o(.text) for __aeabi_dadd
    complier_lib.o(.text.CalcAvgFun2) refers to ddiv.o(.text) for __aeabi_ddiv
    complier_lib.o(.text.CalcAvgFun2) refers to dfixui.o(.text) for __aeabi_d2uiz
    complier_lib.o(.ARM.exidx.text.CalcAvgFun2) refers to complier_lib.o(.text.CalcAvgFun2) for [Anonymous Symbol]
    complier_lib.o(.text.CalcAvgFun3) refers to dflti.o(.text) for __aeabi_i2d
    complier_lib.o(.text.CalcAvgFun3) refers to dadd.o(.text) for __aeabi_dadd
    complier_lib.o(.text.CalcAvgFun3) refers to ddiv.o(.text) for __aeabi_ddiv
    complier_lib.o(.text.CalcAvgFun3) refers to dfixui.o(.text) for __aeabi_d2uiz
    complier_lib.o(.ARM.exidx.text.CalcAvgFun3) refers to complier_lib.o(.text.CalcAvgFun3) for [Anonymous Symbol]
    complier_lib.o(.text.CalcAvgFun4) refers to dflti.o(.text) for __aeabi_i2d
    complier_lib.o(.text.CalcAvgFun4) refers to dadd.o(.text) for __aeabi_dadd
    complier_lib.o(.text.CalcAvgFun4) refers to ddiv.o(.text) for __aeabi_ddiv
    complier_lib.o(.text.CalcAvgFun4) refers to dfixui.o(.text) for __aeabi_d2uiz
    complier_lib.o(.ARM.exidx.text.CalcAvgFun4) refers to complier_lib.o(.text.CalcAvgFun4) for [Anonymous Symbol]
    complier_lib.o(.ARM.exidx.text.CompareFun1) refers to complier_lib.o(.text.CompareFun1) for [Anonymous Symbol]
    complier_lib.o(.ARM.exidx.text.CompareFun2) refers to complier_lib.o(.text.CompareFun2) for [Anonymous Symbol]
    complier_lib.o(.ARM.exidx.text.CompareFun3) refers to complier_lib.o(.text.CompareFun3) for [Anonymous Symbol]
    complier_lib.o(.ARM.exidx.text.CompareFun4) refers to complier_lib.o(.text.CompareFun4) for [Anonymous Symbol]
    stm32f1xx_it.o(.text.NMI_Handler) refers to css_task.o(.text.CSSTask_NMI_IRQ) for CSSTask_NMI_IRQ
    stm32f1xx_it.o(.ARM.exidx.text.NMI_Handler) refers to stm32f1xx_it.o(.text.NMI_Handler) for [Anonymous Symbol]
    stm32f1xx_it.o(.text.RCC_IRQHandler) refers to css_task.o(.text.CSSTask_RCC_IRQ) for CSSTask_RCC_IRQ
    stm32f1xx_it.o(.ARM.exidx.text.RCC_IRQHandler) refers to stm32f1xx_it.o(.text.RCC_IRQHandler) for [Anonymous Symbol]
    stm32f1xx_it.o(.ARM.exidx.text.HardFault_Handler) refers to stm32f1xx_it.o(.text.HardFault_Handler) for [Anonymous Symbol]
    stm32f1xx_it.o(.ARM.exidx.text.MemManage_Handler) refers to stm32f1xx_it.o(.text.MemManage_Handler) for [Anonymous Symbol]
    stm32f1xx_it.o(.ARM.exidx.text.BusFault_Handler) refers to stm32f1xx_it.o(.text.BusFault_Handler) for [Anonymous Symbol]
    stm32f1xx_it.o(.ARM.exidx.text.UsageFault_Handler) refers to stm32f1xx_it.o(.text.UsageFault_Handler) for [Anonymous Symbol]
    stm32f1xx_it.o(.ARM.exidx.text.SVC_Handler) refers to stm32f1xx_it.o(.text.SVC_Handler) for [Anonymous Symbol]
    stm32f1xx_it.o(.ARM.exidx.text.DebugMon_Handler) refers to stm32f1xx_it.o(.text.DebugMon_Handler) for [Anonymous Symbol]
    stm32f1xx_it.o(.ARM.exidx.text.PendSV_Handler) refers to stm32f1xx_it.o(.text.PendSV_Handler) for [Anonymous Symbol]
    stm32f1xx_it.o(.text.SysTick_Handler) refers to systick_task.o(.text.SysTickTask_IRQTick) for SysTickTask_IRQTick
[...]
    uwTick                                   0x20001d64   Data           4  stm32f1xx_hal.o(.bss.uwTick)
    __initial_sp                             0x20002d68   Data           0  startup_stm32f103xg.o(STACK)



==============================================================================

Memory Map of the image

  Image Entry point : 0x08000131

  Load Region LR_IROM1 (Base: 0x08000000, Size: 0x0000dcf8, Max: 0x00100000, ABSOLUTE)

    Execution Region ER_IROM1 (Exec base: 0x08000000, Load base: 0x08000000, Size: 0x0000dcd0, Max: 0x00100000, ABSOLUTE)

    Exec Addr    Load Addr    Size         Type   Attr      Idx    E Section Name        Object

    0x08000000   0x08000000   0x00000130   Data   RO         1010    RESET               startup_stm32f103xg.o
    0x08000130   0x08000130   0x00000000   Code   RO         4424  * .ARM.Collect$$$$00000000  mc_w.l(entry.o)
    0x08000130   0x08000130   0x00000004   Code   RO         4482    .ARM.Collect$$$$00000001  mc_w.l(entry2.o)
    0x08000134   0x08000134   0x00000004   Code   RO         4485    .ARM.Collect$$$$00000004  mc_w.l(entry5.o)
    0x08000138   0x08000138   0x00000000   Code   RO         4487    .ARM.Collect$$$$00000008  mc_w.l(entry7b.o)
    0x08000138   0x08000138   0x00000000   Code   RO         4489    .ARM.Collect$$$$0000000A  mc_w.l(entry8b.o)
    0x08000138   0x08000138   0x00000008   Code   RO         4490    .ARM.Collect$$$$0000000B  mc_w.l(entry9a.o)
    0x08000140   0x08000140   0x00000000   Code   RO         4492    .ARM.Collect$$$$0000000D  mc_w.l(entry10a.o)
    0x08000140   0x08000140   0x00000000   Code   RO         4494    .ARM.Collect$$$$0000000F  mc_w.l(entry11a.o)
    0x08000140   0x08000140   0x00000004   Code   RO         4483    .ARM.Collect$$$$00002712  mc_w.l(entry2.o)
    0x08000144   0x08000144   0x00000024   Code   RO         1011    .text               startup_stm32f103xg.o
    0x08000168   0x08000168   0x00000062   Code   RO         4427    .text               mc_w.l(uldiv.o)
    0x080001ca   0x080001ca   0x00000024   Code   RO         4432    .text               mc_w.l(memseta.o)
    0x080001ee   0x080001ee   0x000000b0   Code   RO         4462    .text               mf_w.l(fadd.o)
    0x0800029e   0x0800029e   0x00000064   Code   RO         4464    .text               mf_w.l(fmul.o)
    0x08000302   0x08000302   0x0000007c   Code   RO         4466    .text               mf_w.l(fdiv.o)
    0x0800037e   0x0800037e   0x0000014e   Code   RO         4468    .text               mf_w.l(dadd.o)
    0x080004cc   0x080004cc   0x000000de   Code   RO         4470    .text               mf_w.l(ddiv.o)
    0x080005aa   0x080005aa   0x00000012   Code   RO         4472    .text               mf_w.l(fflti.o)
    0x080005bc   0x080005bc   0x0000000a   Code   RO         4474    .text               mf_w.l(ffltui.o)
    0x080005c6   0x080005c6   0x00000022   Code   RO         4476    .text               mf_w.l(dflti.o)
    0x080005e8   0x080005e8   0x00000028   Code   RO         4478    .text               mf_w.l(ffixui.o)
    0x08000610   0x08000610   0x00000032   Code   RO         4480    .text               mf_w.l(dfixui.o)
    0x08000642   0x08000642   0x0000002c   Code   RO         4501    .text               mc_w.l(uidiv.o)
    0x0800066e   0x0800066e   0x0000001e   Code   RO         4503    .text               mc_w.l(llshl.o)
    0x0800068c   0x0800068c   0x00000020   Code   RO         4505    .text               mc_w.l(llushr.o)
    0x080006ac   0x080006ac   0x00000024   Code   RO         4507    .text               mc_w.l(llsshr.o)
    0x080006d0   0x080006d0   0x00000000   Code   RO         4509    .text               mc_w.l(iusefp.o)
    0x080006d0   0x080006d0   0x0000006e   Code   RO         4510    .text               mf_w.l(fepilogue.o)
    0x0800073e   0x0800073e   0x000000ba   Code   RO         4512    .text               mf_w.l(depilogue.o)
    0x080007f8   0x080007f8   0x000000e4   Code   RO         4514    .text               mf_w.l(dmul.o)
    0x080008dc   0x080008dc   0x00000030   Code   RO         4516    .text               mf_w.l(dfixul.o)
    0x0800090c   0x0800090c   0x00000030   Code   RO         4518    .text               mf_w.l(cdrcmple.o)
    0x0800093c   0x0800093c   0x00000024   Code   RO         4520    .text               mc_w.l(init.o)
    0x08000960   0x08000960   0x00000014   Code   RO         1126    .text.ADCLib_ADCTask_START  adc_lib.o
    0x08000974   0x08000974   0x00000014   Code   RO         1128    .text.ADCLib_ADCTask_STOP  adc_lib.o
    0x08000988   0x08000988   0x00000008   Code   RO         1124    .text.ADCLib_ADC_Init  adc_lib.o
    0x08000990   0x08000990   0x00000014   Code   RO         1130    .text.ADCLib_HandleChannelVal  adc_lib.o
    0x080009a4   0x080009a4   0x00000014   Code   RO         1146    .text.ADCTask_ADCTask_STOP  adc_task.o
    0x080009b8   0x080009b8   0x00000008   Code   RO         1142    .text.ADCTask_ADC_Init  adc_task.o
    0x080009c0   0x080009c0   0x0000013a   Code   RO         1150    .text.ADCTask_RFASKTask_GetADC  adc_task.o
    0x08000afa   0x08000afa   0x00000002   PAD
    0x08000afc   0x08000afc   0x0000001a   Code   RO         1095    .text.ADC_ADC1Task_Init  adc_cfg.o
    0x08000b16   0x08000b16   0x00000002   PAD
    0x08000b18   0x08000b18   0x000000ac   Code   RO         1045    .text.ADC_ADC1_DMA_Init  adc_cfg.o
    0x08000bc4   0x08000bc4   0x0000004c   Code   RO         1061    .text.ADC_ADC1_DMA_Restart  adc_cfg.o
    0x08000c10   0x08000c10   0x00000036   Code   RO         1067    .text.ADC_ADC1_DMA_Stop  adc_cfg.o
    0x08000c46   0x08000c46   0x00000002   PAD
    0x08000c48   0x08000c48   0x000000e6   Code   RO         1029    .text.ADC_ADC1_Init  adc_cfg.o
    0x08000d2e   0x08000d2e   0x00000002   PAD
    0x08000d30   0x08000d30   0x0000001a   Code   RO         1097    .text.ADC_ADC3Task_Init  adc_cfg.o
    0x08000d4a   0x08000d4a   0x00000002   PAD
    0x08000d4c   0x08000d4c   0x000000ae   Code   RO         1081    .text.ADC_ADC3_DMA_Init  adc_cfg.o
    0x08000dfa   0x08000dfa   0x00000002   PAD
    0x08000dfc   0x08000dfc   0x0000004c   Code   RO         1083    .text.ADC_ADC3_DMA_Restart  adc_cfg.o
    0x08000e48   0x08000e48   0x00000038   Code   RO         1085    .text.ADC_ADC3_DMA_Stop  adc_cfg.o
    0x08000e80   0x08000e80   0x000000ee   Code   RO         1079    .text.ADC_ADC3_Init  adc_cfg.o
    0x08000f6e   0x08000f6e   0x00000002   PAD
    0x08000f70   0x08000f70   0x0000001a   Code   RO         1099    .text.ADC_ADCTask_Init  adc_cfg.o
    0x08000f8a   0x08000f8a   0x00000002   PAD
    0x08000f8c   0x08000f8c   0x00000082   Code   RO         1103    .text.ADC_ADCTask_START  adc_cfg.o
    0x0800100e   0x0800100e   0x00000002   PAD
    0x08001010   0x08001010   0x00000086   Code   RO         1105    .text.ADC_ADCTask_STOP  adc_cfg.o
    0x08001096   0x08001096   0x00000002   PAD
    0x08001098   0x08001098   0x00000012   Code   RO         1101    .text.ADC_ADC_Init  adc_cfg.o
    0x080010aa   0x080010aa   0x00000002   PAD
    0x080010ac   0x080010ac   0x000000c2   Code   RO         1023    .text.ADC_Clock     adc_cfg.o
    0x0800116e   0x0800116e   0x00000002   PAD
    0x08001170   0x08001170   0x00000042   Code   RO         1021    .text.ADC_GPIO_Init  adc_cfg.o
    0x080011b2   0x080011b2   0x00000002   PAD
    0x080011b4   0x080011b4   0x000000d0   Code   RO         1107    .text.ADC_HandleChannelVal  adc_cfg.o
    0x08001284   0x08001284   0x00000050   Code   RO         1065    .text.ADC_SoftStart  adc_cfg.o
    0x080012d4   0x080012d4   0x0000005a   Code   RO         1039    .text.ADC_StartCalibration  adc_cfg.o
    0x0800132e   0x0800132e   0x00000002   PAD
    0x08001330   0x08001330   0x00000004   Code   RO           67    .text.BusFault_Handler  stm32f1xx_it.o
    0x08001334   0x08001334   0x0000001c   Code   RO         1442    .text.CRCLib_CRC16  crc_lib.o
    0x08001350   0x08001350   0x0000001c   Code   RO         1440    .text.CRCLib_CRC32  crc_lib.o
    0x0800136c   0x0800136c   0x0000002c   Code   RO         1444    .text.CRCLib_CRC8   crc_lib.o
    0x08001398   0x08001398   0x0000001c   Code   RO         1446    .text.CRCLib_CheckSum  crc_lib.o
    0x080013b4   0x080013b4   0x00000008   Code   RO         1438    .text.CRCLib_Enable  crc_lib.o
    0x080013bc   0x080013bc   0x00000008   Code   RO         1436    .text.CRCLib_Init   crc_lib.o
    0x080013c4   0x080013c4   0x0000001c   Code   RO         1464    .text.CRCTask_CRC16  crc_task.o
    0x080013e0   0x080013e0   0x0000001c   Code   RO         1462    .text.CRCTask_CRC32  crc_task.o
    0x080013fc   0x080013fc   0x0000002c   Code   RO         1466    .text.CRCTask_CRC8  crc_task.o
    0x08001428   0x08001428   0x0000001c   Code   RO         1468    .text.CRCTask_CheckSum  crc_task.o
    0x08001444   0x08001444   0x00000008   Code   RO         1460    .text.CRCTask_Enable  crc_task.o
    0x0800144c   0x0800144c   0x00000008   Code   RO         1458    .text.CRCTask_Init  crc_task.o
    0x08001454   0x08001454   0x00000060   Code   RO         1416    .text.CRC_CRC16_Table  crc_cfg.o
    0x080014b4   0x080014b4   0x0000001c   Code   RO         1414    .text.CRC_CRC32_CRC  crc_cfg.o
    0x080014d0   0x080014d0   0x0000005c   Code   RO         1406    .text.CRC_CRC32_HWCRC  crc_cfg.o
    0x0800152c   0x0800152c   0x00000010   Code   RO         1402    .text.CRC_CRC32_HWReSet  crc_cfg.o
    0x0800153c   0x0800153c   0x00000092   Code   RO         1418    .text.CRC_CRC8_Table  crc_cfg.o
    0x080015ce   0x080015ce   0x00000002   PAD
    0x080015d0   0x080015d0   0x00000052   Code   RO         1420    .text.CRC_CheckSum  crc_cfg.o
    0x08001622   0x08001622   0x00000002   PAD
    0x08001624   0x08001624   0x00000024   Code   RO         1396    .text.CRC_DeInit    crc_cfg.o
    0x08001648   0x08001648   0x0000000c   Code   RO         1400    .text.CRC_Enable    crc_cfg.o
    0x08001654   0x08001654   0x0000001e   Code   RO         1394    .text.CRC_Init      crc_cfg.o
    0x08001672   0x08001672   0x00000002   PAD
    0x08001674   0x08001674   0x00000008   Code   RO         1532    .text.CSSLib_NMI_IRQ  css_lib.o
    0x0800167c   0x0800167c   0x00000008   Code   RO         1534    .text.CSSLib_RCC_IRQ  css_lib.o
    0x08001684   0x08001684   0x00000008   Code   RO         1550    .text.CSSTask_NMI_IRQ  css_task.o
    0x0800168c   0x0800168c   0x00000008   Code   RO         1552    .text.CSSTask_RCC_IRQ  css_task.o
    0x08001694   0x08001694   0x0000001c   Code   RO         1498    .text.CSS_NMI_IRQ   css_cfg.o
    0x080016b0   0x080016b0   0x00000020   Code   RO         1508    .text.CSS_RCC_IRQ   css_cfg.o
    0x080016d0   0x080016d0   0x000000aa   Code   RO           33    .text.CalcAvgFun1   complier_lib.o
    0x0800177a   0x0800177a   0x00000002   PAD
    0x0800177c   0x0800177c   0x0000003a   Code   RO          103    .text.DMA1_Channel1_IRQHandler  stm32f1xx_it.o
    0x080017b6   0x080017b6   0x00000002   PAD
    0x080017b8   0x080017b8   0x0000003e   Code   RO          109    .text.DMA2_Channel4_5_IRQHandler  stm32f1xx_it.o
    0x080017f6   0x080017f6   0x00000002   PAD
    0x080017f8   0x080017f8   0x00000002   Code   RO           73    .text.DebugMon_Handler  stm32f1xx_it.o
    0x080017fa   0x080017fa   0x00000002   PAD
    0x080017fc   0x080017fc   0x00000018   Code   RO         1705    .text.DecodeLib_ActivateSites  decode_lib.o
    0x08001814   0x08001814   0x00000008   Code   RO         1707    .text.DecodeLib_ClearActivateSites  decode_lib.o
    0x0800181c   0x0800181c   0x00000008   Code   RO         1715    .text.DecodeLib_IRQTask  decode_lib.o
    0x08001824   0x08001824   0x00000008   Code   RO         1703    .text.DecodeLib_Init  decode_lib.o
    0x0800182c   0x0800182c   0x00000008   Code   RO         1717    .text.DecodeLib_Quency  decode_lib.o
    0x08001834   0x08001834   0x00000008   Code   RO         1709    .text.DecodeLib_START  decode_lib.o
    0x0800183c   0x0800183c   0x00000008   Code   RO         1711    .text.DecodeLib_STOP  decode_lib.o
    0x08001844   0x08001844   0x00000008   Code   RO         1713    .text.DecodeLib_ScanRST  decode_lib.o
    0x0800184c   0x0800184c   0x00000018   Code   RO         1731    .text.DecodeTask_ActivateSites  decode_task.o
    0x08001864   0x08001864   0x00000008   Code   RO         1733    .text.DecodeTask_ClearActivateSites  decode_task.o
    0x0800186c   0x0800186c   0x00000008   Code   RO         1741    .text.DecodeTask_IRQTask  decode_task.o
    0x08001874   0x08001874   0x00000008   Code   RO         1729    .text.DecodeTask_Init  decode_task.o
    0x0800187c   0x0800187c   0x00000008   Code   RO         1745    .text.DecodeTask_Query  decode_task.o
    0x08001884   0x08001884   0x0000001c   Code   RO         1743    .text.DecodeTask_QueryInit  decode_task.o
    0x080018a0   0x080018a0   0x00000008   Code   RO         1735    .text.DecodeTask_START  decode_task.o
    0x080018a8   0x080018a8   0x00000008   Code   RO         1737    .text.DecodeTask_STOP  decode_task.o
    0x080018b0   0x080018b0   0x00000008   Code   RO         1739    .text.DecodeTask_ScanRST  decode_task.o
    0x080018b8   0x080018b8   0x00000068   Code   RO         1608    .text.Decode_ActivateSites  decode_cfg.o
    0x08001920   0x08001920   0x00000024   Code   RO         1674    .text.Decode_AddBit  decode_cfg.o
    0x08001944   0x08001944   0x0000008e   Code   RO         1630    .text.Decode_CalcHighPulseWidth  decode_cfg.o
    0x080019d2   0x080019d2   0x00000002   PAD
    0x080019d4   0x080019d4   0x0000008e   Code   RO         1632    .text.Decode_CalcLowPulseWidth  decode_cfg.o
    0x08001a62   0x08001a62   0x00000002   PAD
    0x08001a64   0x08001a64   0x000000b4   Code   RO         1634    .text.Decode_CaptureHandler  decode_cfg.o
    0x08001b18   0x08001b18   0x00000050   Code   RO         1610    .text.Decode_ClearActivateSites  decode_cfg.o
    0x08001b68   0x08001b68   0x000000c6   Code   RO         1572    .text.Decode_DecodeCHInit  decode_cfg.o
    0x08001c2e   0x08001c2e   0x00000002   PAD
    0x08001c30   0x08001c30   0x00000100   Code   RO         1628    .text.Decode_DecodeLED  decode_cfg.o
    0x08001d30   0x08001d30   0x000000d0   Code   RO         1564    .text.Decode_DecodeLEDInit  decode_cfg.o
    0x08001e00   0x08001e00   0x000000cc   Code   RO         1574    .text.Decode_DecodePassInit  decode_cfg.o
    0x08001ecc   0x08001ecc   0x000000d6   Code   RO         1568    .text.Decode_DecodeRSTInit  decode_cfg.o
    0x08001fa2   0x08001fa2   0x00000002   PAD
    0x08001fa4   0x08001fa4   0x00000136   Code   RO         1576    .text.Decode_DecodeTimerInit  decode_cfg.o
    0x080020da   0x080020da   0x00000002   PAD
    0x080020dc   0x080020dc   0x000000a8   Code   RO         1620    .text.Decode_GetRST  decode_cfg.o
    0x08002184   0x08002184   0x000001aa   Code   RO         1640    .text.Decode_IRQTask  decode_cfg.o
    0x0800232e   0x0800232e   0x00000002   PAD
    0x08002330   0x08002330   0x00000018   Code   RO         1606    .text.Decode_Init   decode_cfg.o
    0x08002348   0x08002348   0x000003c6   Code   RO         1676    .text.Decode_Query  decode_cfg.o
    0x0800270e   0x0800270e   0x00000002   PAD
    0x08002710   0x08002710   0x00000058   Code   RO         1614    .text.Decode_START  decode_cfg.o
    0x08002768   0x08002768   0x0000000c   Code   RO         1612    .text.Decode_STOP   decode_cfg.o
    0x08002774   0x08002774   0x0000002e   Code   RO         1624    .text.Decode_ScanRST  decode_cfg.o
    0x080027a2   0x080027a2   0x00000002   PAD
    0x080027a4   0x080027a4   0x00000064   Code   RO         1670    .text.Decode_SetPolarityRising  decode_cfg.o
    0x08002808   0x08002808   0x00000014   Code   RO         1787    .text.DelayLib_ms   delay_lib.o
    0x0800281c   0x0800281c   0x00000014   Code   RO         1791    .text.DelayNLib_us  delay_lib.o
    0x08002830   0x08002830   0x00000036   Code   RO         1763    .text.DelayN_ms     delay_cfg.o
    0x08002866   0x08002866   0x00000002   PAD
    0x08002868   0x08002868   0x00000028   Code   RO         1759    .text.DelayN_us     delay_cfg.o
    0x08002890   0x08002890   0x00000014   Code   RO         1815    .text.DelayTask_ms  delay_task.o
    0x080028a4   0x080028a4   0x00000014   Code   RO         1813    .text.DelayTask_us  delay_task.o
    0x080028b8   0x080028b8   0x00000034   Code   RO         1761    .text.Delay_ms      delay_cfg.o
    0x080028ec   0x080028ec   0x000000bc   Code   RO           31    .text.DescSortFun2  complier_lib.o
    0x080029a8   0x080029a8   0x00000008   Code   RO         2004    .text.EEPROMLib_Init  eeprom_lib.o
    0x080029b0   0x080029b0   0x00000008   Code   RO         2024    .text.EEPROMTask_Init  eeprom_task.o
    0x080029b8   0x080029b8   0x0000001c   Code   RO         1983    .text.EEPROM_Init   eeprom_cfg.o
    0x080029d4   0x080029d4   0x0000002c   Code   RO         2071    .text.FLASHLib_ReadHalfWord  flash_lib.o
    0x08002a00   0x08002a00   0x0000002c   Code   RO         2087    .text.FLASHTask_ReadHalfWord  flash_task.o
    0x08002a2c   0x08002a2c   0x0000005c   Code   RO         2044    .text.FLASH_ReadHalfWord  flash_cfg.o
    0x08002a88   0x08002a88   0x00000020   Code   RO         2129    .text.GPIOLib_Clock  gpio_lib.o
    0x08002aa8   0x08002aa8   0x00000008   Code   RO         2131    .text.GPIOLib_Init  gpio_lib.o
    0x08002ab0   0x08002ab0   0x00000020   Code   RO         2143    .text.GPIOTask_Clock  gpio_task.o
    0x08002ad0   0x08002ad0   0x00000008   Code   RO         2145    .text.GPIOTask_Init  gpio_task.o
    0x08002ad8   0x08002ad8   0x0000014e   Code   RO         2107    .text.GPIO_Clock    gpio_cfg.o
    0x08002c26   0x08002c26   0x00000002   PAD
    0x08002c28   0x08002c28   0x0000007a   Code   RO         2113    .text.GPIO_Init     gpio_cfg.o
    0x08002ca2   0x08002ca2   0x00000002   PAD
    0x08002ca4   0x08002ca4   0x0000001a   Code   RO          305    .text.HAL_IncTick   stm32f1xx_hal.o
    0x08002cbe   0x08002cbe   0x00000002   PAD
    0x08002cc0   0x08002cc0   0x00000004   Code   RO           63    .text.HardFault_Handler  stm32f1xx_it.o
    0x08002cc4   0x08002cc4   0x0000001c   Code   RO         2210    .text.I2CLib_MSW_Init  i2c_lib.o
    0x08002ce0   0x08002ce0   0x00000014   Code   RO         2222    .text.I2CLib_MSW_ReadACK  i2c_lib.o
    0x08002cf4   0x08002cf4   0x00000052   Code   RO         2214    .text.I2CLib_MSW_START  i2c_lib.o
    0x08002d46   0x08002d46   0x00000002   PAD
    0x08002d48   0x08002d48   0x00000014   Code   RO         2216    .text.I2CLib_MSW_STOP  i2c_lib.o
    0x08002d5c   0x08002d5c   0x00000020   Code   RO         2228    .text.I2CLib_MSW_SendByte  i2c_lib.o
    0x08002d7c   0x08002d7c   0x0000001c   Code   RO         2256    .text.I2CTask_MSW_Init  i2c_task.o
    0x08002d98   0x08002d98   0x00000014   Code   RO         2264    .text.I2CTask_MSW_ReadACK  i2c_task.o
    0x08002dac   0x08002dac   0x00000020   Code   RO         2260    .text.I2CTask_MSW_START  i2c_task.o
    0x08002dcc   0x08002dcc   0x00000014   Code   RO         2262    .text.I2CTask_MSW_STOP  i2c_task.o
    0x08002de0   0x08002de0   0x00000020   Code   RO         2268    .text.I2CTask_MSW_SendByte  i2c_task.o
    0x08002e00   0x08002e00   0x000000ac   Code   RO         2160    .text.I2C_MSW_Init  i2c_cfg.o
    0x08002eac   0x08002eac   0x0000007c   Code   RO         2178    .text.I2C_MSW_ReadACK  i2c_cfg.o
    0x08002f28   0x08002f28   0x000000a2   Code   RO         2166    .text.I2C_MSW_START  i2c_cfg.o
    0x08002fca   0x08002fca   0x00000002   PAD
    0x08002fcc   0x08002fcc   0x00000092   Code   RO         2172    .text.I2C_MSW_STOP  i2c_cfg.o
    0x0800305e   0x0800305e   0x00000002   PAD
    0x08003060   0x08003060   0x00000090   Code   RO         2184    .text.I2C_MSW_SendBit  i2c_cfg.o
    0x080030f0   0x080030f0   0x00000064   Code   RO         2186    .text.I2C_MSW_SendByte  i2c_cfg.o
    0x08003154   0x08003154   0x0000005a   Code   RO          769    .text.IC1Config     stm32f1xx_ll_tim.o
    0x080031ae   0x080031ae   0x00000002   PAD
    0x080031b0   0x080031b0   0x0000005c   Code   RO          771    .text.IC2Config     stm32f1xx_ll_tim.o
    0x0800320c   0x0800320c   0x0000005c   Code   RO          773    .text.IC3Config     stm32f1xx_ll_tim.o
    0x08003268   0x08003268   0x0000005c   Code   RO          775    .text.IC4Config     stm32f1xx_ll_tim.o
    0x080032c4   0x080032c4   0x00000008   Code   RO         2579    .text.IWDGLib_Reset  iwdg_lib.o
    0x080032cc   0x080032cc   0x00000008   Code   RO         2595    .text.IWDGTask_Reset  iwdg_task.o
    0x080032d4   0x080032d4   0x00000012   Code   RO         2563    .text.IWDG_Reset    iwdg_cfg.o
    0x080032e6   0x080032e6   0x00000002   PAD
    0x080032e8   0x080032e8   0x00000018   Code   RO         2657    .text.KeyLib_BINAPass  key_lib.o
    0x08003300   0x08003300   0x00000018   Code   RO         2659    .text.KeyLib_BINBPass  key_lib.o
    0x08003318   0x08003318   0x00000018   Code   RO         2661    .text.KeyLib_BINCPass  key_lib.o
    0x08003330   0x08003330   0x00000018   Code   RO         2663    .text.KeyLib_BINDPass  key_lib.o
    0x08003348   0x08003348   0x00000008   Code   RO         2653    .text.KeyLib_EOTSTART  key_lib.o
    0x08003350   0x08003350   0x00000008   Code   RO         2655    .text.KeyLib_EOTSTOP  key_lib.o
    0x08003358   0x08003358   0x00000008   Code   RO         2647    .text.KeyLib_Init   key_lib.o
    0x08003360   0x08003360   0x00000008   Code   RO         2651    .text.KeyLib_ScanSOT  key_lib.o
    0x08003368   0x08003368   0x00000018   Code   RO         2685    .text.KeyTask_BINAPass  key_task.o
    0x08003380   0x08003380   0x00000018   Code   RO         2687    .text.KeyTask_BINBPass  key_task.o
    0x08003398   0x08003398   0x00000018   Code   RO         2689    .text.KeyTask_BINCPass  key_task.o
    0x080033b0   0x080033b0   0x00000018   Code   RO         2691    .text.KeyTask_BINDPass  key_task.o
    0x080033c8   0x080033c8   0x00000008   Code   RO         2681    .text.KeyTask_EOTSTART  key_task.o
    0x080033d0   0x080033d0   0x00000008   Code   RO         2683    .text.KeyTask_EOTSTOP  key_task.o
    0x080033d8   0x080033d8   0x00000008   Code   RO         2675    .text.KeyTask_Init  key_task.o
    0x080033e0   0x080033e0   0x00000008   Code   RO         2679    .text.KeyTask_ScanSOT  key_task.o
    0x080033e8   0x080033e8   0x00000042   Code   RO         2629    .text.Key_BINAPass  key_cfg.o
    0x0800342a   0x0800342a   0x00000002   PAD
    0x0800342c   0x0800342c   0x0000003e   Code   RO         2631    .text.Key_BINBPass  key_cfg.o
    0x0800346a   0x0800346a   0x00000002   PAD
    0x0800346c   0x0800346c   0x0000003e   Code   RO         2633    .text.Key_BINCPass  key_cfg.o
    0x080034aa   0x080034aa   0x00000002   PAD
    0x080034ac   0x080034ac   0x00000042   Code   RO         2635    .text.Key_BINDPass  key_cfg.o
    0x080034ee   0x080034ee   0x00000002   PAD
    0x080034f0   0x080034f0   0x000000cc   Code   RO         2607    .text.Key_BINInit   key_cfg.o
    0x080035bc   0x080035bc   0x000000cc   Code   RO         2613    .text.Key_EOTInit   key_cfg.o
    0x08003688   0x08003688   0x00000074   Code   RO         2623    .text.Key_EOTSTART  key_cfg.o
    0x080036fc   0x080036fc   0x00000042   Code   RO         2625    .text.Key_EOTSTOP   key_cfg.o
    0x0800373e   0x0800373e   0x00000002   PAD
    0x08003740   0x08003740   0x000000a6   Code   RO         2617    .text.Key_GetSOT    key_cfg.o
    0x080037e6   0x080037e6   0x00000002   PAD
    0x080037e8   0x080037e8   0x00000010   Code   RO         2615    .text.Key_Init      key_cfg.o
    0x080037f8   0x080037f8   0x000000cc   Code   RO         2611    .text.Key_SOTInit   key_cfg.o
    0x080038c4   0x080038c4   0x0000002e   Code   RO         2621    .text.Key_ScanSOT   key_cfg.o
    0x080038f2   0x080038f2   0x00000002   PAD
    0x080038f4   0x080038f4   0x0000005c   Code   RO         2789    .text.LEDDebug_Init  led_cfg.o
    0x08003950   0x08003950   0x00000008   Code   RO         2804    .text.LEDLib_Init   led_lib.o
    0x08003958   0x08003958   0x00000008   Code   RO         2816    .text.LEDTask_Init  led_task.o
    0x08003960   0x08003960   0x0000006a   Code   RO         2781    .text.LEDWork_Init  led_cfg.o
    0x080039ca   0x080039ca   0x00000002   PAD
    0x080039cc   0x080039cc   0x0000003c   Code   RO         2785    .text.LEDWork_Task  led_cfg.o
    0x08003a08   0x08003a08   0x0000000c   Code   RO         2791    .text.LED_Init      led_cfg.o
    0x08003a14   0x08003a14   0x0000009e   Code   RO          675    .text.LL_ADC_CommonInit  stm32f1xx_ll_adc.o
    0x08003ab2   0x08003ab2   0x00000002   PAD
    0x08003ab4   0x08003ab4   0x000000e0   Code   RO          681    .text.LL_ADC_DeInit  stm32f1xx_ll_adc.o
    0x08003b94   0x08003b94   0x00000016   Code   RO          687    .text.LL_ADC_Disable  stm32f1xx_ll_adc.o
    0x08003baa   0x08003baa   0x00000002   PAD
    0x08003bac   0x08003bac   0x00000016   Code   RO         1077    .text.LL_ADC_Disable  adc_cfg.o
    0x08003bc2   0x08003bc2   0x00000002   PAD
    0x08003bc4   0x08003bc4   0x00000016   Code   RO         1037    .text.LL_ADC_Enable  adc_cfg.o
    0x08003bda   0x08003bda   0x00000002   PAD
    0x08003bdc   0x08003bdc   0x00000022   Code   RO          685    .text.LL_ADC_INJ_SetTriggerSource  stm32f1xx_ll_adc.o
    0x08003bfe   0x08003bfe   0x00000002   PAD
    0x08003c00   0x08003c00   0x00000052   Code   RO          689    .text.LL_ADC_Init   stm32f1xx_ll_adc.o
    0x08003c52   0x08003c52   0x00000002   PAD
    0x08003c54   0x08003c54   0x00000014   Code   RO         1043    .text.LL_ADC_IsCalibrationOnGoing  adc_cfg.o
    0x08003c68   0x08003c68   0x00000014   Code   RO          677    .text.LL_ADC_IsEnabled  stm32f1xx_ll_adc.o
    0x08003c7c   0x08003c7c   0x0000009a   Code   RO          693    .text.LL_ADC_REG_Init  stm32f1xx_ll_adc.o
    0x08003d16   0x08003d16   0x00000002   PAD
    0x08003d18   0x08003d18   0x00000022   Code   RO          695    .text.LL_ADC_REG_SetSequencerLength  stm32f1xx_ll_adc.o
    0x08003d3a   0x08003d3a   0x00000002   PAD
    0x08003d3c   0x08003d3c   0x00000062   Code   RO         1033    .text.LL_ADC_REG_SetSequencerRanks  adc_cfg.o
    0x08003d9e   0x08003d9e   0x00000002   PAD
    0x08003da0   0x08003da0   0x00000022   Code   RO          683    .text.LL_ADC_REG_SetTriggerSource  stm32f1xx_ll_adc.o
    0x08003dc2   0x08003dc2   0x00000002   PAD
    0x08003dc4   0x08003dc4   0x00000016   Code   RO         1093    .text.LL_ADC_REG_StartConversionSWStart  adc_cfg.o
    0x08003dda   0x08003dda   0x00000002   PAD
    0x08003ddc   0x08003ddc   0x00000090   Code   RO         1035    .text.LL_ADC_SetChannelSamplingTime  adc_cfg.o
    0x08003e6c   0x08003e6c   0x00000016   Code   RO         1041    .text.LL_ADC_StartCalibration  adc_cfg.o
    0x08003e82   0x08003e82   0x00000002   PAD
    0x08003e84   0x08003e84   0x00000028   Code   RO         1047    .text.LL_AHB1_GRP1_EnableClock  adc_cfg.o
    0x08003eac   0x08003eac   0x00000028   Code   RO         1398    .text.LL_AHB1_GRP1_EnableClock  crc_cfg.o
    0x08003ed4   0x08003ed4   0x0000001e   Code   RO         3655    .text.LL_APB1_GRP1_DisableClock  timer_cfg.o
    0x08003ef2   0x08003ef2   0x00000002   PAD
    0x08003ef4   0x08003ef4   0x0000001e   Code   RO         3840    .text.LL_APB1_GRP1_DisableClock  usart_cfg.o
    0x08003f12   0x08003f12   0x00000002   PAD
    0x08003f14   0x08003f14   0x00000028   Code   RO         1201    .text.LL_APB1_GRP1_EnableClock  main.o
    0x08003f3c   0x08003f3c   0x00000028   Code   RO         3653    .text.LL_APB1_GRP1_EnableClock  timer_cfg.o
    0x08003f64   0x08003f64   0x00000028   Code   RO         3838    .text.LL_APB1_GRP1_EnableClock  usart_cfg.o
    0x08003f8c   0x08003f8c   0x0000001c   Code   RO          418    .text.LL_APB1_GRP1_ForceReset  stm32f1xx_ll_usart.o
    0x08003fa8   0x08003fa8   0x0000001c   Code   RO          733    .text.LL_APB1_GRP1_ForceReset  stm32f1xx_ll_tim.o
    0x08003fc4   0x08003fc4   0x0000001e   Code   RO          420    .text.LL_APB1_GRP1_ReleaseReset  stm32f1xx_ll_usart.o
    0x08003fe2   0x08003fe2   0x00000002   PAD
    0x08003fe4   0x08003fe4   0x0000001e   Code   RO          735    .text.LL_APB1_GRP1_ReleaseReset  stm32f1xx_ll_tim.o
    0x08004002   0x08004002   0x00000002   PAD
    0x08004004   0x08004004   0x0000001e   Code   RO         1027    .text.LL_APB2_GRP1_DisableClock  adc_cfg.o
    0x08004022   0x08004022   0x00000002   PAD
    0x08004024   0x08004024   0x0000001e   Code   RO         2111    .text.LL_APB2_GRP1_DisableClock  gpio_cfg.o
    0x08004042   0x08004042   0x00000002   PAD
    0x08004044   0x08004044   0x0000001e   Code   RO         3659    .text.LL_APB2_GRP1_DisableClock  timer_cfg.o
    0x08004062   0x08004062   0x00000002   PAD
    0x08004064   0x08004064   0x0000001e   Code   RO         3836    .text.LL_APB2_GRP1_DisableClock  usart_cfg.o
    0x08004082   0x08004082   0x00000002   PAD
    0x08004084   0x08004084   0x00000028   Code   RO         1025    .text.LL_APB2_GRP1_EnableClock  adc_cfg.o
    0x080040ac   0x080040ac   0x00000028   Code   RO         2109    .text.LL_APB2_GRP1_EnableClock  gpio_cfg.o
    0x080040d4   0x080040d4   0x00000028   Code   RO         3657    .text.LL_APB2_GRP1_EnableClock  timer_cfg.o
    0x080040fc   0x080040fc   0x00000028   Code   RO         3834    .text.LL_APB2_GRP1_EnableClock  usart_cfg.o
    0x08004124   0x08004124   0x0000001c   Code   RO          414    .text.LL_APB2_GRP1_ForceReset  stm32f1xx_ll_usart.o
    0x08004140   0x08004140   0x0000001c   Code   RO          737    .text.LL_APB2_GRP1_ForceReset  stm32f1xx_ll_tim.o
    0x0800415c   0x0800415c   0x0000001e   Code   RO          416    .text.LL_APB2_GRP1_ReleaseReset  stm32f1xx_ll_usart.o
    0x0800417a   0x0800417a   0x00000002   PAD
    0x0800417c   0x0800417c   0x0000001e   Code   RO          739    .text.LL_APB2_GRP1_ReleaseReset  stm32f1xx_ll_tim.o
    0x0800419a   0x0800419a   0x00000002   PAD
    0x0800419c   0x0800419c   0x0000003a   Code   RO          715    .text.LL_CRC_DeInit  stm32f1xx_ll_crc.o
    0x080041d6   0x080041d6   0x00000002   PAD
    0x080041d8   0x080041d8   0x00000018   Code   RO         1408    .text.LL_CRC_FeedData32  crc_cfg.o
    0x080041f0   0x080041f0   0x00000010   Code   RO         1410    .text.LL_CRC_ReadData32  crc_cfg.o
    0x08004200   0x08004200   0x00000012   Code   RO          717    .text.LL_CRC_ResetCRCCalculationUnit  stm32f1xx_ll_crc.o
    0x08004212   0x08004212   0x00000002   PAD
    0x08004214   0x08004214   0x00000012   Code   RO         1404    .text.LL_CRC_ResetCRCCalculationUnit  crc_cfg.o
    0x08004226   0x08004226   0x00000002   PAD
    0x08004228   0x08004228   0x00000018   Code   RO          719    .text.LL_CRC_Write_IDR  stm32f1xx_ll_crc.o
    0x08004240   0x08004240   0x00000012   Code   RO          632    .text.LL_DMA_ClearFlag_GI1  stm32f1xx_ll_dma.o
    0x08004252   0x08004252   0x00000002   PAD
    0x08004254   0x08004254   0x00000012   Code   RO         1071    .text.LL_DMA_ClearFlag_GI1  adc_cfg.o
    0x08004266   0x08004266   0x00000002   PAD
    0x08004268   0x08004268   0x00000012   Code   RO          634    .text.LL_DMA_ClearFlag_GI2  stm32f1xx_ll_dma.o
    0x0800427a   0x0800427a   0x00000002   PAD
    0x0800427c   0x0800427c   0x00000014   Code   RO          636    .text.LL_DMA_ClearFlag_GI3  stm32f1xx_ll_dma.o
    0x08004290   0x08004290   0x00000014   Code   RO          638    .text.LL_DMA_ClearFlag_GI4  stm32f1xx_ll_dma.o
    0x080042a4   0x080042a4   0x00000014   Code   RO          640    .text.LL_DMA_ClearFlag_GI5  stm32f1xx_ll_dma.o
    0x080042b8   0x080042b8   0x00000014   Code   RO         1087    .text.LL_DMA_ClearFlag_GI5  adc_cfg.o
    0x080042cc   0x080042cc   0x00000014   Code   RO          642    .text.LL_DMA_ClearFlag_GI6  stm32f1xx_ll_dma.o
    0x080042e0   0x080042e0   0x00000014   Code   RO          644    .text.LL_DMA_ClearFlag_GI7  stm32f1xx_ll_dma.o
    0x080042f4   0x080042f4   0x00000012   Code   RO         1073    .text.LL_DMA_ClearFlag_HT1  adc_cfg.o
    0x08004306   0x08004306   0x00000002   PAD
    0x08004308   0x08004308   0x00000014   Code   RO         1089    .text.LL_DMA_ClearFlag_HT5  adc_cfg.o
    0x0800431c   0x0800431c   0x00000012   Code   RO         1075    .text.LL_DMA_ClearFlag_TC1  adc_cfg.o
    0x0800432e   0x0800432e   0x00000002   PAD
    0x08004330   0x08004330   0x00000014   Code   RO         1091    .text.LL_DMA_ClearFlag_TC5  adc_cfg.o
    0x08004344   0x08004344   0x00000048   Code   RO          648    .text.LL_DMA_ConfigTransfer  stm32f1xx_ll_dma.o
    0x0800438c   0x0800438c   0x00000286   Code   RO          630    .text.LL_DMA_DeInit  stm32f1xx_ll_dma.o
    0x08004612   0x08004612   0x00000002   PAD
    0x08004614   0x08004614   0x00000030   Code   RO         1069    .text.LL_DMA_DisableChannel  adc_cfg.o
    0x08004644   0x08004644   0x00000030   Code   RO         1049    .text.LL_DMA_EnableChannel  adc_cfg.o
    0x08004674   0x08004674   0x00000030   Code   RO         1059    .text.LL_DMA_EnableIT_TC  adc_cfg.o
    0x080046a4   0x080046a4   0x00000068   Code   RO          646    .text.LL_DMA_Init   stm32f1xx_ll_dma.o
    0x0800470c   0x0800470c   0x00000014   Code   RO          105    .text.LL_DMA_IsActiveFlag_TC1  stm32f1xx_it.o
    0x08004720   0x08004720   0x00000014   Code   RO          111    .text.LL_DMA_IsActiveFlag_TC5  stm32f1xx_it.o
    0x08004734   0x08004734   0x0000002a   Code   RO          107    .text.LL_DMA_IsEnabledIT_TC  stm32f1xx_it.o
    0x0800475e   0x0800475e   0x00000002   PAD
    0x08004760   0x08004760   0x0000004c   Code   RO          654    .text.LL_DMA_SetDataLength  stm32f1xx_ll_dma.o
    0x080047ac   0x080047ac   0x0000004c   Code   RO         1063    .text.LL_DMA_SetDataLength  adc_cfg.o
    0x080047f8   0x080047f8   0x00000036   Code   RO          650    .text.LL_DMA_SetMemoryAddress  stm32f1xx_ll_dma.o
    0x0800482e   0x0800482e   0x00000002   PAD
    0x08004830   0x08004830   0x00000036   Code   RO          652    .text.LL_DMA_SetPeriphAddress  stm32f1xx_ll_dma.o
    0x08004866   0x08004866   0x00000002   PAD
    0x08004868   0x08004868   0x00000012   Code   RO          136    .text.LL_FLASH_EnableDataCache  stm32_cfg.o
    0x0800487a   0x0800487a   0x00000002   PAD
    0x0800487c   0x0800487c   0x00000012   Code   RO          140    .text.LL_FLASH_EnableInstCache  stm32_cfg.o
    0x0800488e   0x0800488e   0x00000002   PAD
    0x08004890   0x08004890   0x00000012   Code   RO         1197    .text.LL_FLASH_EnablePrefetch  main.o
    0x080048a2   0x080048a2   0x00000002   PAD
    0x080048a4   0x080048a4   0x00000010   Code   RO         1169    .text.LL_FLASH_GetLatency  main.o
    0x080048b4   0x080048b4   0x00000010   Code   RO          180    .text.LL_FLASH_ReadHalfWord  stm32_cfg.o
    0x080048c4   0x080048c4   0x00000020   Code   RO         1167    .text.LL_FLASH_SetLatency  main.o
    0x080048e4   0x080048e4   0x00000018   Code   RO         3609    .text.LL_GPIO_AF_RemapPartial_TIM3  timer_cfg.o
    0x080048fc   0x080048fc   0x00000018   Code   RO         2115    .text.LL_GPIO_AF_Remap_SWJ_NOJTAG  gpio_cfg.o
    0x08004914   0x08004914   0x00000018   Code   RO         2117    .text.LL_GPIO_AF_Remap_SWJ_NONJTRST  gpio_cfg.o
    0x0800492c   0x0800492c   0x000000cc   Code   RO          456    .text.LL_GPIO_Init  stm32f1xx_ll_gpio.o
    0x080049f8   0x080049f8   0x00000026   Code   RO         1622    .text.LL_GPIO_IsInputPinSet  decode_cfg.o
    0x08004a1e   0x08004a1e   0x00000002   PAD
    0x08004a20   0x08004a20   0x00000026   Code   RO         2170    .text.LL_GPIO_IsInputPinSet  i2c_cfg.o
    0x08004a46   0x08004a46   0x00000002   PAD
    0x08004a48   0x08004a48   0x00000026   Code   RO         2619    .text.LL_GPIO_IsInputPinSet  key_cfg.o
    0x08004a6e   0x08004a6e   0x00000002   PAD
    0x08004a70   0x08004a70   0x00000026   Code   RO         3152    .text.LL_GPIO_IsInputPinSet  rfask_cfg.o
    0x08004a96   0x08004a96   0x00000002   PAD
    0x08004a98   0x08004a98   0x0000001c   Code   RO         1566    .text.LL_GPIO_ResetOutputPin  decode_cfg.o
    0x08004ab4   0x08004ab4   0x0000001c   Code   RO         2168    .text.LL_GPIO_ResetOutputPin  i2c_cfg.o
    0x08004ad0   0x08004ad0   0x0000001c   Code   RO         2627    .text.LL_GPIO_ResetOutputPin  key_cfg.o
    0x08004aec   0x08004aec   0x0000001c   Code   RO         2783    .text.LL_GPIO_ResetOutputPin  led_cfg.o
    0x08004b08   0x08004b08   0x0000001c   Code   RO         3034    .text.LL_GPIO_ResetOutputPin  power_cfg.o
    0x08004b24   0x08004b24   0x0000001c   Code   RO         3210    .text.LL_GPIO_ResetOutputPin  rfask_task.o
    0x08004b40   0x08004b40   0x0000001c   Code   RO         3732    .text.LL_GPIO_ResetOutputPin  usart_cfg.o
    0x08004b5c   0x08004b5c   0x0000001c   Code   RO         1570    .text.LL_GPIO_SetOutputPin  decode_cfg.o
    0x08004b78   0x08004b78   0x0000001c   Code   RO         2162    .text.LL_GPIO_SetOutputPin  i2c_cfg.o
    0x08004b94   0x08004b94   0x0000001c   Code   RO         2609    .text.LL_GPIO_SetOutputPin  key_cfg.o
    0x08004bb0   0x08004bb0   0x0000001c   Code   RO         3132    .text.LL_GPIO_SetOutputPin  rfask_cfg.o
    0x08004bcc   0x08004bcc   0x0000001c   Code   RO         3212    .text.LL_GPIO_SetOutputPin  rfask_task.o
    0x08004be8   0x08004be8   0x0000001c   Code   RO         3734    .text.LL_GPIO_SetOutputPin  usart_cfg.o
    0x08004c04   0x08004c04   0x00000066   Code   RO          458    .text.LL_GPIO_SetPinMode  stm32f1xx_ll_gpio.o
    0x08004c6a   0x08004c6a   0x00000002   PAD
    0x08004c6c   0x08004c6c   0x00000066   Code   RO         3728    .text.LL_GPIO_SetPinMode  usart_cfg.o
    0x08004cd2   0x08004cd2   0x00000002   PAD
    0x08004cd4   0x08004cd4   0x00000066   Code   RO          464    .text.LL_GPIO_SetPinOutputType  stm32f1xx_ll_gpio.o
    0x08004d3a   0x08004d3a   0x00000002   PAD
    0x08004d3c   0x08004d3c   0x00000044   Code   RO          460    .text.LL_GPIO_SetPinPull  stm32f1xx_ll_gpio.o
    0x08004d80   0x08004d80   0x00000066   Code   RO          462    .text.LL_GPIO_SetPinSpeed  stm32f1xx_ll_gpio.o
    0x08004de6   0x08004de6   0x00000002   PAD
    0x08004de8   0x08004de8   0x00000022   Code   RO         2787    .text.LL_GPIO_TogglePin  led_cfg.o
    0x08004e0a   0x08004e0a   0x00000002   PAD
    0x08004e0c   0x08004e0c   0x0000001a   Code   RO         2559    .text.LL_IWDG_ReloadCounter  iwdg_cfg.o
    0x08004e26   0x08004e26   0x00000002   PAD
    0x08004e28   0x08004e28   0x0000003e   Code   RO         3511    .text.LL_InitTick   systick_cfg.o
    0x08004e66   0x08004e66   0x00000002   PAD
    0x08004e68   0x08004e68   0x00000012   Code   RO         1506    .text.LL_RCC_ClearFlag_HSECSS  css_cfg.o
    0x08004e7a   0x08004e7a   0x00000002   PAD
    0x08004e7c   0x08004e7c   0x00000012   Code   RO         1514    .text.LL_RCC_ClearFlag_HSERDY  css_cfg.o
    0x08004e8e   0x08004e8e   0x00000002   PAD
    0x08004e90   0x08004e90   0x00000012   Code   RO         1512    .text.LL_RCC_DisableIT_HSERDY  css_cfg.o
    0x08004ea2   0x08004ea2   0x00000002   PAD
    0x08004ea4   0x08004ea4   0x00000012   Code   RO         1504    .text.LL_RCC_EnableIT_HSERDY  css_cfg.o
    0x08004eb6   0x08004eb6   0x00000002   PAD
    0x08004eb8   0x08004eb8   0x00000010   Code   RO          390    .text.LL_RCC_GetAHBPrescaler  stm32f1xx_ll_rcc.o
    0x08004ec8   0x08004ec8   0x00000010   Code   RO          392    .text.LL_RCC_GetAPB1Prescaler  stm32f1xx_ll_rcc.o
    0x08004ed8   0x08004ed8   0x00000010   Code   RO          394    .text.LL_RCC_GetAPB2Prescaler  stm32f1xx_ll_rcc.o
    0x08004ee8   0x08004ee8   0x00000010   Code   RO          362    .text.LL_RCC_GetSysClkSource  stm32f1xx_ll_rcc.o
    0x08004ef8   0x08004ef8   0x00000010   Code   RO         1193    .text.LL_RCC_GetSysClkSource  main.o
    0x08004f08   0x08004f08   0x0000003a   Code   RO          370    .text.LL_RCC_GetSystemClocksFreq  stm32f1xx_ll_rcc.o
    0x08004f42   0x08004f42   0x00000002   PAD
    0x08004f44   0x08004f44   0x00000012   Code   RO         1171    .text.LL_RCC_HSE_Enable  main.o
    0x08004f56   0x08004f56   0x00000002   PAD
    0x08004f58   0x08004f58   0x00000012   Code   RO         1502    .text.LL_RCC_HSE_Enable  css_cfg.o
    0x08004f6a   0x08004f6a   0x00000002   PAD
    0x08004f6c   0x08004f6c   0x00000010   Code   RO         1173    .text.LL_RCC_HSE_IsReady  main.o
    0x08004f7c   0x08004f7c   0x00000010   Code   RO         1500    .text.LL_RCC_IsActiveFlag_HSECSS  css_cfg.o
    0x08004f8c   0x08004f8c   0x00000010   Code   RO         1510    .text.LL_RCC_IsActiveFlag_HSERDY  css_cfg.o
    0x08004f9c   0x08004f9c   0x00000012   Code   RO         1175    .text.LL_RCC_LSI_Enable  main.o
    0x08004fae   0x08004fae   0x00000002   PAD
    0x08004fb0   0x08004fb0   0x00000010   Code   RO         1177    .text.LL_RCC_LSI_IsReady  main.o
    0x08004fc0   0x08004fc0   0x00000038   Code   RO         1179    .text.LL_RCC_PLL_ConfigDomain_SYS  main.o
    0x08004ff8   0x08004ff8   0x00000012   Code   RO         1181    .text.LL_RCC_PLL_Enable  main.o
    0x0800500a   0x0800500a   0x00000002   PAD
    0x0800500c   0x0800500c   0x00000010   Code   RO          396    .text.LL_RCC_PLL_GetMainSource  stm32f1xx_ll_rcc.o
    0x0800501c   0x0800501c   0x00000010   Code   RO          400    .text.LL_RCC_PLL_GetMultiplicator  stm32f1xx_ll_rcc.o
    0x0800502c   0x0800502c   0x00000010   Code   RO          398    .text.LL_RCC_PLL_GetPrediv  stm32f1xx_ll_rcc.o
    0x0800503c   0x0800503c   0x00000010   Code   RO         1183    .text.LL_RCC_PLL_IsReady  main.o
    0x0800504c   0x0800504c   0x00000020   Code   RO         1031    .text.LL_RCC_SetADCClockSource  adc_cfg.o
    0x0800506c   0x0800506c   0x00000020   Code   RO         1185    .text.LL_RCC_SetAHBPrescaler  main.o
    0x0800508c   0x0800508c   0x00000020   Code   RO         1187    .text.LL_RCC_SetAPB1Prescaler  main.o
    0x080050ac   0x080050ac   0x00000020   Code   RO         1189    .text.LL_RCC_SetAPB2Prescaler  main.o
    0x080050cc   0x080050cc   0x00000020   Code   RO         1191    .text.LL_RCC_SetSysClkSource  main.o
    0x080050ec   0x080050ec   0x00000038   Code   RO         1195    .text.LL_SYSTICK_SetClkSource  main.o
    0x08005124   0x08005124   0x00000018   Code   RO          237    .text.LL_SetSystemCoreClock  stm32f1xx_ll_utils.o
    0x0800513c   0x0800513c   0x00000020   Code   RO         3619    .text.LL_TIM_CC_DisableChannel  timer_cfg.o
    0x0800515c   0x0800515c   0x00000014   Code   RO          196    .text.LL_TIM_ClearFlag  stm32_cfg.o
    0x08005170   0x08005170   0x00000014   Code   RO         1650    .text.LL_TIM_ClearFlag_CC1  decode_cfg.o
    0x08005184   0x08005184   0x00000014   Code   RO         1656    .text.LL_TIM_ClearFlag_CC2  decode_cfg.o
    0x08005198   0x08005198   0x00000014   Code   RO         1662    .text.LL_TIM_ClearFlag_CC3  decode_cfg.o
    0x080051ac   0x080051ac   0x00000014   Code   RO         1668    .text.LL_TIM_ClearFlag_CC4  decode_cfg.o
    0x080051c0   0x080051c0   0x00000014   Code   RO         1644    .text.LL_TIM_ClearFlag_UPDATE  decode_cfg.o
    0x080051d4   0x080051d4   0x000001fa   Code   RO          731    .text.LL_TIM_DeInit  stm32f1xx_ll_tim.o
    0x080053ce   0x080053ce   0x00000002   PAD
    0x080053d0   0x080053d0   0x00000016   Code   RO         1578    .text.LL_TIM_DisableARRPreload  decode_cfg.o
    0x080053e6   0x080053e6   0x00000002   PAD
    0x080053e8   0x080053e8   0x00000016   Code   RO         1618    .text.LL_TIM_DisableCounter  decode_cfg.o
    0x080053fe   0x080053fe   0x00000002   PAD
    0x08005400   0x08005400   0x00000016   Code   RO         3641    .text.LL_TIM_DisableCounter  timer_cfg.o
    0x08005416   0x08005416   0x00000002   PAD
    0x08005418   0x08005418   0x00000016   Code   RO         3627    .text.LL_TIM_DisableDMAReq_TRIG  timer_cfg.o
    0x0800542e   0x0800542e   0x00000002   PAD
    0x08005430   0x08005430   0x00000016   Code   RO         3625    .text.LL_TIM_DisableIT_TRIG  timer_cfg.o
    0x08005446   0x08005446   0x00000002   PAD
    0x08005448   0x08005448   0x00000016   Code   RO         1584    .text.LL_TIM_DisableMasterSlaveMode  decode_cfg.o
    0x0800545e   0x0800545e   0x00000002   PAD
    0x08005460   0x08005460   0x00000016   Code   RO         3631    .text.LL_TIM_DisableMasterSlaveMode  timer_cfg.o
    0x08005476   0x08005476   0x00000002   PAD
    0x08005478   0x08005478   0x00000016   Code   RO         3611    .text.LL_TIM_EnableARRPreload  timer_cfg.o
    0x0800548e   0x0800548e   0x00000002   PAD
    0x08005490   0x08005490   0x00000016   Code   RO         1604    .text.LL_TIM_EnableCounter  decode_cfg.o
    0x080054a6   0x080054a6   0x00000002   PAD
    0x080054a8   0x080054a8   0x00000016   Code   RO         3637    .text.LL_TIM_EnableCounter  timer_cfg.o
    0x080054be   0x080054be   0x00000002   PAD
    0x080054c0   0x080054c0   0x00000016   Code   RO         1594    .text.LL_TIM_EnableIT_CC1  decode_cfg.o
    0x080054d6   0x080054d6   0x00000002   PAD
    0x080054d8   0x080054d8   0x00000016   Code   RO         1596    .text.LL_TIM_EnableIT_CC2  decode_cfg.o
    0x080054ee   0x080054ee   0x00000002   PAD
    0x080054f0   0x080054f0   0x00000016   Code   RO         1598    .text.LL_TIM_EnableIT_CC3  decode_cfg.o
    0x08005506   0x08005506   0x00000002   PAD
    0x08005508   0x08005508   0x00000016   Code   RO         1600    .text.LL_TIM_EnableIT_CC4  decode_cfg.o
    0x0800551e   0x0800551e   0x00000002   PAD
    0x08005520   0x08005520   0x00000016   Code   RO         1602    .text.LL_TIM_EnableIT_UPDATE  decode_cfg.o
    0x08005536   0x08005536   0x00000002   PAD
    0x08005538   0x08005538   0x00000016   Code   RO          751    .text.LL_TIM_GenerateEvent_UPDATE  stm32f1xx_ll_tim.o
    0x0800554e   0x0800554e   0x00000002   PAD
    0x08005550   0x08005550   0x00000010   Code   RO         1678    .text.LL_TIM_GetCounter  decode_cfg.o
    0x08005560   0x08005560   0x00000010   Code   RO         3643    .text.LL_TIM_GetCounter  timer_cfg.o
    0x08005570   0x08005570   0x00000010   Code   RO         1648    .text.LL_TIM_IC_GetCaptureCH1  decode_cfg.o
    0x08005580   0x08005580   0x00000010   Code   RO         1654    .text.LL_TIM_IC_GetCaptureCH2  decode_cfg.o
    0x08005590   0x08005590   0x00000010   Code   RO         1660    .text.LL_TIM_IC_GetCaptureCH3  decode_cfg.o
    0x080055a0   0x080055a0   0x00000010   Code   RO         1666    .text.LL_TIM_IC_GetCaptureCH4  decode_cfg.o
    0x080055b0   0x080055b0   0x000000a2   Code   RO         1636    .text.LL_TIM_IC_GetPolarity  decode_cfg.o
    0x08005652   0x08005652   0x00000002   PAD
    0x08005654   0x08005654   0x0000007c   Code   RO          767    .text.LL_TIM_IC_Init  stm32f1xx_ll_tim.o
    0x080056d0   0x080056d0   0x000000ce   Code   RO         3615    .text.LL_TIM_IC_SetActiveInput  timer_cfg.o
    0x0800579e   0x0800579e   0x00000002   PAD
    0x080057a0   0x080057a0   0x000000ce   Code   RO         3621    .text.LL_TIM_IC_SetFilter  timer_cfg.o
    0x0800586e   0x0800586e   0x00000002   PAD
    0x08005870   0x08005870   0x000000b8   Code   RO         1638    .text.LL_TIM_IC_SetPolarity  decode_cfg.o
    0x08005928   0x08005928   0x000000b8   Code   RO         3623    .text.LL_TIM_IC_SetPolarity  timer_cfg.o
    0x080059e0   0x080059e0   0x000001a0   Code   RO          743    .text.LL_TIM_Init   stm32f1xx_ll_tim.o
    0x08005b80   0x08005b80   0x00000014   Code   RO         1646    .text.LL_TIM_IsActiveFlag_CC1  decode_cfg.o
    0x08005b94   0x08005b94   0x00000014   Code   RO         1652    .text.LL_TIM_IsActiveFlag_CC2  decode_cfg.o
    0x08005ba8   0x08005ba8   0x00000014   Code   RO         1658    .text.LL_TIM_IsActiveFlag_CC3  decode_cfg.o
    0x08005bbc   0x08005bbc   0x00000014   Code   RO         1664    .text.LL_TIM_IsActiveFlag_CC4  decode_cfg.o
    0x08005bd0   0x08005bd0   0x00000014   Code   RO         1642    .text.LL_TIM_IsActiveFlag_UPDATE  decode_cfg.o
    0x08005be4   0x08005be4   0x00000018   Code   RO          745    .text.LL_TIM_SetAutoReload  stm32f1xx_ll_tim.o
    0x08005bfc   0x08005bfc   0x00000024   Code   RO         1580    .text.LL_TIM_SetClockSource  decode_cfg.o
    0x08005c20   0x08005c20   0x00000024   Code   RO         3617    .text.LL_TIM_SetClockSource  timer_cfg.o
    0x08005c44   0x08005c44   0x00000018   Code   RO         1616    .text.LL_TIM_SetCounter  decode_cfg.o
    0x08005c5c   0x08005c5c   0x00000018   Code   RO         3639    .text.LL_TIM_SetCounter  timer_cfg.o
    0x08005c74   0x08005c74   0x00000018   Code   RO          747    .text.LL_TIM_SetPrescaler  stm32f1xx_ll_tim.o
    0x08005c8c   0x08005c8c   0x00000018   Code   RO          749    .text.LL_TIM_SetRepetitionCounter  stm32f1xx_ll_tim.o
    0x08005ca4   0x08005ca4   0x00000022   Code   RO         3613    .text.LL_TIM_SetTriggerInput  timer_cfg.o
    0x08005cc6   0x08005cc6   0x00000002   PAD
    0x08005cc8   0x08005cc8   0x00000022   Code   RO         1582    .text.LL_TIM_SetTriggerOutput  decode_cfg.o
    0x08005cea   0x08005cea   0x00000002   PAD
    0x08005cec   0x08005cec   0x00000022   Code   RO         3629    .text.LL_TIM_SetTriggerOutput  timer_cfg.o
    0x08005d0e   0x08005d0e   0x00000002   PAD
    0x08005d10   0x08005d10   0x00000014   Code   RO           91    .text.LL_USART_ClearFlag_RXNE  stm32f1xx_it.o
    0x08005d24   0x08005d24   0x00000014   Code   RO          101    .text.LL_USART_ClearFlag_TC  stm32f1xx_it.o
    0x08005d38   0x08005d38   0x00000014   Code   RO         3772    .text.LL_USART_ClearFlag_TC  usart_cfg.o
    0x08005d4c   0x08005d4c   0x00000020   Code   RO         3846    .text.LL_USART_ConfigAsyncMode  usart_cfg.o
    0x08005d6c   0x08005d6c   0x000000cc   Code   RO          412    .text.LL_USART_DeInit  stm32f1xx_ll_usart.o
    0x08005e38   0x08005e38   0x00000016   Code   RO         3792    .text.LL_USART_DisableIT_TC  usart_cfg.o
    0x08005e4e   0x08005e4e   0x00000002   PAD
    0x08005e50   0x08005e50   0x00000016   Code   RO         3786    .text.LL_USART_DisableIT_TXE  usart_cfg.o
    0x08005e66   0x08005e66   0x00000002   PAD
    0x08005e68   0x08005e68   0x00000016   Code   RO         3858    .text.LL_USART_Enable  usart_cfg.o
    0x08005e7e   0x08005e7e   0x00000002   PAD
    0x08005e80   0x08005e80   0x00000016   Code   RO         3856    .text.LL_USART_EnableIT_RXNE  usart_cfg.o
    0x08005e96   0x08005e96   0x00000002   PAD
    0x08005e98   0x08005e98   0x00000016   Code   RO         3788    .text.LL_USART_EnableIT_TC  usart_cfg.o
    0x08005eae   0x08005eae   0x00000002   PAD
    0x08005eb0   0x08005eb0   0x00000016   Code   RO         3798    .text.LL_USART_EnableIT_TXE  usart_cfg.o
    0x08005ec6   0x08005ec6   0x00000002   PAD
    0x08005ec8   0x08005ec8   0x000000fc   Code   RO          422    .text.LL_USART_Init  stm32f1xx_ll_usart.o
    0x08005fc4   0x08005fc4   0x00000014   Code   RO           85    .text.LL_USART_IsActiveFlag_RXNE  stm32f1xx_it.o
    0x08005fd8   0x08005fd8   0x00000014   Code   RO           97    .text.LL_USART_IsActiveFlag_TC  stm32f1xx_it.o
    0x08005fec   0x08005fec   0x00000014   Code   RO         3770    .text.LL_USART_IsActiveFlag_TC  usart_cfg.o
    0x08006000   0x08006000   0x00000014   Code   RO           93    .text.LL_USART_IsActiveFlag_TXE  stm32f1xx_it.o
    0x08006014   0x08006014   0x00000014   Code   RO         3826    .text.LL_USART_IsActiveFlag_TXE  usart_cfg.o
    0x08006028   0x08006028   0x00000014   Code   RO          424    .text.LL_USART_IsEnabled  stm32f1xx_ll_usart.o
    0x0800603c   0x0800603c   0x00000014   Code   RO           87    .text.LL_USART_IsEnabledIT_RXNE  stm32f1xx_it.o
    0x08006050   0x08006050   0x00000014   Code   RO           99    .text.LL_USART_IsEnabledIT_TC  stm32f1xx_it.o
    0x08006064   0x08006064   0x00000014   Code   RO         3828    .text.LL_USART_IsEnabledIT_TC  usart_cfg.o
    0x08006078   0x08006078   0x00000014   Code   RO           95    .text.LL_USART_IsEnabledIT_TXE  stm32f1xx_it.o
    0x0800608c   0x0800608c   0x00000014   Code   RO         3796    .text.LL_USART_IsEnabledIT_TXE  usart_cfg.o
    0x080060a0   0x080060a0   0x00000012   Code   RO           89    .text.LL_USART_ReceiveData8  stm32f1xx_it.o
    0x080060b2   0x080060b2   0x00000002   PAD
    0x080060b4   0x080060b4   0x00000064   Code   RO          430    .text.LL_USART_SetBaudRate  stm32f1xx_ll_usart.o
    0x08006118   0x08006118   0x00000022   Code   RO          428    .text.LL_USART_SetHWFlowCtrl  stm32f1xx_ll_usart.o
    0x0800613a   0x0800613a   0x00000002   PAD
    0x0800613c   0x0800613c   0x00000022   Code   RO          426    .text.LL_USART_SetStopBitsLength  stm32f1xx_ll_usart.o
    0x0800615e   0x0800615e   0x00000002   PAD
    0x08006160   0x08006160   0x0000001c   Code   RO         3768    .text.LL_USART_TransmitData8  usart_cfg.o
    0x0800617c   0x0800617c   0x00000014   Code   RO           81    .text.LL_WWDG_ClearFlag_EWKUP  stm32f1xx_it.o
    0x08006190   0x08006190   0x00000004   Code   RO           65    .text.MemManage_Handler  stm32f1xx_it.o
    0x08006194   0x08006194   0x00000008   Code   RO           59    .text.NMI_Handler   stm32f1xx_it.o
    0x0800619c   0x0800619c   0x00000026   Code   RO         1057    .text.NVIC_EnableIRQ  adc_cfg.o
    0x080061c2   0x080061c2   0x00000002   PAD
    0x080061c4   0x080061c4   0x00000026   Code   RO         1592    .text.NVIC_EnableIRQ  decode_cfg.o
    0x080061ea   0x080061ea   0x00000002   PAD
    0x080061ec   0x080061ec   0x00000026   Code   RO         3854    .text.NVIC_EnableIRQ  usart_cfg.o
    0x08006212   0x08006212   0x00000002   PAD
    0x08006214   0x08006214   0x00000080   Code   RO         1053    .text.NVIC_EncodePriority  adc_cfg.o
    0x08006294   0x08006294   0x00000080   Code   RO         1207    .text.NVIC_EncodePriority  main.o
    0x08006314   0x08006314   0x00000080   Code   RO         1588    .text.NVIC_EncodePriority  decode_cfg.o
    0x08006394   0x08006394   0x00000080   Code   RO         3517    .text.NVIC_EncodePriority  systick_cfg.o
    0x08006414   0x08006414   0x00000080   Code   RO         3850    .text.NVIC_EncodePriority  usart_cfg.o
    0x08006494   0x08006494   0x00000010   Code   RO         1055    .text.NVIC_GetPriorityGrouping  adc_cfg.o
    0x080064a4   0x080064a4   0x00000010   Code   RO         1209    .text.NVIC_GetPriorityGrouping  main.o
    0x080064b4   0x080064b4   0x00000010   Code   RO         1590    .text.NVIC_GetPriorityGrouping  decode_cfg.o
    0x080064c4   0x080064c4   0x00000010   Code   RO         3519    .text.NVIC_GetPriorityGrouping  systick_cfg.o
    0x080064d4   0x080064d4   0x00000010   Code   RO         3852    .text.NVIC_GetPriorityGrouping  usart_cfg.o
    0x080064e4   0x080064e4   0x000000d4   Code   RO         1199    .text.NVIC_Init     main.o
    0x080065b8   0x080065b8   0x00000044   Code   RO         1051    .text.NVIC_SetPriority  adc_cfg.o
    0x080065fc   0x080065fc   0x00000044   Code   RO         1205    .text.NVIC_SetPriority  main.o
    0x08006640   0x08006640   0x00000044   Code   RO         1586    .text.NVIC_SetPriority  decode_cfg.o
    0x08006684   0x08006684   0x00000044   Code   RO         3515    .text.NVIC_SetPriority  systick_cfg.o
    0x080066c8   0x080066c8   0x00000044   Code   RO         3848    .text.NVIC_SetPriority  usart_cfg.o
    0x0800670c   0x0800670c   0x00000040   Code   RO         1203    .text.NVIC_SetPriorityGrouping  main.o
    0x0800674c   0x0800674c   0x00000040   Code   RO         3513    .text.NVIC_SetPriorityGrouping  systick_cfg.o
    0x0800678c   0x0800678c   0x00000026   Code   RO         1516    .text.NVIC_SystemReset  css_cfg.o
    0x080067b2   0x080067b2   0x00000002   PAD
    0x080067b4   0x080067b4   0x00000002   Code   RO           75    .text.PendSV_Handler  stm32f1xx_it.o
    0x080067b6   0x080067b6   0x00000002   PAD
    0x080067b8   0x080067b8   0x00000008   Code   RO         3048    .text.PowerLib_Init  power_lib.o
    0x080067c0   0x080067c0   0x00000008   Code   RO         3062    .text.PowerTask_Init  power_task.o
    0x080067c8   0x080067c8   0x00000172   Code   RO         3032    .text.Power_Init    power_cfg.o
    0x0800693a   0x0800693a   0x00000002   PAD
    0x0800693c   0x0800693c   0x0000002a   Code   RO          374    .text.RCC_GetHCLKClockFreq  stm32f1xx_ll_rcc.o
    0x08006966   0x08006966   0x00000002   PAD
    0x08006968   0x08006968   0x00000028   Code   RO          376    .text.RCC_GetPCLK1ClockFreq  stm32f1xx_ll_rcc.o
    0x08006990   0x08006990   0x00000028   Code   RO          378    .text.RCC_GetPCLK2ClockFreq  stm32f1xx_ll_rcc.o
    0x080069b8   0x080069b8   0x0000005a   Code   RO          372    .text.RCC_GetSystemClockFreq  stm32f1xx_ll_rcc.o
    0x08006a12   0x08006a12   0x00000002   PAD
    0x08006a14   0x08006a14   0x00000008   Code   RO           61    .text.RCC_IRQHandler  stm32f1xx_it.o
    0x08006a1c   0x08006a1c   0x0000006e   Code   RO          384    .text.RCC_PLL_GetFreqDomain_SYS  stm32f1xx_ll_rcc.o
    0x08006a8a   0x08006a8a   0x00000002   PAD
    0x08006a8c   0x08006a8c   0x00000020   Code   RO         3182    .text.RFASKLib_ActivateSites  rfask_lib.o
    0x08006aac   0x08006aac   0x0000001c   Code   RO         3176    .text.RFASKLib_CalcXTAL  rfask_lib.o
    0x08006ac8   0x08006ac8   0x00000014   Code   RO         3174    .text.RFASKLib_Init  rfask_lib.o
    0x08006adc   0x08006adc   0x00000008   Code   RO         3186    .text.RFASKLib_ScanYSEL  rfask_lib.o
    0x08006ae4   0x08006ae4   0x00000020   Code   RO         3184    .text.RFASKLib_SetFreqCurrentPointCmd  rfask_lib.o
    0x08006b04   0x08006b04   0x00000020   Code   RO         3216    .text.RFASKTask_ActivateSites  rfask_task.o
    0x08006b24   0x08006b24   0x000000b2   Code   RO         3244    .text.RFASKTask_BINPass  rfask_task.o
    0x08006bd6   0x08006bd6   0x00000002   PAD
    0x08006bd8   0x08006bd8   0x0000001c   Code   RO         3200    .text.RFASKTask_CalcXTAL  rfask_task.o
    0x08006bf4   0x08006bf4   0x0000001c   Code   RO         3240    .text.RFASKTask_EOTSTART  rfask_task.o
    0x08006c10   0x08006c10   0x0000000a   Code   RO         3242    .text.RFASKTask_EOTSTOP  rfask_task.o
    0x08006c1a   0x08006c1a   0x00000002   PAD
    0x08006c1c   0x08006c1c   0x00000446   Code   RO         3230    .text.RFASKTask_FreqCurrentHandlerTask  rfask_task.o
    0x08007062   0x08007062   0x00000002   PAD
    0x08007064   0x08007064   0x00000552   Code   RO         3224    .text.RFASKTask_FreqCurrentPointOneTask  rfask_task.o
    0x080075b6   0x080075b6   0x00000002   PAD
    0x080075b8   0x080075b8   0x00000552   Code   RO         3228    .text.RFASKTask_FreqCurrentPointTwoTask  rfask_task.o
    0x08007b0a   0x08007b0a   0x00000002   PAD
    0x08007b0c   0x08007b0c   0x000005e0   Code   RO         3226    .text.RFASKTask_FreqCurrentScan  rfask_task.o
    0x080080ec   0x080080ec   0x00000098   Code   RO         3234    .text.RFASKTask_HandlerTask  rfask_task.o
    0x08008184   0x08008184   0x00000032   Code   RO         3198    .text.RFASKTask_Init  rfask_task.o
    0x080081b6   0x080081b6   0x00000002   PAD
    0x080081b8   0x080081b8   0x0000033e   Code   RO         3246    .text.RFASKTask_KeyTask  rfask_task.o
    0x080084f6   0x080084f6   0x00000002   PAD
    0x080084f8   0x080084f8   0x00000008   Code   RO         3238    .text.RFASKTask_ScanYSEL  rfask_task.o
    0x08008500   0x08008500   0x00000030   Code   RO         3206    .text.RFASKTask_SetClockFreq  rfask_task.o
    0x08008530   0x08008530   0x000000c6   Code   RO         3218    .text.RFASKTask_SitesCurrent  rfask_task.o
    0x080085f6   0x080085f6   0x00000002   PAD
    0x080085f8   0x080085f8   0x0000008e   Code   RO         3236    .text.RFASKTask_Task  rfask_task.o
    0x08008686   0x08008686   0x00000002   PAD
    0x08008688   0x08008688   0x0000048c   Code   RO         3208    .text.RFASKTask_WM8510Task  rfask_task.o
    0x08008b14   0x08008b14   0x0000095e   Code   RO         3214    .text.RFASKTask_YSELTask  rfask_task.o
    0x08009472   0x08009472   0x00000002   PAD
    0x08009474   0x08009474   0x00000068   Code   RO         3146    .text.RFASK_ActivateSites  rfask_cfg.o
    0x080094dc   0x080094dc   0x00000134   Code   RO         3140    .text.RFASK_CalcXTAL  rfask_cfg.o
    0x08009610   0x08009610   0x000000c8   Code   RO         3130    .text.RFASK_ClkInit  rfask_cfg.o
    0x080096d8   0x080096d8   0x000000aa   Code   RO         3150    .text.RFASK_GetYSELA  rfask_cfg.o
    0x08009782   0x08009782   0x00000002   PAD
    0x08009784   0x08009784   0x0000007e   Code   RO         3154    .text.RFASK_GetYSELB  rfask_cfg.o
    0x08009802   0x08009802   0x00000002   PAD
    0x08009804   0x08009804   0x0000007e   Code   RO         3156    .text.RFASK_GetYSELC  rfask_cfg.o
    0x08009882   0x08009882   0x00000002   PAD
    0x08009884   0x08009884   0x00000084   Code   RO         3158    .text.RFASK_GetYSELD  rfask_cfg.o
    0x08009908   0x08009908   0x0000001c   Code   RO         3138    .text.RFASK_Init    rfask_cfg.o
    0x08009924   0x08009924   0x000000f6   Code   RO         3160    .text.RFASK_ScanYSEL  rfask_cfg.o
    0x08009a1a   0x08009a1a   0x00000002   PAD
    0x08009a1c   0x08009a1c   0x0000001e   Code   RO         3148    .text.RFASK_SetFreqCurrentPointCmd  rfask_cfg.o
    0x08009a3a   0x08009a3a   0x00000002   PAD
    0x08009a3c   0x08009a3c   0x0000019e   Code   RO         3136    .text.RFASK_StructInit  rfask_cfg.o
    0x08009bda   0x08009bda   0x00000002   PAD
    0x08009bdc   0x08009bdc   0x00000276   Code   RO         3134    .text.RFASK_YSELInit  rfask_cfg.o
    0x08009e52   0x08009e52   0x00000002   PAD
    0x08009e54   0x08009e54   0x00000008   Code   RO         3094    .text.RandomLib_Init  random_lib.o
    0x08009e5c   0x08009e5c   0x00000008   Code   RO         3112    .text.RandomTask_Init  random_task.o
    0x08009e64   0x08009e64   0x00000002   Code   RO         3076    .text.Random_Init   random_cfg.o
    0x08009e66   0x08009e66   0x00000002   PAD
    0x08009e68   0x08009e68   0x00000002   Code   RO           71    .text.SVC_Handler   stm32f1xx_it.o
    0x08009e6a   0x08009e6a   0x00000002   PAD
    0x08009e6c   0x08009e6c   0x00000008   Code   RO         3563    .text.SysTickLib_1msIncTick  systick_lib.o
    0x08009e74   0x08009e74   0x00000014   Code   RO         3553    .text.SysTickLib_FuncTick  systick_lib.o
    0x08009e88   0x08009e88   0x00000008   Code   RO         3557    .text.SysTickLib_GetTick  systick_lib.o
    0x08009e90   0x08009e90   0x00000014   Code   RO         3555    .text.SysTickLib_IRQDecTick  systick_lib.o
    0x08009ea4   0x08009ea4   0x00000008   Code   RO         3559    .text.SysTickLib_IRQTick  systick_lib.o
    0x08009eac   0x08009eac   0x00000008   Code   RO         3549    .text.SysTickLib_Init  systick_lib.o
    0x08009eb4   0x08009eb4   0x00000014   Code   RO         3561    .text.SysTickLib_WaitTick  systick_lib.o
    0x08009ec8   0x08009ec8   0x00000008   Code   RO         3591    .text.SysTickTask_1msIncTick  systick_task.o
    0x08009ed0   0x08009ed0   0x00000014   Code   RO         3581    .text.SysTickTask_FuncTick  systick_task.o
    0x08009ee4   0x08009ee4   0x00000008   Code   RO         3585    .text.SysTickTask_GetTick  systick_task.o
    0x08009eec   0x08009eec   0x00000014   Code   RO         3583    .text.SysTickTask_IRQDecTick  systick_task.o
    0x08009f00   0x08009f00   0x00000008   Code   RO         3587    .text.SysTickTask_IRQTick  systick_task.o
    0x08009f08   0x08009f08   0x00000008   Code   RO         3577    .text.SysTickTask_Init  systick_task.o
    0x08009f10   0x08009f10   0x00000014   Code   RO         3589    .text.SysTickTask_WaitTick  systick_task.o
    0x08009f24   0x08009f24   0x00000098   Code   RO         3533    .text.SysTick_1msIncTick  systick_cfg.o
    0x08009fbc   0x08009fbc   0x00000026   Code   RO         3523    .text.SysTick_FuncTick  systick_cfg.o
    0x08009fe2   0x08009fe2   0x00000002   PAD
    0x08009fe4   0x08009fe4   0x0000000e   Code   RO         3527    .text.SysTick_GetTick  systick_cfg.o
    0x08009ff2   0x08009ff2   0x00000002   PAD
    0x08009ff4   0x08009ff4   0x0000000e   Code   RO           77    .text.SysTick_Handler  stm32f1xx_it.o
    0x0800a002   0x0800a002   0x00000002   PAD
    0x0800a004   0x0800a004   0x0000006c   Code   RO         3525    .text.SysTick_IRQDecTick  systick_cfg.o
    0x0800a070   0x0800a070   0x0000009a   Code   RO         3529    .text.SysTick_IRQTick  systick_cfg.o
    0x0800a10a   0x0800a10a   0x00000002   PAD
    0x0800a10c   0x0800a10c   0x00000086   Code   RO         3509    .text.SysTick_Init  systick_cfg.o
    0x0800a192   0x0800a192   0x00000002   PAD
    0x0800a194   0x0800a194   0x00000014   Code   RO         3505    .text.SysTick_Resume  systick_cfg.o
    0x0800a1a8   0x0800a1a8   0x00000024   Code   RO         3507    .text.SysTick_StructInit  systick_cfg.o
    0x0800a1cc   0x0800a1cc   0x00000014   Code   RO         3503    .text.SysTick_Suspend  systick_cfg.o
    0x0800a1e0   0x0800a1e0   0x000000c6   Code   RO         3531    .text.SysTick_WaitTick  systick_cfg.o
    0x0800a2a6   0x0800a2a6   0x00000002   PAD
    0x0800a2a8   0x0800a2a8   0x000000b0   Code   RO         1211    .text.Sys_Init      main.o
    0x0800a358   0x0800a358   0x000000b2   Code   RO         1165    .text.SystemClock_Config  main.o
    0x0800a40a   0x0800a40a   0x00000002   PAD
    0x0800a40c   0x0800a40c   0x00000060   Code   RO          214    .text.SystemInit    system_stm32f1xx.o
    0x0800a46c   0x0800a46c   0x00000008   Code   RO          113    .text.TIM2_IRQHandler  stm32f1xx_it.o
    0x0800a474   0x0800a474   0x00000008   Code   RO         3678    .text.TimerLib_CalcFreq_Task  timer_lib.o
    0x0800a47c   0x0800a47c   0x00000020   Code   RO         3684    .text.TimerLib_Clock  timer_lib.o
    0x0800a49c   0x0800a49c   0x00000008   Code   RO         3680    .text.TimerLib_GetFreqKHz  timer_lib.o
    0x0800a4a4   0x0800a4a4   0x00000008   Code   RO         3676    .text.TimerLib_Init  timer_lib.o
    0x0800a4ac   0x0800a4ac   0x00000008   Code   RO         3698    .text.TimerTask_CalcFreq_Task  timer_task.o
    0x0800a4b4   0x0800a4b4   0x00000020   Code   RO         3704    .text.TimerTask_Clock  timer_task.o
    0x0800a4d4   0x0800a4d4   0x00000008   Code   RO         3700    .text.TimerTask_GetFreqKHz  timer_task.o
    0x0800a4dc   0x0800a4dc   0x00000008   Code   RO         3696    .text.TimerTask_Init  timer_task.o
    0x0800a4e4   0x0800a4e4   0x000000da   Code   RO         3605    .text.Timer_CalcFreqMode_Init  timer_cfg.o
    0x0800a5be   0x0800a5be   0x00000002   PAD
    0x0800a5c0   0x0800a5c0   0x000000b4   Code   RO         3635    .text.Timer_CalcFreq_Init  timer_cfg.o
    0x0800a674   0x0800a674   0x0000008a   Code   RO         3645    .text.Timer_CalcFreq_Task  timer_cfg.o
    0x0800a6fe   0x0800a6fe   0x00000002   PAD
    0x0800a700   0x0800a700   0x0000028c   Code   RO         3607    .text.Timer_Clock   timer_cfg.o
    0x0800a98c   0x0800a98c   0x0000000e   Code   RO         3647    .text.Timer_GetFreqKHz  timer_cfg.o
    0x0800a99a   0x0800a99a   0x00000002   PAD
    0x0800a99c   0x0800a99c   0x00000008   Code   RO         3651    .text.Timer_Init    timer_cfg.o
    0x0800a9a4   0x0800a9a4   0x000000f2   Code   RO           83    .text.USART1_IRQHandler  stm32f1xx_it.o
    0x0800aa96   0x0800aa96   0x00000002   PAD
    0x0800aa98   0x0800aa98   0x00000170   Code   RO         3720    .text.USART1_Init   usart_cfg.o
    0x0800ac08   0x0800ac08   0x0000000e   Code   RO         3722    .text.USART2_Init   usart_cfg.o
    0x0800ac16   0x0800ac16   0x00000002   PAD
    0x0800ac18   0x0800ac18   0x0000000e   Code   RO         3724    .text.USART3_Init   usart_cfg.o
    0x0800ac26   0x0800ac26   0x00000002   PAD
    0x0800ac28   0x0800ac28   0x00000014   Code   RO         3926    .text.USARTLib_CRCTask_Read  usart_lib.o
    0x0800ac3c   0x0800ac3c   0x00000014   Code   RO         3910    .text.USARTLib_DeviceID  usart_lib.o
    0x0800ac50   0x0800ac50   0x0000005e   Code   RO         3880    .text.USARTLib_DeviceInit  usart_lib.o
    0x0800acae   0x0800acae   0x00000002   PAD
    0x0800acb0   0x0800acb0   0x00000014   Code   RO         3884    .text.USARTLib_GetReadState  usart_lib.o
    0x0800acc4   0x0800acc4   0x00000020   Code   RO         3906    .text.USARTLib_ITRead_Task  usart_lib.o
    0x0800ace4   0x0800ace4   0x00000014   Code   RO         3914    .text.USARTLib_ITWrite_TCTask  usart_lib.o
    0x0800acf8   0x0800acf8   0x00000014   Code   RO         3912    .text.USARTLib_ITWrite_TXETask  usart_lib.o
    0x0800ad0c   0x0800ad0c   0x000000aa   Code   RO         3876    .text.USARTLib_Init  usart_lib.o
    0x0800adb6   0x0800adb6   0x00000002   PAD
    0x0800adb8   0x0800adb8   0x00000014   Code   RO         3882    .text.USARTLib_ReadInit  usart_lib.o
    0x0800adcc   0x0800adcc   0x00000020   Code   RO         3916    .text.USARTLib_RealTime_AddByte  usart_lib.o
    0x0800adec   0x0800adec   0x00000014   Code   RO         3920    .text.USARTLib_RealTime_AddByteCRC  usart_lib.o
    0x0800ae00   0x0800ae00   0x00000020   Code   RO         3918    .text.USARTLib_RealTime_AddByteSize  usart_lib.o
    0x0800ae20   0x0800ae20   0x00000020   Code   RO         3900    .text.USARTLib_TimeOVFTask  usart_lib.o
    0x0800ae40   0x0800ae40   0x00000014   Code   RO         3988    .text.USARTTask_CRCTask_Read  usart_task.o
    0x0800ae54   0x0800ae54   0x00000014   Code   RO         4000    .text.USARTTask_DeviceID  usart_task.o
    0x0800ae68   0x0800ae68   0x00000014   Code   RO         3956    .text.USARTTask_GetReadState  usart_task.o
    0x0800ae7c   0x0800ae7c   0x00000020   Code   RO         3970    .text.USARTTask_ITRead_Task  usart_task.o
    0x0800ae9c   0x0800ae9c   0x00000014   Code   RO         3976    .text.USARTTask_ITWrite_TCTask  usart_task.o
    0x0800aeb0   0x0800aeb0   0x00000014   Code   RO         3974    .text.USARTTask_ITWrite_TXETask  usart_task.o
    0x0800aec4   0x0800aec4   0x000000b0   Code   RO         3948    .text.USARTTask_Init  usart_task.o
    0x0800af74   0x0800af74   0x00000014   Code   RO         3954    .text.USARTTask_ReadInit  usart_task.o
    0x0800af88   0x0800af88   0x00000020   Code   RO         3978    .text.USARTTask_RealTime_AddByte  usart_task.o
    0x0800afa8   0x0800afa8   0x00000014   Code   RO         3982    .text.USARTTask_RealTime_AddByteCRC  usart_task.o
    0x0800afbc   0x0800afbc   0x00000020   Code   RO         3980    .text.USARTTask_RealTime_AddByteSize  usart_task.o
    0x0800afdc   0x0800afdc   0x00000018   Code   RO         3964    .text.USARTTask_TimeOVFTask  usart_task.o
    0x0800aff4   0x0800aff4   0x00000046   Code   RO         3730    .text.USART_485GPIOInit  usart_cfg.o
    0x0800b03a   0x0800b03a   0x00000002   PAD
    0x0800b03c   0x0800b03c   0x0000030e   Code   RO         3808    .text.USART_CRCTask_Read  usart_cfg.o
    0x0800b34a   0x0800b34a   0x00000002   PAD
    0x0800b34c   0x0800b34c   0x00000034   Code   RO         3760    .text.USART_ClearOVF  usart_cfg.o
    0x0800b380   0x0800b380   0x00000130   Code   RO         3832    .text.USART_Clock   usart_cfg.o
    0x0800b4b0   0x0800b4b0   0x00000040   Code   RO         3824    .text.USART_DeviceID  usart_cfg.o
    0x0800b4f0   0x0800b4f0   0x00000060   Code   RO         3844    .text.USART_DeviceInit  usart_cfg.o
    0x0800b550   0x0800b550   0x0000004a   Code   RO         3726    .text.USART_GPIOInit  usart_cfg.o
    0x0800b59a   0x0800b59a   0x00000002   PAD
    0x0800b59c   0x0800b59c   0x00000012   Code   RO         3816    .text.USART_GetReadState  usart_cfg.o
    0x0800b5ae   0x0800b5ae   0x00000002   PAD
    0x0800b5b0   0x0800b5b0   0x000001d4   Code   RO         3762    .text.USART_ITRead_16BitsTask  usart_cfg.o
    0x0800b784   0x0800b784   0x00000186   Code   RO         3758    .text.USART_ITRead_8BitsTask  usart_cfg.o
    0x0800b90a   0x0800b90a   0x00000002   PAD
    0x0800b90c   0x0800b90c   0x00000046   Code   RO         3764    .text.USART_ITRead_Task  usart_cfg.o
    0x0800b952   0x0800b952   0x00000002   PAD
    0x0800b954   0x0800b954   0x00000076   Code   RO         3790    .text.USART_ITWrite_TCTask  usart_cfg.o
    0x0800b9ca   0x0800b9ca   0x00000002   PAD
    0x0800b9cc   0x0800b9cc   0x000000c0   Code   RO         3784    .text.USART_ITWrite_TXETask  usart_cfg.o
    0x0800ba8c   0x0800ba8c   0x000000f4   Code   RO         3718    .text.USART_Init    usart_cfg.o
    0x0800bb80   0x0800bb80   0x00000044   Code   RO         3766    .text.USART_PollMode_WriteByte  usart_cfg.o
    0x0800bbc4   0x0800bbc4   0x00000132   Code   RO         3752    .text.USART_Printf  usart_cfg.o
    0x0800bcf6   0x0800bcf6   0x00000002   PAD
    0x0800bcf8   0x0800bcf8   0x0000004c   Code   RO         3754    .text.USART_ReadInit  usart_cfg.o
    0x0800bd44   0x0800bd44   0x00000090   Code   RO         3794    .text.USART_RealTime_AddByte  usart_cfg.o
    0x0800bdd4   0x0800bdd4   0x00000126   Code   RO         3802    .text.USART_RealTime_AddByteCRC  usart_cfg.o
    0x0800befa   0x0800befa   0x00000002   PAD
    0x0800befc   0x0800befc   0x00000108   Code   RO         3800    .text.USART_RealTime_AddByteSize  usart_cfg.o
    0x0800c004   0x0800c004   0x000000c6   Code   RO         3716    .text.USART_StructInit  usart_cfg.o
    0x0800c0ca   0x0800c0ca   0x00000002   PAD
    0x0800c0cc   0x0800c0cc   0x00000104   Code   RO         3750    .text.USART_TimeOVFTask  usart_cfg.o
    0x0800c1d0   0x0800c1d0   0x0000005a   Code   RO         3744    .text.USART_TimeTick_Init  usart_cfg.o
    0x0800c22a   0x0800c22a   0x00000002   PAD
    0x0800c22c   0x0800c22c   0x00000128   Code   RO         3748    .text.USART_TimeTick_OVF  usart_cfg.o
    0x0800c354   0x0800c354   0x00000050   Code   RO         3756    .text.USART_WriteInit  usart_cfg.o
    0x0800c3a4   0x0800c3a4   0x00000004   Code   RO           69    .text.UsageFault_Handler  stm32f1xx_it.o
    0x0800c3a8   0x0800c3a8   0x0000002c   Code   RO         4287    .text.WM8510Lib_I2C_Init  wm8510_lib.o
    0x0800c3d4   0x0800c3d4   0x00000014   Code   RO         4297    .text.WM8510Lib_I2C_Reset  wm8510_lib.o
    0x0800c3e8   0x0800c3e8   0x0000001c   Code   RO         4299    .text.WM8510Lib_I2C_SetFreqHzWithAllFreqReg  wm8510_lib.o
    0x0800c404   0x0800c404   0x0000002c   Code   RO         4317    .text.WM8510Task_I2C_Init  wm8510_task.o
    0x0800c430   0x0800c430   0x00000014   Code   RO         4327    .text.WM8510Task_I2C_Reset  wm8510_task.o
    0x0800c444   0x0800c444   0x0000001c   Code   RO         4329    .text.WM8510Task_I2C_SetFreqHzWithAllFreqReg  wm8510_task.o
    0x0800c460   0x0800c460   0x00000018   Code   RO         4253    .text.WM8510_Calc_FreqAdd  wm8510_cfg.o
    0x0800c478   0x0800c478   0x000004ec   Code   RO         4255    .text.WM8510_Calc_PllRate  wm8510_cfg.o
    0x0800c964   0x0800c964   0x00000022   Code   RO         4251    .text.WM8510_HWI2C_WriteReg  wm8510_cfg.o
    0x0800c986   0x0800c986   0x00000002   PAD
    0x0800c988   0x0800c988   0x00000050   Code   RO         4235    .text.WM8510_I2C_Device0_Init  wm8510_cfg.o
    0x0800c9d8   0x0800c9d8   0x0000000e   Code   RO         4237    .text.WM8510_I2C_Device1_Init  wm8510_cfg.o
    0x0800c9e6   0x0800c9e6   0x00000002   PAD
    0x0800c9e8   0x0800c9e8   0x0000000e   Code   RO         4239    .text.WM8510_I2C_Device2_Init  wm8510_cfg.o
    0x0800c9f6   0x0800c9f6   0x00000002   PAD
    0x0800c9f8   0x0800c9f8   0x000000d4   Code   RO         4241    .text.WM8510_I2C_Init  wm8510_cfg.o
    0x0800cacc   0x0800cacc   0x00000052   Code   RO         4265    .text.WM8510_I2C_Reset  wm8510_cfg.o
    0x0800cb1e   0x0800cb1e   0x00000002   PAD
    0x0800cb20   0x0800cb20   0x0000004e   Code   RO         4243    .text.WM8510_I2C_START  wm8510_cfg.o
    0x0800cb6e   0x0800cb6e   0x00000002   PAD
    0x0800cb70   0x0800cb70   0x00000044   Code   RO         4245    .text.WM8510_I2C_SendCMD  wm8510_cfg.o
    0x0800cbb4   0x0800cbb4   0x000000d6   Code   RO         4267    .text.WM8510_I2C_SetFreqHzWithAllFreqReg  wm8510_cfg.o
    0x0800cc8a   0x0800cc8a   0x00000002   PAD
    0x0800cc8c   0x0800cc8c   0x000000b2   Code   RO         4233    .text.WM8510_I2C_StructInit  wm8510_cfg.o
    0x0800cd3e   0x0800cd3e   0x00000002   PAD
    0x0800cd40   0x0800cd40   0x000000b6   Code   RO         4249    .text.WM8510_SWI2C_WriteReg  wm8510_cfg.o
    0x0800cdf6   0x0800cdf6   0x00000002   PAD
    0x0800cdf8   0x0800cdf8   0x00000010   Code   RO           79    .text.WWDG_IRQHandler  stm32f1xx_it.o
    0x0800ce08   0x0800ce08   0x00000012   Code   RO          130    .text._Error_Handler  stm32_cfg.o
    0x0800ce1a   0x0800ce1a   0x00000002   PAD
    0x0800ce1c   0x0800ce1c   0x00000004   Code   RO          126    .text._irq_disable  stm32_cfg.o
    0x0800ce20   0x0800ce20   0x00000004   Code   RO          128    .text._irq_enable   stm32_cfg.o
    0x0800ce24   0x0800ce24   0x0000009a   Code   RO         1213    .text.main          main.o
    0x0800cebe   0x0800cebe   0x00000002   PAD
    0x0800cec0   0x0800cec0   0x0000002c   Code   RO         4440    i.__0vsnprintf      mc_w.l(printfa.o)
    0x0800ceec   0x0800ceec   0x0000000e   Code   RO         4526    i.__scatterload_copy  mc_w.l(handlers.o)
    0x0800cefa   0x0800cefa   0x00000002   Code   RO         4527    i.__scatterload_null  mc_w.l(handlers.o)
    0x0800cefc   0x0800cefc   0x0000000e   Code   RO         4528    i.__scatterload_zeroinit  mc_w.l(handlers.o)
    0x0800cf0a   0x0800cf0a   0x00000002   PAD
    0x0800cf0c   0x0800cf0c   0x00000184   Code   RO         4442    i._fp_digits        mc_w.l(printfa.o)
    0x0800d090   0x0800d090   0x000006dc   Code   RO         4443    i._printf_core      mc_w.l(printfa.o)
    0x0800d76c   0x0800d76c   0x00000024   Code   RO         4444    i._printf_post_padding  mc_w.l(printfa.o)
    0x0800d790   0x0800d790   0x0000002e   Code   RO         4445    i._printf_pre_padding  mc_w.l(printfa.o)
    0x0800d7be   0x0800d7be   0x00000016   Code   RO         4446    i._snputc           mc_w.l(printfa.o)
    0x0800d7d4   0x0800d7d4   0x00000010   Data   RO          219    .rodata.AHBPrescTable  system_stm32f1xx.o
    0x0800d7e4   0x0800d7e4   0x00000008   Data   RO          220    .rodata.APBPrescTable  system_stm32f1xx.o
    0x0800d7ec   0x0800d7ec   0x00000007   Data   RO          115    .rodata.CHANNEL_OFFSET_TAB  stm32f1xx_it.o
    0x0800d7f3   0x0800d7f3   0x00000007   Data   RO          658    .rodata.CHANNEL_OFFSET_TAB  stm32f1xx_ll_dma.o
    0x0800d7fa   0x0800d7fa   0x00000007   Data   RO         1113    .rodata.CHANNEL_OFFSET_TAB  adc_cfg.o
    0x0800d801   0x0800d801   0x00000007   Data   RO         3663    .rodata.OFFSET_TAB_CCMRx  timer_cfg.o
    0x0800d808   0x0800d808   0x00000007   Data   RO         1692    .rodata.SHIFT_TAB_CCxP  decode_cfg.o
    0x0800d80f   0x0800d80f   0x00000007   Data   RO         3665    .rodata.SHIFT_TAB_CCxP  timer_cfg.o
    0x0800d816   0x0800d816   0x00000007   Data   RO         3664    .rodata.SHIFT_TAB_ICxx  timer_cfg.o
    0x0800d81d   0x0800d81d   0x00000001   PAD
    0x0800d81e   0x0800d81e   0x00000200   Data   RO         1422    .rodata.crc16Table  crc_cfg.o
    0x0800da1e   0x0800da1e   0x00000100   Data   RO         1423    .rodata.crc8Table07  crc_cfg.o
    0x0800db1e   0x0800db1e   0x00000100   Data   RO         1424    .rodata.crc8Table31  crc_cfg.o
    0x0800dc1e   0x0800dc1e   0x0000001a   Data   RO         1215    .rodata.str1.1      main.o
    0x0800dc38   0x0800dc38   0x0000001f   Data   RO         3248    .rodata.str1.1      rfask_task.o
    0x0800dc57   0x0800dc57   0x00000056   Data   RO         3863    .rodata.str1.1      usart_cfg.o
    0x0800dcad   0x0800dcad   0x00000003   PAD
    0x0800dcb0   0x0800dcb0   0x00000020   Data   RO         4524    Region$$Table       anon$$obj.o


    Execution Region RW_IRAM1 (Exec base: 0x20000000, Load base: 0x0800dcd0, Size: 0x00002d68, Max: 0x00018000, ABSOLUTE)

    Exec Addr    Load Addr    Size         Type   Attr      Idx    E Section Name        Object

    0x20000000   0x0800dcd0   0x00000004   Data   RW          218    .data.SystemCoreClock  system_stm32f1xx.o
    0x20000004   0x0800dcd4   0x00000001   Data   RW         1425    .data.g_CRCIsEnable  crc_cfg.o
    0x20000005   0x0800dcd5   0x00000003   PAD
    0x20000008   0x0800dcd8   0x00000004   Data   RW         1110    .data.pABChannelADC  adc_cfg.o
    0x2000000c   0x0800dcdc   0x00000004   Data   RW         1112    .data.pCDChannelADC  adc_cfg.o
    0x20000010   0x0800dce0   0x00000004   Data   RW         3662    .data.pCalcFreq     timer_cfg.o
    0x20000014   0x0800dce4   0x00000004   Data   RW         3163    .data.pRFASK        rfask_cfg.o
    0x20000018   0x0800dce8   0x00000004   Data   RW         3538    .data.pSysTick      systick_cfg.o
    0x2000001c   0x0800dcec   0x00000004   Data   RW         3861    .data.pUSART1       usart_cfg.o
    0x20000020   0x0800dcf0   0x00000004   Data   RW         4276    .data.pWM8510Device0  wm8510_cfg.o
    0x20000024   0x0800dcf4   0x00000004   Data   RW          342    .data.uwTickFreq    stm32f1xx_hal.o
    0x20000028        -       0x00000004   Zero   RW         2793    .bss.LEDWork_Task.ledCount  led_cfg.o
    0x2000002c        -       0x0000070c   Zero   RW         4004    .bss.USART1_RX_BUFFER  usart_task.o
    0x20000738        -       0x0000070c   Zero   RW         4005    .bss.USART1_TX_BUFFER  usart_task.o
    0x20000e44        -       0x00000001   Zero   RW         3865    .bss.USART_ITRead_16BitsTask.tempVal  usart_cfg.o
    0x20000e45        -       0x00000001   Zero   RW         3864    .bss.USART_ITRead_8BitsTask.tempVal  usart_cfg.o
    0x20000e46        -       0x00000004   Zero   RW         1691    .bss.decodeActivateSite  decode_cfg.o
    0x20000e4a        -       0x00000008   Zero   RW         1688    .bss.decodeBitIndex  decode_cfg.o
    0x20000e52   0x0800dcf8   0x00000002   PAD
    0x20000e54        -       0x00000010   Zero   RW         1681    .bss.decodeCaptureCount  decode_cfg.o
    0x20000e64        -       0x00000010   Zero   RW         1683    .bss.decodeFallingPulseCount  decode_cfg.o
    0x20000e74        -       0x00000004   Zero   RW         1686    .bss.decodeIcpMode  decode_cfg.o
    0x20000e78        -       0x00000010   Zero   RW         1680    .bss.decodeMinPulseCount  decode_cfg.o
    0x20000e88        -       0x00000010   Zero   RW         1690    .bss.decodeNowCount  decode_cfg.o
    0x20000e98        -       0x00000010   Zero   RW         1684    .bss.decodeOverFlowCount  decode_cfg.o
    0x20000ea8        -       0x00000010   Zero   RW         1685    .bss.decodeOverFlowCountBKP  decode_cfg.o
    0x20000eb8        -       0x00000010   Zero   RW         1689    .bss.decodePulseWidth  decode_cfg.o
    0x20000ec8        -       0x00000010   Zero   RW         1682    .bss.decodeRisingPulseCount  decode_cfg.o
    0x20000ed8        -       0x00000004   Zero   RW         1687    .bss.decodeStep     decode_cfg.o
    0x20000edc        -       0x0000004e   Zero   RW         1109    .bss.g_ABChannelADC  adc_cfg.o
    0x20000f2a        -       0x0000004e   Zero   RW         1111    .bss.g_CDChannelADC  adc_cfg.o
    0x20000f78        -       0x0000000c   Zero   RW         3661    .bss.g_CalcFreq     timer_cfg.o
    0x20000f84        -       0x00000800   Zero   RW         1993    .bss.g_EepromVal    eeprom_cfg.o
    0x20001784        -       0x00000114   Zero   RW         3162    .bss.g_RFASK        rfask_cfg.o
    0x20001898        -       0x00000014   Zero   RW         3537    .bss.g_SysTick      systick_cfg.o
    0x200018ac        -       0x00000060   Zero   RW         3860    .bss.g_USART1       usart_cfg.o
    0x2000190c        -       0x00000058   Zero   RW         4275    .bss.g_WM8510Device0  wm8510_cfg.o
    0x20001964        -       0x00000400   Zero   RW         3862    .bss.printfBuffer   usart_cfg.o
    0x20001d64        -       0x00000004   Zero   RW          343    .bss.uwTick         stm32f1xx_hal.o
    0x20001d68        -       0x00001000   Zero   RW         1008    STACK               startup_stm32f103xg.o


==============================================================================

Image component sizes


      Code (inc. data)   RO Data    RW Data    ZI Data      Debug   Object Name

      3150          0          7          8        156      15243   adc_cfg.o
        68          0          0          0          0       2045   adc_lib.o
       342          4          0          0          0       3264   adc_task.o
       358          0          0          0          0       5247   complier_lib.o
       636          0       1024          1          0       5050   crc_cfg.o
       144          0          0          0          0       1469   crc_lib.o
       144          0          0          0          0       1483   crc_task.o
       220          0          0          0          0       6301   css_cfg.o
        16          0          0          0          0        783   css_lib.o
        16          0          0          0          0        793   css_task.o
      5166         18          7          0        148      16128   decode_cfg.o
        80          0          0          0          0       1519   decode_lib.o
       108          0          0          0          0       1675   decode_task.o
       146          0          0          0          0       2602   delay_cfg.o
        40          0          0          0          0       1672   delay_lib.o
        40          0          0          0          0       1304   delay_task.o
        28          0          0          0       2048       2772   eeprom_cfg.o
         8          0          0          0          0       1457   eeprom_lib.o
         8          0          0          0          0       1469   eeprom_task.o
        92          0          0          0          0       3374   flash_cfg.o
        44          0          0          0          0       1183   flash_lib.o
        44          0          0          0          0       1437   flash_task.o
       574          0          0          0          0       2566   gpio_cfg.o
        40          0          0          0          0       1171   gpio_lib.o
        40          0          0          0          0       1177   gpio_task.o
       942          0          0          0          0       7119   i2c_cfg.o
       182          0          0          0          0       5459   i2c_lib.o
       132          0          0          0          0       4495   i2c_task.o
        44          0          0          0          0       2905   iwdg_cfg.o
         8          0          0          0          0        823   iwdg_lib.o
         8          0          0          0          0        831   iwdg_task.o
      1372          0          0          0          0       3504   key_cfg.o
       128          0          0          0          0       1607   key_lib.o
       128          0          0          0          0       1627   key_task.o
       332          0          0          0          4       2033   led_cfg.o
         8          0          0          0          0        448   led_lib.o
         8          0          0          0          0        452   led_task.o
      1460          0         26          0          0       8173   main.o
       398          0          0          0          0       1584   power_cfg.o
         8          0          0          0          0        585   power_lib.o
         8          0          0          0          0        591   power_task.o
         2          0          0          0          0       1198   random_cfg.o
         8          0          0          0          0       1065   random_lib.o
         8          0          0          0          0       1075   random_task.o
      2580         22          0          4        276       7001   rfask_cfg.o
       120          0          0          0          0       3078   rfask_lib.o
     10644         96         31          0          0      17889   rfask_task.o
        36          8        304          0       4096        836   startup_stm32f103xg.o
        98          0          0          0          0       8841   stm32_cfg.o
        26          0          0          4          4       6625   stm32f1xx_hal.o
       718          0          7          0          0       5642   stm32f1xx_it.o
       762          0          0          0          0       5559   stm32f1xx_ll_adc.o
       100          0          0          0          0       1665   stm32f1xx_ll_crc.o
      1142          0          7          0          0       4335   stm32f1xx_ll_dma.o
       578          0          0          0          0       4183   stm32f1xx_ll_gpio.o
       492          0          0          0          0       5432   stm32f1xx_ll_rcc.o
      1622          0          0          0          0      10080   stm32f1xx_ll_tim.o
       760          0          0          0          0       4767   stm32f1xx_ll_usart.o
        24          0          0          0          0       6759   stm32f1xx_ll_utils.o
        96          0         24          4          0       2267   system_stm32f1xx.o
      1212          0          0          4         20       8193   systick_cfg.o
        92          0          0          0          0       1828   systick_lib.o
        92          0          0          0          0       1848   systick_task.o
      2278          0         21          4         12       8381   timer_cfg.o
        56          0          0          0          0       1920   timer_lib.o
        56          0          0          0          0       1932   timer_task.o
      6254         10         86          4       1122      24333   usart_cfg.o
       532          0          0          0          0       8602   usart_lib.o
       436          0          0          0       3608       8536   usart_task.o
      2440          0          0          4         88       9927   wm8510_cfg.o
        92          0          0          0          0       4122   wm8510_lib.o
        92          0          0          0          0       4422   wm8510_task.o

    ----------------------------------------------------------------------
     50564        158       1580         40      11584     307761   Object Totals
         0          0         32          0          0          0   (incl. Generated)
       398          0          4          3          2          0   (incl. Padding)

    ----------------------------------------------------------------------

      Code (inc. data)   RO Data    RW Data    ZI Data      Debug   Library Member Name

         0          0          0          0          0          0   entry.o
         0          0          0          0          0          0   entry10a.o
         0          0          0          0          0          0   entry11a.o
         8          4          0          0          0          0   entry2.o
         4          0          0          0          0          0   entry5.o
         0          0          0          0          0          0   entry7b.o
         0          0          0          0          0          0   entry8b.o
         8          4          0          0          0          0   entry9a.o
        30          0          0          0          0          0   handlers.o
        36          8          0          0          0         68   init.o
         0          0          0          0          0          0   iusefp.o
        30          0          0          0          0         68   llshl.o
        36          0          0          0          0         68   llsshr.o
        32          0          0          0          0         68   llushr.o
        36          0          0          0          0        108   memseta.o
      2292         84          0          0          0        516   printfa.o
        44          0          0          0          0         80   uidiv.o
        98          0          0          0          0         92   uldiv.o
        48          0          0          0          0         68   cdrcmple.o
       334          0          0          0          0        148   dadd.o
       222          0          0          0          0        100   ddiv.o
       186          0          0          0          0        176   depilogue.o
        50          0          0          0          0         76   dfixui.o
        48          0          0          0          0         68   dfixul.o
        34          0          0          0          0         76   dflti.o
       228          0          0          0          0         96   dmul.o
       176          0          0          0          0        140   fadd.o
       124          0          0          0          0         88   fdiv.o
       110          0          0          0          0        168   fepilogue.o
        40          0          0          0          0         68   ffixui.o
        18          0          0          0          0         68   fflti.o
        10          0          0          0          0         68   ffltui.o
       100          0          0          0          0         76   fmul.o

    ----------------------------------------------------------------------
      4384        100          0          0          0       2552   Library Totals
         2          0          0          0          0          0   (incl. Padding)

    ----------------------------------------------------------------------

      Code (inc. data)   RO Data    RW Data    ZI Data      Debug   Library Name

      2654        100          0          0          0       1068   mc_w.l
      1728          0          0          0          0       1484   mf_w.l

    ----------------------------------------------------------------------
      4384        100          0          0          0       2552   Library Totals

    ----------------------------------------------------------------------

==============================================================================


      Code (inc. data)   RO Data    RW Data    ZI Data      Debug   

     54948        258       1580         40      11584     307993   Grand Totals
     54948        258       1580         40      11584     307993   ELF Image Totals
     54948        258       1580         40          0          0   ROM Totals

==============================================================================

    Total RO  Size (Code + RO Data)                56528 (  55.20kB)
    Total RW  Size (RW Data + ZI Data)             11624 (  11.35kB)
    Total ROM Size (Code + RO Data + RW Data)      56568 (  55.24kB)

==============================================================================

