###############################################################################
#
# IAR ELF Linker V8.32.1.169/W32 for ARM                  21/Dec/2018  19:23:40
# Copyright 2007-2018 IAR Systems AB.
#
#    Output file  =  
#        J:\STM32_MCU\STM32F103\STM32F103VGT6Project\STM32F103VGT6Project\EWARM\STM32F103VGT6Project\Exe\STM32F103VGT6Project.out
#    Map file     =  
#        J:\STM32_MCU\STM32F103\STM32F103VGT6Project\STM32F103VGT6Project\EWARM\STM32F103VGT6Project\List\STM32F103VGT6Project.map
#    Command line =  
#        -f C:\Users\Harry\AppData\Local\Temp\EW5F35.tmp
#        (J:\STM32_MCU\STM32F103\STM32F103VGT6Project\STM32F103VGT6Project\EWARM\STM32F103VGT6Project\Obj\ad5593_cfg.o
#        J:\STM32_MCU\STM32F103\STM32F103VGT6Project\STM32F103VGT6Project\EWARM\STM32F103VGT6Project\Obj\ad5593_lib.o
#        J:\STM32_MCU\STM32F103\STM32F103VGT6Project\STM32F103VGT6Project\EWARM\STM32F103VGT6Project\Obj\ad5593_task.o
#        J:\STM32_MCU\STM32F103\STM32F103VGT6Project\STM32F103VGT6Project\EWARM\STM32F103VGT6Project\Obj\adc_cfg.o
#        J:\STM32_MCU\STM32F103\STM32F103VGT6Project\STM32F103VGT6Project\EWARM\STM32F103VGT6Project\Obj\adc_lib.o
#        J:\STM32_MCU\STM32F103\STM32F103VGT6Project\STM32F103VGT6Project\EWARM\STM32F103VGT6Project\Obj\adc_task.o
#        J:\STM32_MCU\STM32F103\STM32F103VGT6Project\STM32F103VGT6Project\EWARM\STM32F103VGT6Project\Obj\ads8688_cfg.o
#        J:\STM32_MCU\STM32F103\STM32F103VGT6Project\STM32F103VGT6Project\EWARM\STM32F103VGT6Project\Obj\ads8688_lib.o
#        J:\STM32_MCU\STM32F103\STM32F103VGT6Project\STM32F103VGT6Project\EWARM\STM32F103VGT6Project\Obj\ads8688_task.o
#        J:\STM32_MCU\STM32F103\STM32F103VGT6Project\STM32F103VGT6Project\EWARM\STM32F103VGT6Project\Obj\at24cxx_cfg.o
#        J:\STM32_MCU\STM32F103\STM32F103VGT6Project\STM32F103VGT6Project\EWARM\STM32F103VGT6Project\Obj\at24cxx_lib.o
#        J:\STM32_MCU\STM32F103\STM32F103VGT6Project\STM32F103VGT6Project\EWARM\STM32F103VGT6Project\Obj\at24cxx_task.o
#        J:\STM32_MCU\STM32F103\STM32F103VGT6Project\STM32F103VGT6Project\EWARM\STM32F103VGT6Project\Obj\bkp_cfg.o
#        J:\STM32_MCU\STM32F103\STM32F103VGT6Project\STM32F103VGT6Project\EWARM\STM32F103VGT6Project\Obj\bkp_lib.o
#        J:\STM32_MCU\STM32F103\STM32F103VGT6Project\STM32F103VGT6Project\EWARM\STM32F103VGT6Project\Obj\bkp_task.o
#        J:\STM32_MCU\STM32F103\STM32F103VGT6Project\STM32F103VGT6Project\EWARM\STM32F103VGT6Project\Obj\complier_cfg.o
#        J:\STM32_MCU\STM32F103\STM32F103VGT6Project\STM32F103VGT6Project\EWARM\STM32F103VGT6Project\Obj\complier_lib.o
#        J:\STM32_MCU\STM32F103\STM32F103VGT6Project\STM32F103VGT6Project\EWARM\STM32F103VGT6Project\Obj\crc_cfg.o
#        J:\STM32_MCU\STM32F103\STM32F103VGT6Project\STM32F103VGT6Project\EWARM\STM32F103VGT6Project\Obj\crc_lib.o
#        J:\STM32_MCU\STM32F103\STM32F103VGT6Project\STM32F103VGT6Project\EWARM\STM32F103VGT6Project\Obj\crc_task.o
#        J:\STM32_MCU\STM32F103\STM32F103VGT6Project\STM32F103VGT6Project\EWARM\STM32F103VGT6Project\Obj\css_cfg.o
#        J:\STM32_MCU\STM32F103\STM32F103VGT6Project\STM32F103VGT6Project\EWARM\STM32F103VGT6Project\Obj\css_lib.o
#        J:\STM32_MCU\STM32F103\STM32F103VGT6Project\STM32F103VGT6Project\EWARM\STM32F103VGT6Project\Obj\css_task.o
#        J:\STM32_MCU\STM32F103\STM32F103VGT6Project\STM32F103VGT6Project\EWARM\STM32F103VGT6Project\Obj\decode_cfg.o
#        J:\STM32_MCU\STM32F103\STM32F103VGT6Project\STM32F103VGT6Project\EWARM\STM32F103VGT6Project\Obj\decode_lib.o
#        J:\STM32_MCU\STM32F103\STM32F103VGT6Project\STM32F103VGT6Project\EWARM\STM32F103VGT6Project\Obj\decode_task.o
#        J:\STM32_MCU\STM32F103\STM32F103VGT6Project\STM32F103VGT6Project\EWARM\STM32F103VGT6Project\Obj\delay_cfg.o
#        J:\STM32_MCU\STM32F103\STM32F103VGT6Project\STM32F103VGT6Project\EWARM\STM32F103VGT6Project\Obj\delay_lib.o
#        J:\STM32_MCU\STM32F103\STM32F103VGT6Project\STM32F103VGT6Project\EWARM\STM32F103VGT6Project\Obj\delay_task.o
#        J:\STM32_MCU\STM32F103\STM32F103VGT6Project\STM32F103VGT6Project\EWARM\STM32F103VGT6Project\Obj\dht11_cfg.o
#        J:\STM32_MCU\STM32F103\STM32F103VGT6Project\STM32F103VGT6Project\EWARM\STM32F103VGT6Project\Obj\dht11_lib.o
#        J:\STM32_MCU\STM32F103\STM32F103VGT6Project\STM32F103VGT6Project\EWARM\STM32F103VGT6Project\Obj\dht11_task.o
#        J:\STM32_MCU\STM32F103\STM32F103VGT6Project\STM32F103VGT6Project\EWARM\STM32F103VGT6Project\Obj\ds1302_cfg.o
#        J:\STM32_MCU\STM32F103\STM32F103VGT6Project\STM32F103VGT6Project\EWARM\STM32F103VGT6Project\Obj\ds1302_lib.o
#        J:\STM32_MCU\STM32F103\STM32F103VGT6Project\STM32F103VGT6Project\EWARM\STM32F103VGT6Project\Obj\ds1302_task.o
#        J:\STM32_MCU\STM32F103\STM32F103VGT6Project\STM32F103VGT6Project\EWARM\STM32F103VGT6Project\Obj\ds18b20_cfg.o
#        J:\STM32_MCU\STM32F103\STM32F103VGT6Project\STM32F103VGT6Project\EWARM\STM32F103VGT6Project\Obj\ds18b20_lib.o
#        J:\STM32_MCU\STM32F103\STM32F103VGT6Project\STM32F103VGT6Project\EWARM\STM32F103VGT6Project\Obj\ds18b20_task.o
#        J:\STM32_MCU\STM32F103\STM32F103VGT6Project\STM32F103VGT6Project\EWARM\STM32F103VGT6Project\Obj\eeprom_cfg.o
#        J:\STM32_MCU\STM32F103\STM32F103VGT6Project\STM32F103VGT6Project\EWARM\STM32F103VGT6Project\Obj\eeprom_lib.o
#        J:\STM32_MCU\STM32F103\STM32F103VGT6Project\STM32F103VGT6Project\EWARM\STM32F103VGT6Project\Obj\eeprom_task.o
#        J:\STM32_MCU\STM32F103\STM32F103VGT6Project\STM32F103VGT6Project\EWARM\STM32F103VGT6Project\Obj\flash_cfg.o
#        J:\STM32_MCU\STM32F103\STM32F103VGT6Project\STM32F103VGT6Project\EWARM\STM32F103VGT6Project\Obj\flash_lib.o
#        J:\STM32_MCU\STM32F103\STM32F103VGT6Project\STM32F103VGT6Project\EWARM\STM32F103VGT6Project\Obj\flash_task.o
#        J:\STM32_MCU\STM32F103\STM32F103VGT6Project\STM32F103VGT6Project\EWARM\STM32F103VGT6Project\Obj\gpio_cfg.o
#        J:\STM32_MCU\STM32F103\STM32F103VGT6Project\STM32F103VGT6Project\EWARM\STM32F103VGT6Project\Obj\gpio_lib.o
#        J:\STM32_MCU\STM32F103\STM32F103VGT6Project\STM32F103VGT6Project\EWARM\STM32F103VGT6Project\Obj\gpio_task.o
#        J:\STM32_MCU\STM32F103\STM32F103VGT6Project\STM32F103VGT6Project\EWARM\STM32F103VGT6Project\Obj\hmc830_cfg.o
#        J:\STM32_MCU\STM32F103\STM32F103VGT6Project\STM32F103VGT6Project\EWARM\STM32F103VGT6Project\Obj\hmc830_lib.o
#        J:\STM32_MCU\STM32F103\STM32F103VGT6Project\STM32F103VGT6Project\EWARM\STM32F103VGT6Project\Obj\hmc830_task.o
#        J:\STM32_MCU\STM32F103\STM32F103VGT6Project\STM32F103VGT6Project\EWARM\STM32F103VGT6Project\Obj\i2c_cfg.o
#        J:\STM32_MCU\STM32F103\STM32F103VGT6Project\STM32F103VGT6Project\EWARM\STM32F103VGT6Project\Obj\i2c_lib.o
#        J:\STM32_MCU\STM32F103\STM32F103VGT6Project\STM32F103VGT6Project\EWARM\STM32F103VGT6Project\Obj\i2c_task.o
#        J:\STM32_MCU\STM32F103\STM32F103VGT6Project\STM32F103VGT6Project\EWARM\STM32F103VGT6Project\Obj\iap_cfg.o
#        J:\STM32_MCU\STM32F103\STM32F103VGT6Project\STM32F103VGT6Project\EWARM\STM32F103VGT6Project\Obj\iap_lib.o
#        J:\STM32_MCU\STM32F103\STM32F103VGT6Project\STM32F103VGT6Project\EWARM\STM32F103VGT6Project\Obj\iap_task.o
#        J:\STM32_MCU\STM32F103\STM32F103VGT6Project\STM32F103VGT6Project\EWARM\STM32F103VGT6Project\Obj\isp_cfg.o
#        J:\STM32_MCU\STM32F103\STM32F103VGT6Project\STM32F103VGT6Project\EWARM\STM32F103VGT6Project\Obj\isp_lib.o
#        J:\STM32_MCU\STM32F103\STM32F103VGT6Project\STM32F103VGT6Project\EWARM\STM32F103VGT6Project\Obj\isp_task.o
#        J:\STM32_MCU\STM32F103\STM32F103VGT6Project\STM32F103VGT6Project\EWARM\STM32F103VGT6Project\Obj\iwdg_cfg.o
#        J:\STM32_MCU\STM32F103\STM32F103VGT6Project\STM32F103VGT6Project\EWARM\STM32F103VGT6Project\Obj\iwdg_lib.o
#        J:\STM32_MCU\STM32F103\STM32F103VGT6Project\STM32F103VGT6Project\EWARM\STM32F103VGT6Project\Obj\iwdg_task.o
#        J:\STM32_MCU\STM32F103\STM32F103VGT6Project\STM32F103VGT6Project\EWARM\STM32F103VGT6Project\Obj\key_cfg.o
#        J:\STM32_MCU\STM32F103\STM32F103VGT6Project\STM32F103VGT6Project\EWARM\STM32F103VGT6Project\Obj\key_lib.o
#        J:\STM32_MCU\STM32F103\STM32F103VGT6Project\STM32F103VGT6Project\EWARM\STM32F103VGT6Project\Obj\key_task.o
#        J:\STM32_MCU\STM32F103\STM32F103VGT6Project\STM32F103VGT6Project\EWARM\STM32F103VGT6Project\Obj\lcd1602_cfg.o
#        J:\STM32_MCU\STM32F103\STM32F103VGT6Project\STM32F103VGT6Project\EWARM\STM32F103VGT6Project\Obj\lcd1602_lib.o
#        J:\STM32_MCU\STM32F103\STM32F103VGT6Project\STM32F103VGT6Project\EWARM\STM32F103VGT6Project\Obj\lcd1602_task.o
#        J:\STM32_MCU\STM32F103\STM32F103VGT6Project\STM32F103VGT6Project\EWARM\STM32F103VGT6Project\Obj\led_cfg.o
#        J:\STM32_MCU\STM32F103\STM32F103VGT6Project\STM32F103VGT6Project\EWARM\STM32F103VGT6Project\Obj\led_lib.o
#        J:\STM32_MCU\STM32F103\STM32F103VGT6Project\STM32F103VGT6Project\EWARM\STM32F103VGT6Project\Obj\led_task.o
#        J:\STM32_MCU\STM32F103\STM32F103VGT6Project\STM32F103VGT6Project\EWARM\STM32F103VGT6Project\Obj\main.o
#        J:\STM32_MCU\STM32F103\STM32F103VGT6Project\STM32F103VGT6Project\EWARM\STM32F103VGT6Project\Obj\nrf2401_cfg.o
#        J:\STM32_MCU\STM32F103\STM32F103VGT6Project\STM32F103VGT6Project\EWARM\STM32F103VGT6Project\Obj\nrf2401_lib.o
#        J:\STM32_MCU\STM32F103\STM32F103VGT6Project\STM32F103VGT6Project\EWARM\STM32F103VGT6Project\Obj\nrf2401_task.o
#        J:\STM32_MCU\STM32F103\STM32F103VGT6Project\STM32F103VGT6Project\EWARM\STM32F103VGT6Project\Obj\oled_cfg.o
#        J:\STM32_MCU\STM32F103\STM32F103VGT6Project\STM32F103VGT6Project\EWARM\STM32F103VGT6Project\Obj\oled_lib.o
#        J:\STM32_MCU\STM32F103\STM32F103VGT6Project\STM32F103VGT6Project\EWARM\STM32F103VGT6Project\Obj\oled_task.o
#        J:\STM32_MCU\STM32F103\STM32F103VGT6Project\STM32F103VGT6Project\EWARM\STM32F103VGT6Project\Obj\one_wire_cfg.o
#        J:\STM32_MCU\STM32F103\STM32F103VGT6Project\STM32F103VGT6Project\EWARM\STM32F103VGT6Project\Obj\one_wire_lib.o
#        J:\STM32_MCU\STM32F103\STM32F103VGT6Project\STM32F103VGT6Project\EWARM\STM32F103VGT6Project\Obj\one_wire_task.o
#        J:\STM32_MCU\STM32F103\STM32F103VGT6Project\STM32F103VGT6Project\EWARM\STM32F103VGT6Project\Obj\pcf8563_cfg.o
#        J:\STM32_MCU\STM32F103\STM32F103VGT6Project\STM32F103VGT6Project\EWARM\STM32F103VGT6Project\Obj\pcf8563_lib.o
#        J:\STM32_MCU\STM32F103\STM32F103VGT6Project\STM32F103VGT6Project\EWARM\STM32F103VGT6Project\Obj\pcf8563_task.o
#        J:\STM32_MCU\STM32F103\STM32F103VGT6Project\STM32F103VGT6Project\EWARM\STM32F103VGT6Project\Obj\power_cfg.o
#        J:\STM32_MCU\STM32F103\STM32F103VGT6Project\STM32F103VGT6Project\EWARM\STM32F103VGT6Project\Obj\power_lib.o
#        J:\STM32_MCU\STM32F103\STM32F103VGT6Project\STM32F103VGT6Project\EWARM\STM32F103VGT6Project\Obj\power_task.o
#        J:\STM32_MCU\STM32F103\STM32F103VGT6Project\STM32F103VGT6Project\EWARM\STM32F103VGT6Project\Obj\random_cfg.o
#        J:\STM32_MCU\STM32F103\STM32F103VGT6Project\STM32F103VGT6Project\EWARM\STM32F103VGT6Project\Obj\random_lib.o
#        J:\STM32_MCU\STM32F103\STM32F103VGT6Project\STM32F103VGT6Project\EWARM\STM32F103VGT6Project\Obj\random_task.o
#        J:\STM32_MCU\STM32F103\STM32F103VGT6Project\STM32F103VGT6Project\EWARM\STM32F103VGT6Project\Obj\rfask_cfg.o
#        J:\STM32_MCU\STM32F103\STM32F103VGT6Project\STM32F103VGT6Project\EWARM\STM32F103VGT6Project\Obj\rfask_lib.o
#        J:\STM32_MCU\STM32F103\STM32F103VGT6Project\STM32F103VGT6Project\EWARM\STM32F103VGT6Project\Obj\rfask_task.o
#        J:\STM32_MCU\STM32F103\STM32F103VGT6Project\STM32F103VGT6Project\EWARM\STM32F103VGT6Project\Obj\rfaskhw_cfg.o
#        J:\STM32_MCU\STM32F103\STM32F103VGT6Project\STM32F103VGT6Project\EWARM\STM32F103VGT6Project\Obj\sht2x_cfg.o
#        J:\STM32_MCU\STM32F103\STM32F103VGT6Project\STM32F103VGT6Project\EWARM\STM32F103VGT6Project\Obj\sht2x_lib.o
#        J:\STM32_MCU\STM32F103\STM32F103VGT6Project\STM32F103VGT6Project\EWARM\STM32F103VGT6Project\Obj\sht2x_task.o
#        J:\STM32_MCU\STM32F103\STM32F103VGT6Project\STM32F103VGT6Project\EWARM\STM32F103VGT6Project\Obj\spi_cfg.o
#        J:\STM32_MCU\STM32F103\STM32F103VGT6Project\STM32F103VGT6Project\EWARM\STM32F103VGT6Project\Obj\spi_lib.o
#        J:\STM32_MCU\STM32F103\STM32F103VGT6Project\STM32F103VGT6Project\EWARM\STM32F103VGT6Project\Obj\spi_task.o
#        J:\STM32_MCU\STM32F103\STM32F103VGT6Project\STM32F103VGT6Project\EWARM\STM32F103VGT6Project\Obj\startup_stm32f103xg.o
#        J:\STM32_MCU\STM32F103\STM32F103VGT6Project\STM32F103VGT6Project\EWARM\STM32F103VGT6Project\Obj\stm32_cfg.o
#        J:\STM32_MCU\STM32F103\STM32F103VGT6Project\STM32F103VGT6Project\EWARM\STM32F103VGT6Project\Obj\stm32f1xx_hal.o
#        J:\STM32_MCU\STM32F103\STM32F103VGT6Project\STM32F103VGT6Project\EWARM\STM32F103VGT6Project\Obj\stm32f1xx_it.o
#        J:\STM32_MCU\STM32F103\STM32F103VGT6Project\STM32F103VGT6Project\EWARM\STM32F103VGT6Project\Obj\stm32f1xx_ll_adc.o
#        J:\STM32_MCU\STM32F103\STM32F103VGT6Project\STM32F103VGT6Project\EWARM\STM32F103VGT6Project\Obj\stm32f1xx_ll_crc.o
#        J:\STM32_MCU\STM32F103\STM32F103VGT6Project\STM32F103VGT6Project\EWARM\STM32F103VGT6Project\Obj\stm32f1xx_ll_dma.o
#        J:\STM32_MCU\STM32F103\STM32F103VGT6Project\STM32F103VGT6Project\EWARM\STM32F103VGT6Project\Obj\stm32f1xx_ll_exti.o
#        J:\STM32_MCU\STM32F103\STM32F103VGT6Project\STM32F103VGT6Project\EWARM\STM32F103VGT6Project\Obj\stm32f1xx_ll_gpio.o
#        J:\STM32_MCU\STM32F103\STM32F103VGT6Project\STM32F103VGT6Project\EWARM\STM32F103VGT6Project\Obj\stm32f1xx_ll_i2c.o
#        J:\STM32_MCU\STM32F103\STM32F103VGT6Project\STM32F103VGT6Project\EWARM\STM32F103VGT6Project\Obj\stm32f1xx_ll_rcc.o
#        J:\STM32_MCU\STM32F103\STM32F103VGT6Project\STM32F103VGT6Project\EWARM\STM32F103VGT6Project\Obj\stm32f1xx_ll_sdmmc.o
#        J:\STM32_MCU\STM32F103\STM32F103VGT6Project\STM32F103VGT6Project\EWARM\STM32F103VGT6Project\Obj\stm32f1xx_ll_spi.o
#        J:\STM32_MCU\STM32F103\STM32F103VGT6Project\STM32F103VGT6Project\EWARM\STM32F103VGT6Project\Obj\stm32f1xx_ll_tim.o
#        J:\STM32_MCU\STM32F103\STM32F103VGT6Project\STM32F103VGT6Project\EWARM\STM32F103VGT6Project\Obj\stm32f1xx_ll_usart.o
#        J:\STM32_MCU\STM32F103\STM32F103VGT6Project\STM32F103VGT6Project\EWARM\STM32F103VGT6Project\Obj\stm32f1xx_ll_utils.o
#        J:\STM32_MCU\STM32F103\STM32F103VGT6Project\STM32F103VGT6Project\EWARM\STM32F103VGT6Project\Obj\system_stm32f1xx.o
#        J:\STM32_MCU\STM32F103\STM32F103VGT6Project\STM32F103VGT6Project\EWARM\STM32F103VGT6Project\Obj\systick_cfg.o
#        J:\STM32_MCU\STM32F103\STM32F103VGT6Project\STM32F103VGT6Project\EWARM\STM32F103VGT6Project\Obj\systick_lib.o
#        J:\STM32_MCU\STM32F103\STM32F103VGT6Project\STM32F103VGT6Project\EWARM\STM32F103VGT6Project\Obj\systick_task.o
#        J:\STM32_MCU\STM32F103\STM32F103VGT6Project\STM32F103VGT6Project\EWARM\STM32F103VGT6Project\Obj\timer_cfg.o
#        J:\STM32_MCU\STM32F103\STM32F103VGT6Project\STM32F103VGT6Project\EWARM\STM32F103VGT6Project\Obj\timer_lib.o
#        J:\STM32_MCU\STM32F103\STM32F103VGT6Project\STM32F103VGT6Project\EWARM\STM32F103VGT6Project\Obj\timer_task.o
#        J:\STM32_MCU\STM32F103\STM32F103VGT6Project\STM32F103VGT6Project\EWARM\STM32F103VGT6Project\Obj\usart_cfg.o
#        J:\STM32_MCU\STM32F103\STM32F103VGT6Project\STM32F103VGT6Project\EWARM\STM32F103VGT6Project\Obj\usart_dma_cfg.o
#        J:\STM32_MCU\STM32F103\STM32F103VGT6Project\STM32F103VGT6Project\EWARM\STM32F103VGT6Project\Obj\usart_dma_lib.o
#        J:\STM32_MCU\STM32F103\STM32F103VGT6Project\STM32F103VGT6Project\EWARM\STM32F103VGT6Project\Obj\usart_dma_task.o
#        J:\STM32_MCU\STM32F103\STM32F103VGT6Project\STM32F103VGT6Project\EWARM\STM32F103VGT6Project\Obj\usart_lib.o
#        J:\STM32_MCU\STM32F103\STM32F103VGT6Project\STM32F103VGT6Project\EWARM\STM32F103VGT6Project\Obj\usart_task.o
#        J:\STM32_MCU\STM32F103\STM32F103VGT6Project\STM32F103VGT6Project\EWARM\STM32F103VGT6Project\Obj\w25qxx_cfg.o
#        J:\STM32_MCU\STM32F103\STM32F103VGT6Project\STM32F103VGT6Project\EWARM\STM32F103VGT6Project\Obj\w25qxx_lib.o
#        J:\STM32_MCU\STM32F103\STM32F103VGT6Project\STM32F103VGT6Project\EWARM\STM32F103VGT6Project\Obj\w25qxx_task.o
#        J:\STM32_MCU\STM32F103\STM32F103VGT6Project\STM32F103VGT6Project\EWARM\STM32F103VGT6Project\Obj\wm8510_cfg.o
#        J:\STM32_MCU\STM32F103\STM32F103VGT6Project\STM32F103VGT6Project\EWARM\STM32F103VGT6Project\Obj\wm8510_lib.o
#        J:\STM32_MCU\STM32F103\STM32F103VGT6Project\STM32F103VGT6Project\EWARM\STM32F103VGT6Project\Obj\wm8510_task.o
#        J:\STM32_MCU\STM32F103\STM32F103VGT6Project\STM32F103VGT6Project\EWARM\STM32F103VGT6Project\Obj\wwdg_cfg.o
#        J:\STM32_MCU\STM32F103\STM32F103VGT6Project\STM32F103VGT6Project\EWARM\STM32F103VGT6Project\Obj\wwdg_lib.o
#        J:\STM32_MCU\STM32F103\STM32F103VGT6Project\STM32F103VGT6Project\EWARM\STM32F103VGT6Project\Obj\wwdg_task.o
#        --redirect _Printf=_PrintfFull --redirect _Scanf=_ScanfFull
#        --no_out_extension -o
#        J:\STM32_MCU\STM32F103\STM32F103VGT6Project\STM32F103VGT6Project\EWARM\STM32F103VGT6Project\Exe\STM32F103VGT6Project.out
#        --map
#        J:\STM32_MCU\STM32F103\STM32F103VGT6Project\STM32F103VGT6Project\EWARM\STM32F103VGT6Project\List\STM32F103VGT6Project.map
#        --config
#        J:\STM32_MCU\STM32F103\STM32F103VGT6Project\STM32F103VGT6Project\EWARM\stm32f103xg_flash.icf
#        --semihosting --entry __iar_program_start --vfe --text_out locale)
#
###############################################################################

*******************************************************************************
*** RUNTIME MODEL ATTRIBUTES
***

CppFlavor       = *
__SystemLibrary = DLib
__dlib_version  = 6


*******************************************************************************
*** HEAP SELECTION
***

The basic heap was selected because no calls to memory allocation
functions were found in the application outside of system library
functions, and there are calls to deallocation functions in the
application.


*******************************************************************************
*** PLACEMENT SUMMARY
***

"A0":  place at 0x800'0000 { ro section .intvec };
"P1":  place in [from 0x800'0000 to 0x80f'ffff] { ro };
define block CSTACK with size = 4K, alignment = 8 { };
define block HEAP with size = 1K, alignment = 8 { };
"P2":  place in [from 0x2000'0000 to 0x2001'7fff] {
          rw, block CSTACK, block HEAP };
initialize by copy { rw };

  Section            Kind         Address    Size  Object
  -------            ----         -------    ----  ------
"A0":                                       0x130
  .intvec            ro code   0x800'0000   0x130  startup_stm32f103xg.o [1]
                             - 0x800'0130   0x130

"P1":                                      0xaac1
  .text              ro code   0x800'0130  0x1dd8  rfask_task.o [1]
  .text              ro code   0x800'1f08    0x48  rfask_lib.o [1]
  .text              ro code   0x800'1f50    0x32  wm8510_task.o [1]
  .text              ro code   0x800'1f82    0x7a  lz77_init_single.o [4]
  .text              ro code   0x800'1ffc    0xfc  usart_task.o [1]
  .text              ro code   0x800'20f8    0x2a  timer_task.o [1]
  .text              ro code   0x800'2122    0x3a  zero_init3.o [4]
  .text              ro code   0x800'215c    0xdc  adc_task.o [1]
  .text              ro code   0x800'2238   0x230  I64DivMod.o [4]
  .text              ro code   0x800'2468    0x5a  decode_task.o [1]
  .text              ro code   0x800'24c2    0x1e  xencoding_8859_1.o [2]
  .text              ro code   0x800'24e0    0x66  ABImemset.o [4]
  .text              ro code   0x800'2546    0x1a  xsnprout.o [2]
  .text              ro code   0x800'2560   0x6f4  rfask_cfg.o [1]
  .text              ro code   0x800'2c54    0x18  delay_task.o [1]
  .text              ro code   0x800'2c6c    0x10  iwdg_task.o [1]
  .text              ro code   0x800'2c7c   0xef4  usart_cfg.o [1]
  .text              ro code   0x800'3b70    0x58  key_task.o [1]
  .text              ro code   0x800'3bc8    0x32  wm8510_lib.o [1]
  .text              ro code   0x800'3bfa   0x136  usart_lib.o [1]
  .text              ro code   0x800'3d30    0x2a  timer_lib.o [1]
  .text              ro code   0x800'3d5a    0x2c  adc_lib.o [1]
  .text              ro code   0x800'3d88     0x2  I64DivZer.o [4]
  .text              ro code   0x800'3d8a    0x46  decode_lib.o [1]
  .text              ro code   0x800'3dd0    0x1a  gpio_task.o [1]
  .text              ro code   0x800'3dec     0x6  ABImemclr4.o [4]
  .text              ro code   0x800'3df4   0x164  stm32f1xx_ll_gpio.o [1]
  .text              ro code   0x800'3f58    0x18  delay_lib.o [1]
  .text              ro code   0x800'3f70    0x10  iwdg_lib.o [1]
  .text              ro code   0x800'3f80    0x56  crc_task.o [1]
  .text              ro code   0x800'3fd8    0x3c  vsnprint.o [2]
  .text              ro code   0x800'4014   0x210  stm32f1xx_ll_usart.o [1]
  .text              ro code   0x800'4224    0x58  key_lib.o [1]
  .text              ro code   0x800'427c   0x6d4  wm8510_cfg.o [1]
  .text              ro code   0x800'4950   0x5b4  timer_cfg.o [1]
  .text              ro code   0x800'4f04   0x80a  adc_cfg.o [1]
  .text              ro code   0x800'5710   0xe0c  decode_cfg.o [1]
  .text              ro code   0x800'651c    0x1a  gpio_lib.o [1]
  .text              ro code   0x800'6538    0x32  ABImemset48.o [4]
  .text              ro code   0x800'656c    0x58  delay_cfg.o [1]
  .text              ro code   0x800'65c4    0x90  iwdg_cfg.o [1]
  .text              ro code   0x800'6654    0x56  crc_lib.o [1]
  .text              ro code   0x800'66ac   0xf46  xprintffull.o [2]
  .text              ro code   0x800'75f4   0x124  stm32f1xx_ll_rcc.o [1]
  .text              ro code   0x800'7718   0x390  key_cfg.o [1]
  .text              ro code   0x800'7aa8    0x4c  i2c_task.o [1]
  .text              ro code   0x800'7af4    0x1c  U32ToFlt.o [3]
  .text              ro code   0x800'7b10    0xfc  FltDiv.o [3]
  .text              ro code   0x800'7c0c    0x2a  FltToS32.o [3]
  .text              ro code   0x800'7c38    0x80  FltSub.o [3]
  .text              ro code   0x800'7cb8    0xd8  FltMul.o [3]
  .text              ro code   0x800'7d90    0x22  FltToU32.o [3]
  .text              ro code   0x800'7db4   0x194  gpio_cfg.o [1]
  .text              ro code   0x800'7f48   0x3ee  stm32f1xx_ll_tim.o [1]
  .text              ro code   0x800'8336    0x44  systick_task.o [1]
  .text              ro code   0x800'837c   0x1ec  stm32f1xx_ll_adc.o [1]
  .text              ro code   0x800'8568   0x228  stm32f1xx_ll_dma.o [1]
  .text              ro code   0x800'8790    0xda  complier_lib.o [1]
  .text              ro code   0x800'886c    0x38  stm32_cfg.o [1]
  .text              ro code   0x800'88a4   0x14a  crc_cfg.o [1]
  .text              ro code   0x800'89f0    0x78  xlocale_c.o [2]
  .text              ro code   0x800'8a68    0x16  strchr.o [4]
  .text              ro code   0x800'8a80    0x40  xfail_s.o [2]
  .text              ro code   0x800'8ac0    0x36  strlen.o [4]
  .text              ro code   0x800'8af8    0x58  memchr.o [4]
  .text              ro code   0x800'8b50     0xa  xmbcurmax.o [2]
  .text              ro code   0x800'8b5c    0xa6  ABImemcpy.o [4]
  .text              ro code   0x800'8c04   0x1a2  DblMul.o [3]
  .text              ro code   0x800'8da8    0x70  frexp.o [3]
  .text              ro code   0x800'8e18    0x2e  DblCmpLe.o [3]
  .text              ro code   0x800'8e48    0x2e  DblCmpGe.o [3]
  .text              ro code   0x800'8e78   0x13a  ldexp.o [3]
  .text              ro code   0x800'8fb4    0x3a  DblToS32.o [3]
  .text              ro code   0x800'8ff0    0x22  S32ToDbl.o [3]
  .text              ro code   0x800'9014    0xe2  DblSub.o [3]
  .text              ro code   0x800'90f8   0x246  DblDiv.o [3]
  .text              ro code   0x800'9340    0x28  DblToU32.o [3]
  .text              ro code   0x800'9368    0x1a  U32ToDbl.o [3]
  .text              ro code   0x800'9382    0x72  i2c_lib.o [1]
  .text              ro code   0x800'93f4    0xd6  FltAdd.o [3]
  .text              ro code   0x800'94ca    0x44  systick_lib.o [1]
  .text              ro code   0x800'9510   0x17a  DblAdd.o [3]
  .text              ro code   0x800'968c    0x34  stm32f1xx_ll_crc.o [1]
  .text              ro code   0x800'96c0     0x6  abort.o [2]
  .text              ro code   0x800'96c8   0x1ea  i2c_cfg.o [1]
  .text              ro code   0x800'98b4   0x2a0  systick_cfg.o [1]
  .text              ro code   0x800'9b54    0x14  exit.o [5]
  .text              ro code   0x800'9b68   0x3dc  main.o [1]
  .text              ro code   0x800'9f44     0xc  stm32f1xx_ll_utils.o [1]
  .text              ro code   0x800'9f50     0x8  random_task.o [1]
  .text              ro code   0x800'9f58     0x8  led_task.o [1]
  .text              ro code   0x800'9f60     0x8  eeprom_task.o [1]
  .text              ro code   0x800'9f68     0x8  power_task.o [1]
  .text              ro code   0x800'9f70     0x8  random_lib.o [1]
  .text              ro code   0x800'9f78     0x8  led_lib.o [1]
  .text              ro code   0x800'9f80     0x8  eeprom_lib.o [1]
  .text              ro code   0x800'9f88     0x8  power_lib.o [1]
  .text              ro code   0x800'9f90     0x2  random_cfg.o [1]
  .text              ro code   0x800'9f94    0xdc  led_cfg.o [1]
  .text              ro code   0x800'a070    0x18  eeprom_cfg.o [1]
  .text              ro code   0x800'a088   0x130  power_cfg.o [1]
  .text              ro code   0x800'a1b8    0x16  flash_task.o [1]
  .text              ro code   0x800'a1ce    0x16  flash_lib.o [1]
  .text              ro code   0x800'a1e4    0x2e  flash_cfg.o [1]
  .rodata            const     0x800'a214   0x200  crc_cfg.o [1]
  .text              ro code   0x800'a414   0x198  stm32f1xx_it.o [1]
  .text              ro code   0x800'a5ac    0x10  css_task.o [1]
  .text              ro code   0x800'a5bc    0x10  css_lib.o [1]
  .text              ro code   0x800'a5cc    0xb4  css_cfg.o [1]
  .rodata            const     0x800'a680   0x100  crc_cfg.o [1]
  .rodata            const     0x800'a780   0x100  crc_cfg.o [1]
  .rodata            const     0x800'a880    0x58  main.o [1]
  .text              ro code   0x800'a8d8    0x58  system_stm32f1xx.o [1]
  .text              ro code   0x800'a930    0x28  data_init.o [4]
  .iar.init_table    const     0x800'a958    0x20  - Linker created -
  .rodata            const     0x800'a978    0x20  rfask_task.o [1]
  .rodata            const     0x800'a998    0x20  usart_cfg.o [1]
  .rodata            const     0x800'a9b8    0x20  usart_cfg.o [1]
  .text              ro code   0x800'a9d8    0x1e  cmain.o [4]
  .text              ro code   0x800'a9f6     0x4  low_level_init.o [2]
  .text              ro code   0x800'a9fa     0x4  exit.o [2]
  .text              ro code   0x800'aa00     0xa  cexit.o [4]
  .rodata            const     0x800'aa0c    0x18  usart_cfg.o [1]
  .text              ro code   0x800'aa24    0x18  stm32f1xx_hal.o [1]
  .rodata            const     0x800'aa3c    0x10  system_stm32f1xx.o [1]
  .text              ro code   0x800'aa4c    0x10  startup_stm32f103xg.o [1]
  .text              ro code   0x800'aa5c     0xc  cstartup_M.o [4]
  .rodata            const     0x800'aa68     0x8  adc_cfg.o [1]
  .rodata            const     0x800'aa70     0x8  adc_cfg.o [1]
  .rodata            const     0x800'aa78     0x8  adc_cfg.o [1]
  .rodata            const     0x800'aa80     0x8  decode_cfg.o [1]
  .rodata            const     0x800'aa88     0x8  stm32f1xx_it.o [1]
  .rodata            const     0x800'aa90     0x8  stm32f1xx_ll_dma.o [1]
  .rodata            const     0x800'aa98     0x8  system_stm32f1xx.o [1]
  .rodata            const     0x800'aaa0     0x8  timer_cfg.o [1]
  .rodata            const     0x800'aaa8     0x8  timer_cfg.o [1]
  .rodata            const     0x800'aab0     0x8  timer_cfg.o [1]
  .rodata            const     0x800'aab8     0x6  xlocale_c.o [2]
  .rodata            const     0x800'aac0     0x4  adc_cfg.o [1]
  .rodata            const     0x800'aac4     0x4  adc_cfg.o [1]
  .text              ro code   0x800'aac8     0x4  startup_stm32f103xg.o [1]
  .text              ro code   0x800'aacc     0x4  startup_stm32f103xg.o [1]
  .text              ro code   0x800'aad0     0x4  startup_stm32f103xg.o [1]
  .text              ro code   0x800'aad4     0x4  startup_stm32f103xg.o [1]
  .text              ro code   0x800'aad8     0x4  startup_stm32f103xg.o [1]
  .text              ro code   0x800'aadc     0x4  startup_stm32f103xg.o [1]
  .text              ro code   0x800'aae0     0x4  startup_stm32f103xg.o [1]
  .text              ro code   0x800'aae4     0x4  startup_stm32f103xg.o [1]
  .text              ro code   0x800'aae8     0x4  startup_stm32f103xg.o [1]
  .text              ro code   0x800'aaec     0x4  startup_stm32f103xg.o [1]
  .text              ro code   0x800'aaf0     0x4  startup_stm32f103xg.o [1]
  .text              ro code   0x800'aaf4     0x4  startup_stm32f103xg.o [1]
  .text              ro code   0x800'aaf8     0x4  startup_stm32f103xg.o [1]
  .text              ro code   0x800'aafc     0x4  startup_stm32f103xg.o [1]
  .text              ro code   0x800'ab00     0x4  startup_stm32f103xg.o [1]
  .text              ro code   0x800'ab04     0x4  startup_stm32f103xg.o [1]
  .text              ro code   0x800'ab08     0x4  startup_stm32f103xg.o [1]
  .text              ro code   0x800'ab0c     0x4  startup_stm32f103xg.o [1]
  .text              ro code   0x800'ab10     0x4  startup_stm32f103xg.o [1]
  .text              ro code   0x800'ab14     0x4  startup_stm32f103xg.o [1]
  .text              ro code   0x800'ab18     0x4  startup_stm32f103xg.o [1]
  .text              ro code   0x800'ab1c     0x4  startup_stm32f103xg.o [1]
  .text              ro code   0x800'ab20     0x4  startup_stm32f103xg.o [1]
  .text              ro code   0x800'ab24     0x4  startup_stm32f103xg.o [1]
  .text              ro code   0x800'ab28     0x4  startup_stm32f103xg.o [1]
  .text              ro code   0x800'ab2c     0x4  startup_stm32f103xg.o [1]
  .text              ro code   0x800'ab30     0x4  startup_stm32f103xg.o [1]
  .text              ro code   0x800'ab34     0x4  startup_stm32f103xg.o [1]
  .text              ro code   0x800'ab38     0x4  startup_stm32f103xg.o [1]
  .text              ro code   0x800'ab3c     0x4  startup_stm32f103xg.o [1]
  .text              ro code   0x800'ab40     0x4  startup_stm32f103xg.o [1]
  .text              ro code   0x800'ab44     0x4  startup_stm32f103xg.o [1]
  .text              ro code   0x800'ab48     0x4  startup_stm32f103xg.o [1]
  .text              ro code   0x800'ab4c     0x4  startup_stm32f103xg.o [1]
  .text              ro code   0x800'ab50     0x4  startup_stm32f103xg.o [1]
  .text              ro code   0x800'ab54     0x4  startup_stm32f103xg.o [1]
  .text              ro code   0x800'ab58     0x4  startup_stm32f103xg.o [1]
  .text              ro code   0x800'ab5c     0x4  startup_stm32f103xg.o [1]
  .text              ro code   0x800'ab60     0x4  startup_stm32f103xg.o [1]
  .text              ro code   0x800'ab64     0x4  startup_stm32f103xg.o [1]
  .text              ro code   0x800'ab68     0x4  startup_stm32f103xg.o [1]
  .text              ro code   0x800'ab6c     0x4  startup_stm32f103xg.o [1]
  .text              ro code   0x800'ab70     0x4  startup_stm32f103xg.o [1]
  .text              ro code   0x800'ab74     0x4  startup_stm32f103xg.o [1]
  .text              ro code   0x800'ab78     0x4  startup_stm32f103xg.o [1]
  .text              ro code   0x800'ab7c     0x4  startup_stm32f103xg.o [1]
  .text              ro code   0x800'ab80     0x4  startup_stm32f103xg.o [1]
  .text              ro code   0x800'ab84     0x4  startup_stm32f103xg.o [1]
  .text              ro code   0x800'ab88     0x4  startup_stm32f103xg.o [1]
  .text              ro code   0x800'ab8c     0x4  startup_stm32f103xg.o [1]
  .text              ro code   0x800'ab90     0x4  startup_stm32f103xg.o [1]
  .text              ro code   0x800'ab94     0x4  startup_stm32f103xg.o [1]
  .text              ro code   0x800'ab98     0x4  startup_stm32f103xg.o [1]
  .text              ro code   0x800'ab9c     0x4  startup_stm32f103xg.o [1]
  .rodata            const     0x800'aba0     0x0  zero_init3.o [4]
  .rodata            const     0x800'aba0     0x0  lz77_init_single.o [4]
  Initializer bytes  const     0x800'aba0    0x51  <for P2-1>
                             - 0x800'abf1  0xaac1

"P2", part 1 of 3:                           0xa2
  P2-1                        0x2000'0000    0xa2  <Init block>
    .data            inited   0x2000'0000     0x4  adc_cfg.o [1]
    .data            inited   0x2000'0004     0x4  adc_cfg.o [1]
    .data            inited   0x2000'0008     0x4  rfask_cfg.o [1]
    .data            inited   0x2000'000c     0x4  system_stm32f1xx.o [1]
    .data            inited   0x2000'0010     0x4  systick_cfg.o [1]
    .data            inited   0x2000'0014     0x4  timer_cfg.o [1]
    .data            inited   0x2000'0018     0x4  usart_cfg.o [1]
    .data            inited   0x2000'001c     0x4  wm8510_cfg.o [1]
    .data            inited   0x2000'0020    0x38  xlocale_c.o [2]
    .data            inited   0x2000'0058    0x48  xlocale_c.o [2]
    .data            inited   0x2000'00a0     0x1  crc_cfg.o [1]
    .data            inited   0x2000'00a1     0x1  stm32f1xx_hal.o [1]
                            - 0x2000'00a2    0xa2

"P2", part 2 of 3:                         0x1d48
  .bss               zero     0x2000'00a4   0x800  eeprom_cfg.o [1]
  .bss               zero     0x2000'08a4   0x70c  usart_task.o [1]
  .bss               zero     0x2000'0fb0   0x70c  usart_task.o [1]
  .bss               zero     0x2000'16bc   0x400  usart_cfg.o [1]
  .bss               zero     0x2000'1abc   0x114  rfask_cfg.o [1]
  .bss               zero     0x2000'1bd0    0x60  usart_cfg.o [1]
  .bss               zero     0x2000'1c30    0x58  wm8510_cfg.o [1]
  .bss               zero     0x2000'1c88    0x50  adc_cfg.o [1]
  .bss               zero     0x2000'1cd8    0x50  adc_cfg.o [1]
  .bss               zero     0x2000'1d28    0x14  systick_cfg.o [1]
  .bss               zero     0x2000'1d3c    0x10  decode_cfg.o [1]
  .bss               zero     0x2000'1d4c    0x10  decode_cfg.o [1]
  .bss               zero     0x2000'1d5c    0x10  decode_cfg.o [1]
  .bss               zero     0x2000'1d6c    0x10  decode_cfg.o [1]
  .bss               zero     0x2000'1d7c    0x10  decode_cfg.o [1]
  .bss               zero     0x2000'1d8c    0x10  decode_cfg.o [1]
  .bss               zero     0x2000'1d9c    0x10  decode_cfg.o [1]
  .bss               zero     0x2000'1dac    0x10  decode_cfg.o [1]
  .bss               zero     0x2000'1dbc     0xc  timer_cfg.o [1]
  .bss               zero     0x2000'1dc8     0x8  decode_cfg.o [1]
  .bss               zero     0x2000'1dd0     0x4  decode_cfg.o [1]
  .bss               zero     0x2000'1dd4     0x4  decode_cfg.o [1]
  .bss               zero     0x2000'1dd8     0x4  decode_cfg.o [1]
  .bss               zero     0x2000'1ddc     0x4  led_cfg.o [1]
  .bss               zero     0x2000'1de0     0x4  stm32f1xx_hal.o [1]
  .bss               zero     0x2000'1de4     0x4  xfail_s.o [2]
  .bss               zero     0x2000'1de8     0x1  usart_cfg.o [1]
  .bss               zero     0x2000'1de9     0x1  usart_cfg.o [1]
                            - 0x2000'1dea  0x1d46

"P2", part 3 of 3:                         0x1000
  CSTACK                      0x2000'1df0  0x1000  <Block>
    CSTACK           uninit   0x2000'1df0  0x1000  <Block tail>
                            - 0x2000'2df0  0x1000

Unused ranges:

         From           To      Size
         ----           --      ----
   0x800'abf1   0x80f'ffff  0xf'540f
  0x2000'00a2  0x2000'00a3       0x2
  0x2000'1dec  0x2000'1def       0x4
  0x2000'2df0  0x2001'7fff  0x1'5210


*******************************************************************************
*** INIT TABLE
***

          Address      Size
          -------      ----
Zero (__iar_zero_init3)
    1 destination range, total size 0x1d46:
          0x2000'00a4  0x1d46

Copy/lz77 (__iar_lz77_init_single3)
    1 source range, total size 0x51 (50% of destination):
           0x800'aba0    0x51
    1 destination range, total size 0xa2:
          0x2000'0000    0xa2



*******************************************************************************
*** MODULE SUMMARY
***

    Module                 ro code  ro data  rw data
    ------                 -------  -------  -------
command line/config:
    ------------------------------------------------
    Total:

J:\STM32_MCU\STM32F103\STM32F103VGT6Project\STM32F103VGT6Project\EWARM\STM32F103VGT6Project\Obj: [1]
    adc_cfg.o                2 058       36      168
    adc_lib.o                   44
    adc_task.o                 220
    complier_lib.o             218
    crc_cfg.o                  330    1 024        1
    crc_lib.o                   86
    crc_task.o                  86
    css_cfg.o                  180
    css_lib.o                   16
    css_task.o                  16
    decode_cfg.o             3 596        8      148
    decode_lib.o                70
    decode_task.o               90
    delay_cfg.o                 88
    delay_lib.o                 24
    delay_task.o                24
    eeprom_cfg.o                24             2 048
    eeprom_lib.o                 8
    eeprom_task.o                8
    flash_cfg.o                 46
    flash_lib.o                 22
    flash_task.o                22
    gpio_cfg.o                 404
    gpio_lib.o                  26
    gpio_task.o                 26
    i2c_cfg.o                  490
    i2c_lib.o                  114
    i2c_task.o                  76
    iwdg_cfg.o                 144
    iwdg_lib.o                  16
    iwdg_task.o                 16
    key_cfg.o                  912
    key_lib.o                   88
    key_task.o                  88
    led_cfg.o                  220                 4
    led_lib.o                    8
    led_task.o                   8
    main.o                     988       88
    power_cfg.o                304
    power_lib.o                  8
    power_task.o                 8
    random_cfg.o                 2
    random_lib.o                 8
    random_task.o                8
    rfask_cfg.o              1 780        2      280
    rfask_lib.o                 72
    rfask_task.o             7 640       32
    startup_stm32f103xg.o      536
    stm32_cfg.o                 56
    stm32f1xx_hal.o             24        1        5
    stm32f1xx_it.o             408        8
    stm32f1xx_ll_adc.o         492
    stm32f1xx_ll_crc.o          52
    stm32f1xx_ll_dma.o         552        8
    stm32f1xx_ll_gpio.o        356
    stm32f1xx_ll_rcc.o         292
    stm32f1xx_ll_tim.o       1 006
    stm32f1xx_ll_usart.o       528
    stm32f1xx_ll_utils.o        12
    system_stm32f1xx.o          88       26        4
    systick_cfg.o              672        2       24
    systick_lib.o               68
    systick_task.o              68
    timer_cfg.o              1 460       26       16
    timer_lib.o                 42
    timer_task.o                42
    usart_cfg.o              3 828       90    1 126
    usart_lib.o                310
    usart_task.o               252             3 608
    wm8510_cfg.o             1 748        2       92
    wm8510_lib.o                50
    wm8510_task.o               50
    ------------------------------------------------
    Total:                  33 722    1 353    7 524

dl7M_tlf.a: [2]
    abort.o                      6
    exit.o                       4
    low_level_init.o             4
    vsnprint.o                  60
    xencoding_8859_1.o          30
    xfail_s.o                   64                 4
    xlocale_c.o                120       70      128
    xmbcurmax.o                 10
    xprintffull.o            3 910
    xsnprout.o                  26
    ------------------------------------------------
    Total:                   4 234       70      132

m7M_tl.a: [3]
    DblAdd.o                   378
    DblCmpGe.o                  46
    DblCmpLe.o                  46
    DblDiv.o                   582
    DblMul.o                   418
    DblSub.o                   226
    DblToS32.o                  58
    DblToU32.o                  40
    FltAdd.o                   214
    FltDiv.o                   252
    FltMul.o                   216
    FltSub.o                   128
    FltToS32.o                  42
    FltToU32.o                  34
    S32ToDbl.o                  34
    U32ToDbl.o                  26
    U32ToFlt.o                  28
    frexp.o                    112
    ldexp.o                    314
    ------------------------------------------------
    Total:                   3 194

rt7M_tl.a: [4]
    ABImemclr4.o                 6
    ABImemcpy.o                166
    ABImemset.o                102
    ABImemset48.o               50
    I64DivMod.o                560
    I64DivZer.o                  2
    cexit.o                     10
    cmain.o                     30
    cstartup_M.o                12
    data_init.o                 40
    lz77_init_single.o         122
    memchr.o                    88
    strchr.o                    22
    strlen.o                    54
    zero_init3.o                58
    ------------------------------------------------
    Total:                   1 322

shb_l.a: [5]
    exit.o                      20
    ------------------------------------------------
    Total:                      20

    Gaps                        64        6
    Linker created                       32    4 096
----------------------------------------------------
    Grand Total:            42 556    1 461   11 752


*******************************************************************************
*** ENTRY LIST
***

Entry                       Address   Size  Type      Object
-----                       -------   ----  ----      ------
.iar.init_table$$Base    0x800'a958          --   Gb  - Linker created -
.iar.init_table$$Limit   0x800'a978          --   Gb  - Linker created -
?main                    0x800'a9d9         Code  Gb  cmain.o [4]
ADCLib_ADCTask_START     0x800'3d63    0xc  Code  Gb  adc_lib.o [1]
ADCLib_ADCTask_STOP      0x800'3d6f    0xc  Code  Gb  adc_lib.o [1]
ADCLib_ADC_Init          0x800'3d5b    0x8  Code  Gb  adc_lib.o [1]
ADCLib_HandleChannelVal
                         0x800'3d7b    0xc  Code  Gb  adc_lib.o [1]
ADCTask_ADCTask_STOP     0x800'2165    0xc  Code  Gb  adc_task.o [1]
ADCTask_ADC_Init         0x800'215d    0x8  Code  Gb  adc_task.o [1]
ADCTask_RFASKTask_GetADC
                         0x800'2171   0xb8  Code  Gb  adc_task.o [1]
ADC_ADC1Task_Init        0x800'5587    0xe  Code  Gb  adc_cfg.o [1]
ADC_ADC1_DMA_Init        0x800'52e5   0x8a  Code  Gb  adc_cfg.o [1]
ADC_ADC1_DMA_Restart     0x800'536f   0x32  Code  Gb  adc_cfg.o [1]
ADC_ADC1_DMA_Stop        0x800'53a1   0x28  Code  Gb  adc_cfg.o [1]
ADC_ADC1_Init            0x800'51ff   0xb8  Code  Gb  adc_cfg.o [1]
ADC_ADC3Task_Init        0x800'5595    0xe  Code  Gb  adc_cfg.o [1]
ADC_ADC3_DMA_Init        0x800'547b   0x88  Code  Gb  adc_cfg.o [1]
ADC_ADC3_DMA_Restart     0x800'5503   0x32  Code  Gb  adc_cfg.o [1]
ADC_ADC3_DMA_Stop        0x800'5535   0x28  Code  Gb  adc_cfg.o [1]
ADC_ADC3_Init            0x800'53c9   0xb2  Code  Gb  adc_cfg.o [1]
ADC_ADCTask_Init         0x800'55a3    0xe  Code  Gb  adc_cfg.o [1]
ADC_ADCTask_START        0x800'55bd   0x3a  Code  Gb  adc_cfg.o [1]
ADC_ADCTask_STOP         0x800'55f7   0x42  Code  Gb  adc_cfg.o [1]
ADC_ADC_Init             0x800'55b1    0xc  Code  Gb  adc_cfg.o [1]
ADC_Clock                0x800'5187   0x78  Code  Gb  adc_cfg.o [1]
ADC_GPIO_Init            0x800'5153   0x34  Code  Gb  adc_cfg.o [1]
ADC_HandleChannelVal     0x800'569d   0x72  Code  Gb  adc_cfg.o [1]
ADC_SoftStart            0x800'555d   0x2a  Code  Gb  adc_cfg.o [1]
ADC_StartCalibration     0x800'52b7   0x2e  Code  Gb  adc_cfg.o [1]
AHBPrescTable            0x800'aa3c   0x10  Data  Gb  system_stm32f1xx.o [1]
APBPrescTable            0x800'aa98    0x8  Data  Gb  system_stm32f1xx.o [1]
BusFault_Handler         0x800'a4ab    0x2  Code  Gb  stm32f1xx_it.o [1]
CHANNEL_OFFSET_TAB       0x800'aa78    0x8  Data  Lc  adc_cfg.o [1]
CHANNEL_OFFSET_TAB       0x800'aa88    0x8  Data  Lc  stm32f1xx_it.o [1]
CHANNEL_OFFSET_TAB       0x800'aa90    0x8  Data  Lc  stm32f1xx_ll_dma.o [1]
CRCLib_CRC16             0x800'6675   0x10  Code  Gb  crc_lib.o [1]
CRCLib_CRC32             0x800'6665   0x10  Code  Gb  crc_lib.o [1]
CRCLib_CRC8              0x800'6685   0x16  Code  Gb  crc_lib.o [1]
CRCLib_CheckSum          0x800'669b   0x10  Code  Gb  crc_lib.o [1]
CRCLib_Enable            0x800'665d    0x8  Code  Gb  crc_lib.o [1]
CRCLib_Init              0x800'6655    0x8  Code  Gb  crc_lib.o [1]
CRCTask_CRC16            0x800'3fa1   0x10  Code  Gb  crc_task.o [1]
CRCTask_CRC32            0x800'3f91   0x10  Code  Gb  crc_task.o [1]
CRCTask_CRC8             0x800'3fb1   0x16  Code  Gb  crc_task.o [1]
CRCTask_CheckSum         0x800'3fc7   0x10  Code  Gb  crc_task.o [1]
CRCTask_Enable           0x800'3f89    0x8  Code  Gb  crc_task.o [1]
CRCTask_Init             0x800'3f81    0x8  Code  Gb  crc_task.o [1]
CRC_CRC16_Table          0x800'893f   0x32  Code  Gb  crc_cfg.o [1]
CRC_CRC32_CRC            0x800'892f   0x10  Code  Gb  crc_cfg.o [1]
CRC_CRC32_HWCRC          0x800'88fd   0x32  Code  Gb  crc_cfg.o [1]
CRC_CRC32_HWReSet        0x800'88f3    0xa  Code  Gb  crc_cfg.o [1]
CRC_CRC8_Table           0x800'8971   0x44  Code  Gb  crc_cfg.o [1]
CRC_CheckSum             0x800'89d1   0x1e  Code  Gb  crc_cfg.o [1]
CRC_DeInit               0x800'88dd   0x10  Code  Gb  crc_cfg.o [1]
CRC_Enable               0x800'88ed    0x6  Code  Gb  crc_cfg.o [1]
CRC_Init                 0x800'88c9   0x14  Code  Gb  crc_cfg.o [1]
CSSLib_NMI_IRQ           0x800'a5bd    0x8  Code  Gb  css_lib.o [1]
CSSLib_RCC_IRQ           0x800'a5c5    0x8  Code  Gb  css_lib.o [1]
CSSTask_NMI_IRQ          0x800'a5ad    0x8  Code  Gb  css_task.o [1]
CSSTask_RCC_IRQ          0x800'a5b5    0x8  Code  Gb  css_task.o [1]
CSS_NMI_IRQ              0x800'a64d   0x18  Code  Gb  css_cfg.o [1]
CSS_RCC_IRQ              0x800'a665   0x1c  Code  Gb  css_cfg.o [1]
CSTACK$$Base            0x2000'1df0          --   Gb  - Linker created -
CSTACK$$Limit           0x2000'2df0          --   Gb  - Linker created -
CacheMore                0x800'89f5   0x24  Code  Lc  xlocale_c.o [2]
CalcAvgFun1              0x800'880d   0x5e  Code  Gb  complier_lib.o [1]
DMA1_Channel1_IRQHandler
                         0x800'a53f   0x22  Code  Gb  stm32f1xx_it.o [1]
DMA2_Channel4_5_IRQHandler
                         0x800'a561   0x22  Code  Gb  stm32f1xx_it.o [1]
DebugMon_Handler         0x800'a4b1    0x2  Code  Gb  stm32f1xx_it.o [1]
DecodeLib_ActivateSites
                         0x800'3d93    0xe  Code  Gb  decode_lib.o [1]
DecodeLib_ClearState     0x800'3da1    0x8  Code  Gb  decode_lib.o [1]
DecodeLib_IRQTask        0x800'3dc1    0x8  Code  Gb  decode_lib.o [1]
DecodeLib_Init           0x800'3d8b    0x8  Code  Gb  decode_lib.o [1]
DecodeLib_Quency         0x800'3dc9    0x8  Code  Gb  decode_lib.o [1]
DecodeLib_START          0x800'3da9    0x8  Code  Gb  decode_lib.o [1]
DecodeLib_STOP           0x800'3db1    0x8  Code  Gb  decode_lib.o [1]
DecodeLib_ScanRST        0x800'3db9    0x8  Code  Gb  decode_lib.o [1]
DecodeTask_ActivateSites
                         0x800'2471    0xe  Code  Gb  decode_task.o [1]
DecodeTask_ClearState    0x800'247f    0x8  Code  Gb  decode_task.o [1]
DecodeTask_IRQTask       0x800'249f    0x8  Code  Gb  decode_task.o [1]
DecodeTask_Init          0x800'2469    0x8  Code  Gb  decode_task.o [1]
DecodeTask_Query         0x800'24bb    0x8  Code  Gb  decode_task.o [1]
DecodeTask_QueryInit     0x800'24a7   0x14  Code  Gb  decode_task.o [1]
DecodeTask_START         0x800'2487    0x8  Code  Gb  decode_task.o [1]
DecodeTask_STOP          0x800'248f    0x8  Code  Gb  decode_task.o [1]
DecodeTask_ScanRST       0x800'2497    0x8  Code  Gb  decode_task.o [1]
Decode_ActivateSites     0x800'5d09   0x38  Code  Gb  decode_cfg.o [1]
Decode_AddBit            0x800'6273    0x2  Code  Gb  decode_cfg.o [1]
Decode_CalcHighPulseWidth
                         0x800'5f57   0x60  Code  Gb  decode_cfg.o [1]
Decode_CalcLowPulseWidth
                         0x800'5fb7   0x60  Code  Gb  decode_cfg.o [1]
Decode_CaptureHandler    0x800'6017   0x86  Code  Gb  decode_cfg.o [1]
Decode_ClearState        0x800'5d41   0x58  Code  Gb  decode_cfg.o [1]
Decode_DecodeCHInit      0x800'5a9f   0x9c  Code  Gb  decode_cfg.o [1]
Decode_DecodeLED         0x800'5ec7   0x90  Code  Gb  decode_cfg.o [1]
Decode_DecodeLEDInit     0x800'5963   0x9c  Code  Gb  decode_cfg.o [1]
Decode_DecodePassInit    0x800'5b3b   0x9c  Code  Gb  decode_cfg.o [1]
Decode_DecodeRSTInit     0x800'59ff   0xa0  Code  Gb  decode_cfg.o [1]
Decode_DecodeTimerInit   0x800'5bd7  0x11a  Code  Gb  decode_cfg.o [1]
Decode_GetRST            0x800'5e4b   0x5a  Code  Gb  decode_cfg.o [1]
Decode_IRQTask           0x800'609d  0x14c  Code  Gb  decode_cfg.o [1]
Decode_Init              0x800'5cf1   0x18  Code  Gb  decode_cfg.o [1]
Decode_Query             0x800'6275  0x262  Code  Gb  decode_cfg.o [1]
Decode_START             0x800'5d99   0x7a  Code  Gb  decode_cfg.o [1]
Decode_STOP              0x800'5e13   0x38  Code  Gb  decode_cfg.o [1]
Decode_ScanRST           0x800'5ea5   0x22  Code  Gb  decode_cfg.o [1]
Decode_SetPolarityRising
                         0x800'621d   0x56  Code  Gb  decode_cfg.o [1]
DelayLib_ms              0x800'3f59    0xc  Code  Gb  delay_lib.o [1]
DelayNLib_us             0x800'3f65    0xc  Code  Gb  delay_lib.o [1]
DelayN_ms                0x800'65a5   0x20  Code  Gb  delay_cfg.o [1]
DelayN_us                0x800'658d   0x18  Code  Gb  delay_cfg.o [1]
DelayTask_ms             0x800'2c61    0xc  Code  Gb  delay_task.o [1]
DelayTask_us             0x800'2c55    0xc  Code  Gb  delay_task.o [1]
Delay_ms                 0x800'656d   0x20  Code  Gb  delay_cfg.o [1]
DescSortFun2             0x800'8791   0x7c  Code  Gb  complier_lib.o [1]
EEPROMLib_Init           0x800'9f81    0x8  Code  Gb  eeprom_lib.o [1]
EEPROMTask_Init          0x800'9f61    0x8  Code  Gb  eeprom_task.o [1]
EEPROM_Init              0x800'a071   0x10  Code  Gb  eeprom_cfg.o [1]
FLASHLib_ReadHalfWord    0x800'a1cf   0x16  Code  Gb  flash_lib.o [1]
FLASHTask_ReadHalfWord   0x800'a1b9   0x16  Code  Gb  flash_task.o [1]
FLASH_ReadHalfWord       0x800'a1e5   0x2e  Code  Gb  flash_cfg.o [1]
GPIOLib_Clock            0x800'651d   0x12  Code  Gb  gpio_lib.o [1]
GPIOLib_Init             0x800'652f    0x8  Code  Gb  gpio_lib.o [1]
GPIOTask_Clock           0x800'3dd1   0x12  Code  Gb  gpio_task.o [1]
GPIOTask_Init            0x800'3de3    0x8  Code  Gb  gpio_task.o [1]
GPIO_Clock               0x800'7dfd   0xde  Code  Gb  gpio_cfg.o [1]
GPIO_Init                0x800'7edb   0x4a  Code  Gb  gpio_cfg.o [1]
HAL_IncTick              0x800'aa25   0x18  Code  Wk  stm32f1xx_hal.o [1]
HardFault_Handler        0x800'a4a7    0x2  Code  Gb  stm32f1xx_it.o [1]
I2CLib_MSW_Init          0x800'9383   0x10  Code  Gb  i2c_lib.o [1]
I2CLib_MSW_ReadACK       0x800'93d7    0xc  Code  Gb  i2c_lib.o [1]
I2CLib_MSW_START         0x800'9393   0x38  Code  Gb  i2c_lib.o [1]
I2CLib_MSW_STOP          0x800'93cb    0xc  Code  Gb  i2c_lib.o [1]
I2CLib_MSW_SendByte      0x800'93e3   0x12  Code  Gb  i2c_lib.o [1]
I2CTask_MSW_Init         0x800'7aa9   0x10  Code  Gb  i2c_task.o [1]
I2CTask_MSW_ReadACK      0x800'7ad7    0xc  Code  Gb  i2c_task.o [1]
I2CTask_MSW_START        0x800'7ab9   0x12  Code  Gb  i2c_task.o [1]
I2CTask_MSW_STOP         0x800'7acb    0xc  Code  Gb  i2c_task.o [1]
I2CTask_MSW_SendByte     0x800'7ae3   0x12  Code  Gb  i2c_task.o [1]
I2C_MSW_Init             0x800'96f3   0x6c  Code  Gb  i2c_cfg.o [1]
I2C_MSW_ReadACK          0x800'97fd   0x40  Code  Gb  i2c_cfg.o [1]
I2C_MSW_START            0x800'9765   0x50  Code  Gb  i2c_cfg.o [1]
I2C_MSW_STOP             0x800'97b5   0x48  Code  Gb  i2c_cfg.o [1]
I2C_MSW_SendBit          0x800'983d   0x48  Code  Gb  i2c_cfg.o [1]
I2C_MSW_SendByte         0x800'9885   0x2e  Code  Gb  i2c_cfg.o [1]
IC1Config                0x800'8251   0x38  Code  Lc  stm32f1xx_ll_tim.o [1]
IC2Config                0x800'8289   0x3a  Code  Lc  stm32f1xx_ll_tim.o [1]
IC3Config                0x800'82c3   0x3a  Code  Lc  stm32f1xx_ll_tim.o [1]
IC4Config                0x800'82fd   0x3a  Code  Lc  stm32f1xx_ll_tim.o [1]
IWDGLib_Init             0x800'3f71    0x8  Code  Gb  iwdg_lib.o [1]
IWDGLib_Reset            0x800'3f79    0x8  Code  Gb  iwdg_lib.o [1]
IWDGTask_Init            0x800'2c6d    0x8  Code  Gb  iwdg_task.o [1]
IWDGTask_Reset           0x800'2c75    0x8  Code  Gb  iwdg_task.o [1]
IWDG_Init                0x800'6605   0x3e  Code  Gb  iwdg_cfg.o [1]
IWDG_Reset               0x800'6643    0xc  Code  Gb  iwdg_cfg.o [1]
KeyLib_BINAPass          0x800'4245    0xe  Code  Gb  key_lib.o [1]
KeyLib_BINBPass          0x800'4253    0xe  Code  Gb  key_lib.o [1]
KeyLib_BINCPass          0x800'4261    0xe  Code  Gb  key_lib.o [1]
KeyLib_BINDPass          0x800'426f    0xe  Code  Gb  key_lib.o [1]
KeyLib_EOTSTART          0x800'4235    0x8  Code  Gb  key_lib.o [1]
KeyLib_EOTSTOP           0x800'423d    0x8  Code  Gb  key_lib.o [1]
KeyLib_Init              0x800'4225    0x8  Code  Gb  key_lib.o [1]
KeyLib_ScanSOT           0x800'422d    0x8  Code  Gb  key_lib.o [1]
KeyTask_BINAPass         0x800'3b91    0xe  Code  Gb  key_task.o [1]
KeyTask_BINBPass         0x800'3b9f    0xe  Code  Gb  key_task.o [1]
KeyTask_BINCPass         0x800'3bad    0xe  Code  Gb  key_task.o [1]
KeyTask_BINDPass         0x800'3bbb    0xe  Code  Gb  key_task.o [1]
KeyTask_EOTSTART         0x800'3b81    0x8  Code  Gb  key_task.o [1]
KeyTask_EOTSTOP          0x800'3b89    0x8  Code  Gb  key_task.o [1]
KeyTask_Init             0x800'3b71    0x8  Code  Gb  key_task.o [1]
KeyTask_ScanSOT          0x800'3b79    0x8  Code  Gb  key_task.o [1]
Key_BINAPass             0x800'7a0d   0x20  Code  Gb  key_cfg.o [1]
Key_BINBPass             0x800'7a2d   0x24  Code  Gb  key_cfg.o [1]
Key_BINCPass             0x800'7a51   0x24  Code  Gb  key_cfg.o [1]
Key_BINDPass             0x800'7a75   0x20  Code  Gb  key_cfg.o [1]
Key_BINInit              0x800'7743   0x96  Code  Gb  key_cfg.o [1]
Key_EOTInit              0x800'786f   0x96  Code  Gb  key_cfg.o [1]
Key_EOTSTART             0x800'798b   0x54  Code  Gb  key_cfg.o [1]
Key_EOTSTOP              0x800'79df   0x2e  Code  Gb  key_cfg.o [1]
Key_GetSOT               0x800'7915   0x54  Code  Gb  key_cfg.o [1]
Key_Init                 0x800'7905   0x10  Code  Gb  key_cfg.o [1]
Key_SOTInit              0x800'77d9   0x96  Code  Gb  key_cfg.o [1]
Key_ScanSOT              0x800'7969   0x22  Code  Gb  key_cfg.o [1]
LEDDebug_Init            0x800'a013   0x3e  Code  Gb  led_cfg.o [1]
LEDLib_Init              0x800'9f79    0x8  Code  Gb  led_lib.o [1]
LEDTask_Init             0x800'9f59    0x8  Code  Gb  led_task.o [1]
LEDWork_Init             0x800'9fa9   0x46  Code  Gb  led_cfg.o [1]
LEDWork_Task             0x800'9ff1   0x22  Code  Gb  led_cfg.o [1]
LEDWork_Task::ledCount  0x2000'1ddc    0x4  Data  Lc  led_cfg.o [1]
LED_Init                 0x800'a065    0xc  Code  Gb  led_cfg.o [1]
LL_ADC_CommonInit        0x800'83bb   0x52  Code  Gb  stm32f1xx_ll_adc.o [1]
LL_ADC_DeInit            0x800'840d   0xa8  Code  Gb  stm32f1xx_ll_adc.o [1]
LL_ADC_Disable           0x800'502f    0xa  Code  Lc  adc_cfg.o [1]
LL_ADC_Disable           0x800'83a9    0xa  Code  Lc  stm32f1xx_ll_adc.o [1]
LL_ADC_Enable            0x800'5025    0xa  Code  Lc  adc_cfg.o [1]
LL_ADC_INJ_SetTriggerSource
                         0x800'8399   0x10  Code  Lc  stm32f1xx_ll_adc.o [1]
LL_ADC_Init              0x800'84b5   0x36  Code  Gb  stm32f1xx_ll_adc.o [1]
LL_ADC_IsCalibrationOnGoing
                         0x800'5043    0xa  Code  Lc  adc_cfg.o [1]
LL_ADC_IsEnabled         0x800'83b3    0x8  Code  Lc  stm32f1xx_ll_adc.o [1]
LL_ADC_REG_Init          0x800'84eb   0x62  Code  Gb  stm32f1xx_ll_adc.o [1]
LL_ADC_REG_SetSequencerLength
                         0x800'838d    0xc  Code  Lc  stm32f1xx_ll_adc.o [1]
LL_ADC_REG_SetSequencerRanks
                         0x800'4f99   0x36  Code  Lc  adc_cfg.o [1]
LL_ADC_REG_SetTriggerSource
                         0x800'837d   0x10  Code  Lc  stm32f1xx_ll_adc.o [1]
LL_ADC_REG_StartConversionSWStart
                         0x800'504d    0xa  Code  Lc  adc_cfg.o [1]
LL_ADC_SetChannelSamplingTime
                         0x800'4fcf   0x56  Code  Lc  adc_cfg.o [1]
LL_ADC_StartCalibration
                         0x800'5039    0xa  Code  Lc  adc_cfg.o [1]
LL_AHB1_GRP1_EnableClock
                         0x800'5057   0x18  Code  Lc  adc_cfg.o [1]
LL_AHB1_GRP1_EnableClock
                         0x800'88a5   0x16  Code  Lc  crc_cfg.o [1]
LL_APB1_GRP1_DisableClock
                         0x800'4969    0xc  Code  Lc  timer_cfg.o [1]
LL_APB1_GRP1_DisableClock
                         0x800'2d29    0xc  Code  Lc  usart_cfg.o [1]
LL_APB1_GRP1_EnableClock
                         0x800'9c03   0x16  Code  Lc  main.o [1]
LL_APB1_GRP1_EnableClock
                         0x800'4951   0x18  Code  Lc  timer_cfg.o [1]
LL_APB1_GRP1_EnableClock
                         0x800'2d11   0x18  Code  Lc  usart_cfg.o [1]
LL_APB1_GRP1_ForceReset
                         0x800'7f5f    0xc  Code  Lc  stm32f1xx_ll_tim.o [1]
LL_APB1_GRP1_ForceReset
                         0x800'40b7    0xa  Code  Lc  stm32f1xx_ll_usart.o [1]
LL_APB1_GRP1_ReleaseReset
                         0x800'7f6b    0xc  Code  Lc  stm32f1xx_ll_tim.o [1]
LL_APB1_GRP1_ReleaseReset
                         0x800'40c1    0xa  Code  Lc  stm32f1xx_ll_usart.o [1]
LL_APB2_GRP1_DisableClock
                         0x800'5087    0xc  Code  Lc  adc_cfg.o [1]
LL_APB2_GRP1_DisableClock
                         0x800'7dcb    0xa  Code  Lc  gpio_cfg.o [1]
LL_APB2_GRP1_DisableClock
                         0x800'498d    0xc  Code  Lc  timer_cfg.o [1]
LL_APB2_GRP1_DisableClock
                         0x800'2d4d    0xc  Code  Lc  usart_cfg.o [1]
LL_APB2_GRP1_EnableClock
                         0x800'506f   0x18  Code  Lc  adc_cfg.o [1]
LL_APB2_GRP1_EnableClock
                         0x800'7db5   0x16  Code  Lc  gpio_cfg.o [1]
LL_APB2_GRP1_EnableClock
                         0x800'4975   0x18  Code  Lc  timer_cfg.o [1]
LL_APB2_GRP1_EnableClock
                         0x800'2d35   0x18  Code  Lc  usart_cfg.o [1]
LL_APB2_GRP1_ForceReset
                         0x800'7f77    0xc  Code  Lc  stm32f1xx_ll_tim.o [1]
LL_APB2_GRP1_ForceReset
                         0x800'40cb    0xa  Code  Lc  stm32f1xx_ll_usart.o [1]
LL_APB2_GRP1_ReleaseReset
                         0x800'7f83    0xc  Code  Lc  stm32f1xx_ll_tim.o [1]
LL_APB2_GRP1_ReleaseReset
                         0x800'40d5    0xa  Code  Lc  stm32f1xx_ll_usart.o [1]
LL_CRC_DeInit            0x800'9697   0x26  Code  Gb  stm32f1xx_ll_crc.o [1]
LL_CRC_FeedData32        0x800'88c1    0x4  Code  Lc  crc_cfg.o [1]
LL_CRC_ReadData32        0x800'88c5    0x4  Code  Lc  crc_cfg.o [1]
LL_CRC_ResetCRCCalculationUnit
                         0x800'88bb    0x6  Code  Lc  crc_cfg.o [1]
LL_CRC_ResetCRCCalculationUnit
                         0x800'968d    0x6  Code  Lc  stm32f1xx_ll_crc.o [1]
LL_CRC_Write_IDR         0x800'9693    0x4  Code  Lc  stm32f1xx_ll_crc.o [1]
LL_DMA_ClearFlag_GI1     0x800'50f9    0x6  Code  Lc  adc_cfg.o [1]
LL_DMA_ClearFlag_GI1     0x800'85cd    0x6  Code  Lc  stm32f1xx_ll_dma.o [1]
LL_DMA_ClearFlag_GI2     0x800'85d3    0x6  Code  Lc  stm32f1xx_ll_dma.o [1]
LL_DMA_ClearFlag_GI3     0x800'85d9    0x8  Code  Lc  stm32f1xx_ll_dma.o [1]
LL_DMA_ClearFlag_GI4     0x800'85e1    0x8  Code  Lc  stm32f1xx_ll_dma.o [1]
LL_DMA_ClearFlag_GI5     0x800'50ff    0x8  Code  Lc  adc_cfg.o [1]
LL_DMA_ClearFlag_GI5     0x800'85e9    0x8  Code  Lc  stm32f1xx_ll_dma.o [1]
LL_DMA_ClearFlag_GI6     0x800'85f1    0x8  Code  Lc  stm32f1xx_ll_dma.o [1]
LL_DMA_ClearFlag_GI7     0x800'85f9    0x8  Code  Lc  stm32f1xx_ll_dma.o [1]
LL_DMA_ClearFlag_HT1     0x800'5115    0x6  Code  Lc  adc_cfg.o [1]
LL_DMA_ClearFlag_HT5     0x800'511b    0x8  Code  Lc  adc_cfg.o [1]
LL_DMA_ClearFlag_TC1     0x800'5107    0x6  Code  Lc  adc_cfg.o [1]
LL_DMA_ClearFlag_TC5     0x800'510d    0x8  Code  Lc  adc_cfg.o [1]
LL_DMA_ConfigTransfer    0x800'8569   0x24  Code  Lc  stm32f1xx_ll_dma.o [1]
LL_DMA_DeInit            0x800'8601  0x108  Code  Gb  stm32f1xx_ll_dma.o [1]
LL_DMA_DisableChannel    0x800'50b3   0x20  Code  Lc  adc_cfg.o [1]
LL_DMA_EnableChannel     0x800'5093   0x20  Code  Lc  adc_cfg.o [1]
LL_DMA_EnableIT_TC       0x800'5123   0x20  Code  Lc  adc_cfg.o [1]
LL_DMA_Init              0x800'8745   0x4c  Code  Gb  stm32f1xx_ll_dma.o [1]
LL_DMA_IsActiveFlag_TC1
                         0x800'a415    0xa  Code  Lc  stm32f1xx_it.o [1]
LL_DMA_IsActiveFlag_TC5
                         0x800'a41f    0xa  Code  Lc  stm32f1xx_it.o [1]
LL_DMA_IsEnabledIT_TC    0x800'a429   0x14  Code  Lc  stm32f1xx_it.o [1]
LL_DMA_SetDataLength     0x800'50d3   0x26  Code  Lc  adc_cfg.o [1]
LL_DMA_SetDataLength     0x800'858d   0x24  Code  Lc  stm32f1xx_ll_dma.o [1]
LL_DMA_SetMemoryAddress
                         0x800'85b1    0xe  Code  Lc  stm32f1xx_ll_dma.o [1]
LL_DMA_SetPeriphAddress
                         0x800'85bf    0xe  Code  Lc  stm32f1xx_ll_dma.o [1]
LL_FLASH_EnableDataCache
                         0x800'8877    0xe  Code  Gb  stm32_cfg.o [1]
LL_FLASH_EnableInstCache
                         0x800'8885    0xe  Code  Gb  stm32_cfg.o [1]
LL_FLASH_EnablePrefetch
                         0x800'9cef    0xc  Code  Lc  main.o [1]
LL_FLASH_GetLatency      0x800'9ce5    0xa  Code  Lc  main.o [1]
LL_FLASH_ReadHalfWord    0x800'8893    0x4  Code  Gb  stm32_cfg.o [1]
LL_FLASH_SetLatency      0x800'9cd7    0xe  Code  Lc  main.o [1]
LL_GPIO_AF_RemapPartial_TIM3
                         0x800'4999   0x16  Code  Lc  timer_cfg.o [1]
LL_GPIO_AF_Remap_SWJ_NOJTAG
                         0x800'7de9   0x14  Code  Lc  gpio_cfg.o [1]
LL_GPIO_AF_Remap_SWJ_NONJTRST
                         0x800'7dd5   0x14  Code  Lc  gpio_cfg.o [1]
LL_GPIO_Init             0x800'3ec9   0x90  Code  Gb  stm32f1xx_ll_gpio.o [1]
LL_GPIO_IsInputPinSet    0x800'57a5   0x1a  Code  Lc  decode_cfg.o [1]
LL_GPIO_IsInputPinSet    0x800'96c9   0x1a  Code  Lc  i2c_cfg.o [1]
LL_GPIO_IsInputPinSet    0x800'7719   0x1a  Code  Lc  key_cfg.o [1]
LL_GPIO_IsInputPinSet    0x800'2561   0x1a  Code  Lc  rfask_cfg.o [1]
LL_GPIO_ResetOutputPin   0x800'57c7    0x8  Code  Lc  decode_cfg.o [1]
LL_GPIO_ResetOutputPin   0x800'96eb    0x8  Code  Lc  i2c_cfg.o [1]
LL_GPIO_ResetOutputPin   0x800'773b    0x8  Code  Lc  key_cfg.o [1]
LL_GPIO_ResetOutputPin   0x800'9f95    0x8  Code  Lc  led_cfg.o [1]
LL_GPIO_ResetOutputPin   0x800'a089    0x8  Code  Lc  power_cfg.o [1]
LL_GPIO_ResetOutputPin   0x800'0139    0x8  Code  Lc  rfask_task.o [1]
LL_GPIO_ResetOutputPin   0x800'2d9d    0x8  Code  Lc  usart_cfg.o [1]
LL_GPIO_SetOutputPin     0x800'57bf    0x8  Code  Lc  decode_cfg.o [1]
LL_GPIO_SetOutputPin     0x800'96e3    0x8  Code  Lc  i2c_cfg.o [1]
LL_GPIO_SetOutputPin     0x800'7733    0x8  Code  Lc  key_cfg.o [1]
LL_GPIO_SetOutputPin     0x800'257b    0x8  Code  Lc  rfask_cfg.o [1]
LL_GPIO_SetOutputPin     0x800'0131    0x8  Code  Lc  rfask_task.o [1]
LL_GPIO_SetOutputPin     0x800'2d95    0x8  Code  Lc  usart_cfg.o [1]
LL_GPIO_SetPinMode       0x800'3df5   0x3c  Code  Lc  stm32f1xx_ll_gpio.o [1]
LL_GPIO_SetPinMode       0x800'2d59   0x3c  Code  Lc  usart_cfg.o [1]
LL_GPIO_SetPinOutputType
                         0x800'3e6d   0x3c  Code  Lc  stm32f1xx_ll_gpio.o [1]
LL_GPIO_SetPinPull       0x800'3ea9   0x20  Code  Lc  stm32f1xx_ll_gpio.o [1]
LL_GPIO_SetPinSpeed      0x800'3e31   0x3c  Code  Lc  stm32f1xx_ll_gpio.o [1]
LL_GPIO_TogglePin        0x800'9f9d    0xc  Code  Lc  led_cfg.o [1]
LL_IWDG_Enable           0x800'65c5    0xa  Code  Lc  iwdg_cfg.o [1]
LL_IWDG_EnableWriteAccess
                         0x800'65d9    0xa  Code  Lc  iwdg_cfg.o [1]
LL_IWDG_IsReady          0x800'65f3   0x12  Code  Lc  iwdg_cfg.o [1]
LL_IWDG_ReloadCounter    0x800'65cf    0xa  Code  Lc  iwdg_cfg.o [1]
LL_IWDG_SetPrescaler     0x800'65e3    0x8  Code  Lc  iwdg_cfg.o [1]
LL_IWDG_SetReloadCounter
                         0x800'65eb    0x8  Code  Lc  iwdg_cfg.o [1]
LL_InitTick              0x800'9949   0x18  Code  Lc  systick_cfg.o [1]
LL_RCC_ClearFlag_HSECSS
                         0x800'a5ff    0xc  Code  Lc  css_cfg.o [1]
LL_RCC_ClearFlag_HSERDY
                         0x800'a5f3    0xc  Code  Lc  css_cfg.o [1]
LL_RCC_DisableIT_HSERDY
                         0x800'a62f    0xc  Code  Lc  css_cfg.o [1]
LL_RCC_EnableIT_HSERDY   0x800'a623    0xc  Code  Lc  css_cfg.o [1]
LL_RCC_GetAHBPrescaler   0x800'75ff    0xa  Code  Lc  stm32f1xx_ll_rcc.o [1]
LL_RCC_GetAPB1Prescaler
                         0x800'7609    0xa  Code  Lc  stm32f1xx_ll_rcc.o [1]
LL_RCC_GetAPB2Prescaler
                         0x800'7613    0xa  Code  Lc  stm32f1xx_ll_rcc.o [1]
LL_RCC_GetSysClkSource   0x800'9c73    0xa  Code  Lc  main.o [1]
LL_RCC_GetSysClkSource   0x800'75f5    0xa  Code  Lc  stm32f1xx_ll_rcc.o [1]
LL_RCC_GetSystemClocksFreq
                         0x800'763b   0x24  Code  Gb  stm32f1xx_ll_rcc.o [1]
LL_RCC_HSE_Enable        0x800'a5e7    0xc  Code  Lc  css_cfg.o [1]
LL_RCC_HSE_Enable        0x800'9c35    0xc  Code  Lc  main.o [1]
LL_RCC_HSE_IsReady       0x800'9c41    0xc  Code  Lc  main.o [1]
LL_RCC_IsActiveFlag_HSECSS
                         0x800'a617    0xc  Code  Lc  css_cfg.o [1]
LL_RCC_IsActiveFlag_HSERDY
                         0x800'a60b    0xc  Code  Lc  css_cfg.o [1]
LL_RCC_LSI_Enable        0x800'9c4d    0xc  Code  Lc  main.o [1]
LL_RCC_LSI_IsReady       0x800'9c59    0xc  Code  Lc  main.o [1]
LL_RCC_PLL_ConfigDomain_SYS
                         0x800'9cbf   0x18  Code  Lc  main.o [1]
LL_RCC_PLL_Enable        0x800'9ca7    0xc  Code  Lc  main.o [1]
LL_RCC_PLL_GetMainSource
                         0x800'761d    0xa  Code  Lc  stm32f1xx_ll_rcc.o [1]
LL_RCC_PLL_GetMultiplicator
                         0x800'7627    0xa  Code  Lc  stm32f1xx_ll_rcc.o [1]
LL_RCC_PLL_GetPrediv     0x800'7631    0xa  Code  Lc  stm32f1xx_ll_rcc.o [1]
LL_RCC_PLL_IsReady       0x800'9cb3    0xc  Code  Lc  main.o [1]
LL_RCC_SetADCClockSource
                         0x800'5143   0x10  Code  Lc  adc_cfg.o [1]
LL_RCC_SetAHBPrescaler   0x800'9c7d    0xe  Code  Lc  main.o [1]
LL_RCC_SetAPB1Prescaler
                         0x800'9c8b    0xe  Code  Lc  main.o [1]
LL_RCC_SetAPB2Prescaler
                         0x800'9c99    0xe  Code  Lc  main.o [1]
LL_RCC_SetSysClkSource   0x800'9c65    0xe  Code  Lc  main.o [1]
LL_SYSTICK_SetClkSource
                         0x800'9c19   0x1c  Code  Lc  main.o [1]
LL_SetSystemCoreClock    0x800'9f45    0x6  Code  Gb  stm32f1xx_ll_utils.o [1]
LL_TIM_CC_DisableChannel
                         0x800'49d5    0x8  Code  Lc  timer_cfg.o [1]
LL_TIM_ClearFlag         0x800'889d    0x8  Code  Gb  stm32_cfg.o [1]
LL_TIM_ClearFlag_CC1     0x800'58e9    0x8  Code  Lc  decode_cfg.o [1]
LL_TIM_ClearFlag_CC2     0x800'58fb    0x8  Code  Lc  decode_cfg.o [1]
LL_TIM_ClearFlag_CC3     0x800'590d    0x8  Code  Lc  decode_cfg.o [1]
LL_TIM_ClearFlag_CC4     0x800'591f    0x8  Code  Lc  decode_cfg.o [1]
LL_TIM_ClearFlag_UPDATE
                         0x800'58d9    0x8  Code  Lc  decode_cfg.o [1]
LL_TIM_DeInit            0x800'7f8f  0x15a  Code  Gb  stm32f1xx_ll_tim.o [1]
LL_TIM_DisableARRPreload
                         0x800'57e3    0xa  Code  Lc  decode_cfg.o [1]
LL_TIM_DisableCounter    0x800'57d9    0xa  Code  Lc  decode_cfg.o [1]
LL_TIM_DisableCounter    0x800'49b9    0xa  Code  Lc  timer_cfg.o [1]
LL_TIM_DisableDMAReq_TRIG
                         0x800'4b67    0xa  Code  Lc  timer_cfg.o [1]
LL_TIM_DisableIT_TRIG    0x800'4b5d    0xa  Code  Lc  timer_cfg.o [1]
LL_TIM_DisableMasterSlaveMode
                         0x800'58cf    0xa  Code  Lc  decode_cfg.o [1]
LL_TIM_DisableMasterSlaveMode
                         0x800'4b53    0xa  Code  Lc  timer_cfg.o [1]
LL_TIM_EnableARRPreload
                         0x800'49c3    0xa  Code  Lc  timer_cfg.o [1]
LL_TIM_EnableCounter     0x800'57cf    0xa  Code  Lc  decode_cfg.o [1]
LL_TIM_EnableCounter     0x800'49af    0xa  Code  Lc  timer_cfg.o [1]
LL_TIM_EnableIT_CC1      0x800'593b    0xa  Code  Lc  decode_cfg.o [1]
LL_TIM_EnableIT_CC2      0x800'5945    0xa  Code  Lc  decode_cfg.o [1]
LL_TIM_EnableIT_CC3      0x800'594f    0xa  Code  Lc  decode_cfg.o [1]
LL_TIM_EnableIT_CC4      0x800'5959    0xa  Code  Lc  decode_cfg.o [1]
LL_TIM_EnableIT_UPDATE   0x800'5931    0xa  Code  Lc  decode_cfg.o [1]
LL_TIM_GenerateEvent_UPDATE
                         0x800'7f55    0xa  Code  Lc  stm32f1xx_ll_tim.o [1]
LL_TIM_GetCounter        0x800'57f1    0x4  Code  Lc  decode_cfg.o [1]
LL_TIM_GetCounter        0x800'49d1    0x4  Code  Lc  timer_cfg.o [1]
LL_TIM_IC_GetCaptureCH1
                         0x800'58a5    0x4  Code  Lc  decode_cfg.o [1]
LL_TIM_IC_GetCaptureCH2
                         0x800'58a9    0x4  Code  Lc  decode_cfg.o [1]
LL_TIM_IC_GetCaptureCH3
                         0x800'58ad    0x4  Code  Lc  decode_cfg.o [1]
LL_TIM_IC_GetCaptureCH4
                         0x800'58b1    0x4  Code  Lc  decode_cfg.o [1]
LL_TIM_IC_GetPolarity    0x800'5851   0x54  Code  Lc  decode_cfg.o [1]
LL_TIM_IC_Init           0x800'81bb   0x58  Code  Gb  stm32f1xx_ll_tim.o [1]
LL_TIM_IC_SetActiveInput
                         0x800'49dd   0x7a  Code  Lc  timer_cfg.o [1]
LL_TIM_IC_SetFilter      0x800'4a57   0x7a  Code  Lc  timer_cfg.o [1]
LL_TIM_IC_SetPolarity    0x800'57f5   0x5c  Code  Lc  decode_cfg.o [1]
LL_TIM_IC_SetPolarity    0x800'4ad1   0x5c  Code  Lc  timer_cfg.o [1]
LL_TIM_Init              0x800'80e9   0xd2  Code  Gb  stm32f1xx_ll_tim.o [1]
LL_TIM_IsActiveFlag_CC1
                         0x800'58f1    0xa  Code  Lc  decode_cfg.o [1]
LL_TIM_IsActiveFlag_CC2
                         0x800'5903    0xa  Code  Lc  decode_cfg.o [1]
LL_TIM_IsActiveFlag_CC3
                         0x800'5915    0xa  Code  Lc  decode_cfg.o [1]
LL_TIM_IsActiveFlag_CC4
                         0x800'5927    0xa  Code  Lc  decode_cfg.o [1]
LL_TIM_IsActiveFlag_UPDATE
                         0x800'58e1    0x8  Code  Lc  decode_cfg.o [1]
LL_TIM_SetAutoReload     0x800'7f4d    0x4  Code  Lc  stm32f1xx_ll_tim.o [1]
LL_TIM_SetClockSource    0x800'58b5    0xe  Code  Lc  decode_cfg.o [1]
LL_TIM_SetClockSource    0x800'4b2d    0xe  Code  Lc  timer_cfg.o [1]
LL_TIM_SetCounter        0x800'57ed    0x4  Code  Lc  decode_cfg.o [1]
LL_TIM_SetCounter        0x800'49cd    0x4  Code  Lc  timer_cfg.o [1]
LL_TIM_SetPrescaler      0x800'7f49    0x4  Code  Lc  stm32f1xx_ll_tim.o [1]
LL_TIM_SetRepetitionCounter
                         0x800'7f51    0x4  Code  Lc  stm32f1xx_ll_tim.o [1]
LL_TIM_SetTriggerInput   0x800'4b47    0xc  Code  Lc  timer_cfg.o [1]
LL_TIM_SetTriggerOutput
                         0x800'58c3    0xc  Code  Lc  decode_cfg.o [1]
LL_TIM_SetTriggerOutput
                         0x800'4b3b    0xc  Code  Lc  timer_cfg.o [1]
LL_USART_ClearFlag_RXNE
                         0x800'a463    0x8  Code  Lc  stm32f1xx_it.o [1]
LL_USART_ClearFlag_TC    0x800'a45b    0x8  Code  Lc  stm32f1xx_it.o [1]
LL_USART_ClearFlag_TC    0x800'2dd5    0x8  Code  Lc  usart_cfg.o [1]
LL_USART_ConfigAsyncMode
                         0x800'2daf   0x12  Code  Lc  usart_cfg.o [1]
LL_USART_DeInit          0x800'40df   0x88  Code  Gb  stm32f1xx_ll_usart.o [1]
LL_USART_DisableIT_TC    0x800'2dfb    0xa  Code  Lc  usart_cfg.o [1]
LL_USART_DisableIT_TXE   0x800'2e05    0xa  Code  Lc  usart_cfg.o [1]
LL_USART_Enable          0x800'2da5    0xa  Code  Lc  usart_cfg.o [1]
LL_USART_EnableIT_RXNE   0x800'2ddd    0xa  Code  Lc  usart_cfg.o [1]
LL_USART_EnableIT_TC     0x800'2de7    0xa  Code  Lc  usart_cfg.o [1]
LL_USART_EnableIT_TXE    0x800'2df1    0xa  Code  Lc  usart_cfg.o [1]
LL_USART_Init            0x800'4167   0x9a  Code  Gb  stm32f1xx_ll_usart.o [1]
LL_USART_IsActiveFlag_RXNE
                         0x800'a43d    0xa  Code  Lc  stm32f1xx_it.o [1]
LL_USART_IsActiveFlag_TC
                         0x800'a447    0xa  Code  Lc  stm32f1xx_it.o [1]
LL_USART_IsActiveFlag_TC
                         0x800'2dc1    0xa  Code  Lc  usart_cfg.o [1]
LL_USART_IsActiveFlag_TXE
                         0x800'a451    0xa  Code  Lc  stm32f1xx_it.o [1]
LL_USART_IsActiveFlag_TXE
                         0x800'2dcb    0xa  Code  Lc  usart_cfg.o [1]
LL_USART_IsEnabled       0x800'4015    0xa  Code  Lc  stm32f1xx_ll_usart.o [1]
LL_USART_IsEnabledIT_RXNE
                         0x800'a46b    0xa  Code  Lc  stm32f1xx_it.o [1]
LL_USART_IsEnabledIT_TC
                         0x800'a475    0xa  Code  Lc  stm32f1xx_it.o [1]
LL_USART_IsEnabledIT_TC
                         0x800'2e0f    0xa  Code  Lc  usart_cfg.o [1]
LL_USART_IsEnabledIT_TXE
                         0x800'a47f    0xa  Code  Lc  stm32f1xx_it.o [1]
LL_USART_IsEnabledIT_TXE
                         0x800'2e19    0xa  Code  Lc  usart_cfg.o [1]
LL_USART_ReceiveData8    0x800'a489    0x6  Code  Lc  stm32f1xx_it.o [1]
LL_USART_SetBaudRate     0x800'4037   0x80  Code  Lc  stm32f1xx_ll_usart.o [1]
LL_USART_SetHWFlowCtrl   0x800'402b    0xc  Code  Lc  stm32f1xx_ll_usart.o [1]
LL_USART_SetStopBitsLength
                         0x800'401f    0xc  Code  Lc  stm32f1xx_ll_usart.o [1]
LL_USART_TransmitData8   0x800'2e23    0x8  Code  Lc  usart_cfg.o [1]
LL_WWDG_ClearFlag_EWKUP
                         0x800'a48f    0x8  Code  Lc  stm32f1xx_it.o [1]
LoadInt                  0x800'686f   0x7a  Code  Lc  xprintffull.o [2]
MemManage_Handler        0x800'a4a9    0x2  Code  Gb  stm32f1xx_it.o [1]
NMI_Handler              0x800'a497    0x8  Code  Gb  stm32f1xx_it.o [1]
NVIC_EnableIRQ           0x800'4f11   0x18  Code  Lc  adc_cfg.o [1]
NVIC_EnableIRQ           0x800'571d   0x18  Code  Lc  decode_cfg.o [1]
NVIC_EnableIRQ           0x800'2c89   0x18  Code  Lc  usart_cfg.o [1]
NVIC_EncodePriority      0x800'4f59   0x40  Code  Lc  adc_cfg.o [1]
NVIC_EncodePriority      0x800'5765   0x40  Code  Lc  decode_cfg.o [1]
NVIC_EncodePriority      0x800'9bc3   0x40  Code  Lc  main.o [1]
NVIC_EncodePriority      0x800'9909   0x40  Code  Lc  systick_cfg.o [1]
NVIC_EncodePriority      0x800'2cd1   0x40  Code  Lc  usart_cfg.o [1]
NVIC_GetPriorityGrouping
                         0x800'4f05    0xc  Code  Lc  adc_cfg.o [1]
NVIC_GetPriorityGrouping
                         0x800'5711    0xc  Code  Lc  decode_cfg.o [1]
NVIC_GetPriorityGrouping
                         0x800'9b8b    0xc  Code  Lc  main.o [1]
NVIC_GetPriorityGrouping
                         0x800'98d3    0xa  Code  Lc  systick_cfg.o [1]
NVIC_GetPriorityGrouping
                         0x800'2c7d    0xc  Code  Lc  usart_cfg.o [1]
NVIC_Init                0x800'9d7f   0xac  Code  Gb  main.o [1]
NVIC_SetPriority         0x800'4f29   0x30  Code  Lc  adc_cfg.o [1]
NVIC_SetPriority         0x800'5735   0x30  Code  Lc  decode_cfg.o [1]
NVIC_SetPriority         0x800'9b97   0x2c  Code  Lc  main.o [1]
NVIC_SetPriority         0x800'98dd   0x2c  Code  Lc  systick_cfg.o [1]
NVIC_SetPriority         0x800'2ca1   0x30  Code  Lc  usart_cfg.o [1]
NVIC_SetPriorityGrouping
                         0x800'9b69   0x22  Code  Lc  main.o [1]
NVIC_SetPriorityGrouping
                         0x800'98b5   0x1e  Code  Lc  systick_cfg.o [1]
NVIC_SystemReset         0x800'a5cd   0x1a  Code  Lc  css_cfg.o [1]
OFFSET_TAB_CCMRx         0x800'aaa0    0x8  Data  Lc  timer_cfg.o [1]
PendSV_Handler           0x800'a4b3    0x2  Code  Gb  stm32f1xx_it.o [1]
PowerLib_Init            0x800'9f89    0x8  Code  Gb  power_lib.o [1]
PowerTask_Init           0x800'9f69    0x8  Code  Gb  power_task.o [1]
Power_Init               0x800'a091  0x10a  Code  Gb  power_cfg.o [1]
RCC_GetHCLKClockFreq     0x800'7687   0x16  Code  Gb  stm32f1xx_ll_rcc.o [1]
RCC_GetPCLK1ClockFreq    0x800'769d   0x14  Code  Gb  stm32f1xx_ll_rcc.o [1]
RCC_GetPCLK2ClockFreq    0x800'76b1   0x14  Code  Gb  stm32f1xx_ll_rcc.o [1]
RCC_GetSystemClockFreq   0x800'765f   0x28  Code  Gb  stm32f1xx_ll_rcc.o [1]
RCC_IRQHandler           0x800'a49f    0x8  Code  Gb  stm32f1xx_it.o [1]
RCC_PLL_GetFreqDomain_SYS
                         0x800'76c5   0x3c  Code  Gb  stm32f1xx_ll_rcc.o [1]
RFASKLib_ActivateSites   0x800'1f25   0x12  Code  Gb  rfask_lib.o [1]
RFASKLib_CalcXTAL        0x800'1f15   0x10  Code  Gb  rfask_lib.o [1]
RFASKLib_Init            0x800'1f09    0xc  Code  Gb  rfask_lib.o [1]
RFASKLib_ScanYSEL        0x800'1f49    0x8  Code  Gb  rfask_lib.o [1]
RFASKLib_SetFreqCurrentPointCmd
                         0x800'1f37   0x12  Code  Gb  rfask_lib.o [1]
RFASKTask_ActivateSites
                         0x800'0adf   0x12  Code  Gb  rfask_task.o [1]
RFASKTask_BINPass        0x800'1ba7   0x94  Code  Gb  rfask_task.o [1]
RFASKTask_CalcXTAL       0x800'0161   0x10  Code  Gb  rfask_task.o [1]
RFASKTask_EOTSTART       0x800'1b7f   0x1e  Code  Gb  rfask_task.o [1]
RFASKTask_EOTSTOP        0x800'1b9d    0xa  Code  Gb  rfask_task.o [1]
RFASKTask_FreqCurrentHandlerTask
                         0x800'17cf  0x2dc  Code  Gb  rfask_task.o [1]
RFASKTask_FreqCurrentPointOneTask
                         0x800'0b77  0x3e6  Code  Gb  rfask_task.o [1]
RFASKTask_FreqCurrentPointTwoTask
                         0x800'0f5d  0x3e6  Code  Gb  rfask_task.o [1]
RFASKTask_FreqCurrentScan
                         0x800'1343  0x48c  Code  Gb  rfask_task.o [1]
RFASKTask_HandlerTask    0x800'1aab   0x72  Code  Gb  rfask_task.o [1]
RFASKTask_Init           0x800'0141   0x20  Code  Gb  rfask_task.o [1]
RFASKTask_KeyTask        0x800'1c3b  0x29a  Code  Gb  rfask_task.o [1]
RFASKTask_ScanYSEL       0x800'1b77    0x8  Code  Gb  rfask_task.o [1]
RFASKTask_SetClockFreq   0x800'0171   0x1c  Code  Gb  rfask_task.o [1]
RFASKTask_SitesCurrent   0x800'0af1   0x86  Code  Gb  rfask_task.o [1]
RFASKTask_Task           0x800'1b1d   0x5a  Code  Gb  rfask_task.o [1]
RFASKTask_WM8510Task     0x800'018d  0x310  Code  Gb  rfask_task.o [1]
RFASKTask_YSELTask       0x800'04a9  0x636  Code  Gb  rfask_task.o [1]
RFASK_ActivateSites      0x800'2a3f   0x38  Code  Gb  rfask_cfg.o [1]
RFASK_CalcXTAL           0x800'297f   0xc0  Code  Gb  rfask_cfg.o [1]
RFASK_ClkInit            0x800'2583   0x9c  Code  Gb  rfask_cfg.o [1]
RFASK_GetYSELA           0x800'2a7f   0x4c  Code  Gb  rfask_cfg.o [1]
RFASK_GetYSELB           0x800'2acb   0x42  Code  Gb  rfask_cfg.o [1]
RFASK_GetYSELC           0x800'2b0d   0x42  Code  Gb  rfask_cfg.o [1]
RFASK_GetYSELD           0x800'2b4f   0x3c  Code  Gb  rfask_cfg.o [1]
RFASK_Init               0x800'296b   0x14  Code  Gb  rfask_cfg.o [1]
RFASK_ScanYSEL           0x800'2bb9   0x9c  Code  Gb  rfask_cfg.o [1]
RFASK_SetFreqCurrentPointCmd
                         0x800'2a77    0x8  Code  Gb  rfask_cfg.o [1]
RFASK_StructInit         0x800'2829  0x142  Code  Gb  rfask_cfg.o [1]
RFASK_YSELInit           0x800'261f  0x20a  Code  Gb  rfask_cfg.o [1]
RandomLib_Init           0x800'9f71    0x8  Code  Gb  random_lib.o [1]
RandomTask_Init          0x800'9f51    0x8  Code  Gb  random_task.o [1]
Random_Init              0x800'9f91    0x2  Code  Gb  random_cfg.o [1]
Region$$Table$$Base      0x800'a958          --   Gb  - Linker created -
Region$$Table$$Limit     0x800'a978          --   Gb  - Linker created -
SHIFT_TAB_CCxP           0x800'aa80    0x8  Data  Lc  decode_cfg.o [1]
SHIFT_TAB_CCxP           0x800'aab0    0x8  Data  Lc  timer_cfg.o [1]
SHIFT_TAB_ICxx           0x800'aaa8    0x8  Data  Lc  timer_cfg.o [1]
SVC_Handler              0x800'a4af    0x2  Code  Gb  stm32f1xx_it.o [1]
SysTickLib_1msIncTick    0x800'9507    0x8  Code  Gb  systick_lib.o [1]
SysTickLib_FuncTick      0x800'94d3    0xc  Code  Gb  systick_lib.o [1]
SysTickLib_GetTick       0x800'94eb    0x8  Code  Gb  systick_lib.o [1]
SysTickLib_IRQDecTick    0x800'94df    0xc  Code  Gb  systick_lib.o [1]
SysTickLib_IRQTick       0x800'94f3    0x8  Code  Gb  systick_lib.o [1]
SysTickLib_Init          0x800'94cb    0x8  Code  Gb  systick_lib.o [1]
SysTickLib_WaitTick      0x800'94fb    0xc  Code  Gb  systick_lib.o [1]
SysTickTask_1msIncTick   0x800'8373    0x8  Code  Gb  systick_task.o [1]
SysTickTask_FuncTick     0x800'833f    0xc  Code  Gb  systick_task.o [1]
SysTickTask_GetTick      0x800'8357    0x8  Code  Gb  systick_task.o [1]
SysTickTask_IRQDecTick   0x800'834b    0xc  Code  Gb  systick_task.o [1]
SysTickTask_IRQTick      0x800'835f    0x8  Code  Gb  systick_task.o [1]
SysTickTask_Init         0x800'8337    0x8  Code  Gb  systick_task.o [1]
SysTickTask_WaitTick     0x800'8367    0xc  Code  Gb  systick_task.o [1]
SysTick_1msIncTick       0x800'9ae1   0x42  Code  Gb  systick_cfg.o [1]
SysTick_FuncTick         0x800'99e1   0x12  Code  Gb  systick_cfg.o [1]
SysTick_GetTick          0x800'9a21    0x8  Code  Gb  systick_cfg.o [1]
SysTick_Handler          0x800'a4b5    0x8  Code  Gb  stm32f1xx_it.o [1]
SysTick_IRQDecTick       0x800'99f3   0x2e  Code  Gb  systick_cfg.o [1]
SysTick_IRQTick          0x800'9a29   0x52  Code  Gb  systick_cfg.o [1]
SysTick_Init             0x800'9997   0x4a  Code  Gb  systick_cfg.o [1]
SysTick_Resume           0x800'996f    0xe  Code  Gb  systick_cfg.o [1]
SysTick_StructInit       0x800'997d   0x1a  Code  Gb  systick_cfg.o [1]
SysTick_Suspend          0x800'9961    0xe  Code  Gb  systick_cfg.o [1]
SysTick_WaitTick         0x800'9a7b   0x66  Code  Gb  systick_cfg.o [1]
Sys_Init                 0x800'9e2b   0x78  Code  Gb  main.o [1]
SystemClock_Config       0x800'9cfb   0x84  Code  Gb  main.o [1]
SystemCoreClock         0x2000'000c    0x4  Data  Gb  system_stm32f1xx.o [1]
SystemInit               0x800'a8d9   0x3e  Code  Gb  system_stm32f1xx.o [1]
TIM2_IRQHandler          0x800'a5a5    0x8  Code  Gb  stm32f1xx_it.o [1]
TimerLib_CalcFreq_Task   0x800'3d39    0x8  Code  Gb  timer_lib.o [1]
TimerLib_Clock           0x800'3d49   0x12  Code  Gb  timer_lib.o [1]
TimerLib_GetFreqKHz      0x800'3d41    0x8  Code  Gb  timer_lib.o [1]
TimerLib_Init            0x800'3d31    0x8  Code  Gb  timer_lib.o [1]
TimerTask_CalcFreq_Task
                         0x800'2101    0x8  Code  Gb  timer_task.o [1]
TimerTask_Clock          0x800'2111   0x12  Code  Gb  timer_task.o [1]
TimerTask_GetFreqKHz     0x800'2109    0x8  Code  Gb  timer_task.o [1]
TimerTask_Init           0x800'20f9    0x8  Code  Gb  timer_task.o [1]
Timer_CalcFreqMode_Init
                         0x800'4b71   0xba  Code  Gb  timer_cfg.o [1]
Timer_CalcFreq_Init      0x800'4c2b   0x64  Code  Gb  timer_cfg.o [1]
Timer_CalcFreq_Task      0x800'4c8f   0x42  Code  Gb  timer_cfg.o [1]
Timer_Clock              0x800'4ce1  0x1c0  Code  Gb  timer_cfg.o [1]
Timer_GetFreqKHz         0x800'4cd1    0x8  Code  Gb  timer_cfg.o [1]
Timer_Init               0x800'4cd9    0x8  Code  Gb  timer_cfg.o [1]
USART1_IRQHandler        0x800'a4c7   0x78  Code  Gb  stm32f1xx_it.o [1]
USART1_Init              0x800'3a39   0xf6  Code  Gb  usart_cfg.o [1]
USART1_RX_BUFFER        0x2000'08a4  0x70c  Data  Gb  usart_task.o [1]
USART1_TX_BUFFER        0x2000'0fb0  0x70c  Data  Gb  usart_task.o [1]
USART2_Init              0x800'3b65    0x6  Code  Gb  usart_cfg.o [1]
USART3_Init              0x800'3b6b    0x6  Code  Gb  usart_cfg.o [1]
USARTLib_CRCTask_Read    0x800'3d25    0xc  Code  Gb  usart_lib.o [1]
USARTLib_DeviceID        0x800'3cd1    0xc  Code  Gb  usart_lib.o [1]
USARTLib_DeviceInit      0x800'3c63   0x32  Code  Gb  usart_lib.o [1]
USARTLib_GetReadState    0x800'3ca1    0xc  Code  Gb  usart_lib.o [1]
USARTLib_ITRead_Task     0x800'3cbf   0x12  Code  Gb  usart_lib.o [1]
USARTLib_ITWrite_TCTask
                         0x800'3ce9    0xc  Code  Gb  usart_lib.o [1]
USARTLib_ITWrite_TXETask
                         0x800'3cdd    0xc  Code  Gb  usart_lib.o [1]
USARTLib_Init            0x800'3bfb   0x68  Code  Gb  usart_lib.o [1]
USARTLib_ReadInit        0x800'3c95    0xc  Code  Gb  usart_lib.o [1]
USARTLib_RealTime_AddByte
                         0x800'3cf5   0x12  Code  Gb  usart_lib.o [1]
USARTLib_RealTime_AddByteCRC
                         0x800'3d19    0xc  Code  Gb  usart_lib.o [1]
USARTLib_RealTime_AddByteSize
                         0x800'3d07   0x12  Code  Gb  usart_lib.o [1]
USARTLib_TimeOVFTask     0x800'3cad   0x12  Code  Gb  usart_lib.o [1]
USARTTask_CRCTask_Read   0x800'20e1    0xc  Code  Gb  usart_task.o [1]
USARTTask_DeviceID       0x800'20ed    0xc  Code  Gb  usart_task.o [1]
USARTTask_GetReadState   0x800'206d    0xc  Code  Gb  usart_task.o [1]
USARTTask_ITRead_Task    0x800'2087   0x12  Code  Gb  usart_task.o [1]
USARTTask_ITWrite_TCTask
                         0x800'20a5    0xc  Code  Gb  usart_task.o [1]
USARTTask_ITWrite_TXETask
                         0x800'2099    0xc  Code  Gb  usart_task.o [1]
USARTTask_Init           0x800'1ffd   0x64  Code  Gb  usart_task.o [1]
USARTTask_ReadInit       0x800'2061    0xc  Code  Gb  usart_task.o [1]
USARTTask_RealTime_AddByte
                         0x800'20b1   0x12  Code  Gb  usart_task.o [1]
USARTTask_RealTime_AddByteCRC
                         0x800'20d5    0xc  Code  Gb  usart_task.o [1]
USARTTask_RealTime_AddByteSize
                         0x800'20c3   0x12  Code  Gb  usart_task.o [1]
USARTTask_TimeOVFTask    0x800'2079    0xe  Code  Gb  usart_task.o [1]
USART_485GPIOInit        0x800'2f89   0x2a  Code  Gb  usart_cfg.o [1]
USART_CRCTask_Read       0x800'3615  0x1da  Code  Gb  usart_cfg.o [1]
USART_ClearOVF           0x800'37ef   0x1c  Code  Gb  usart_cfg.o [1]
USART_Clock              0x800'395d   0xbe  Code  Gb  usart_cfg.o [1]
USART_DeviceID           0x800'3887   0x20  Code  Gb  usart_cfg.o [1]
USART_DeviceInit         0x800'3a21   0x18  Code  Gb  usart_cfg.o [1]
USART_GPIOInit           0x800'2f5b   0x2e  Code  Gb  usart_cfg.o [1]
USART_GetReadState       0x800'380b    0x6  Code  Gb  usart_cfg.o [1]
USART_ITRead_16BitsTask
                         0x800'3219  0x138  Code  Gb  usart_cfg.o [1]
USART_ITRead_16BitsTask::tempVal
                        0x2000'1de9    0x1  Data  Lc  usart_cfg.o [1]
USART_ITRead_8BitsTask   0x800'3127   0xf2  Code  Gb  usart_cfg.o [1]
USART_ITRead_8BitsTask::tempVal
                        0x2000'1de8    0x1  Data  Lc  usart_cfg.o [1]
USART_ITRead_Task        0x800'3369   0x26  Code  Gb  usart_cfg.o [1]
USART_ITWrite_TCTask     0x800'3435   0x4c  Code  Gb  usart_cfg.o [1]
USART_ITWrite_TXETask    0x800'33b9   0x7c  Code  Gb  usart_cfg.o [1]
USART_Init               0x800'2ee5   0x76  Code  Gb  usart_cfg.o [1]
USART_PollMode_WriteByte
                         0x800'338f   0x2a  Code  Gb  usart_cfg.o [1]
USART_Printf             0x800'38a7   0xb0  Code  Gb  usart_cfg.o [1]
USART_ReadInit           0x800'3811   0x3c  Code  Gb  usart_cfg.o [1]
USART_RealTime_AddByte   0x800'3481   0x4e  Code  Gb  usart_cfg.o [1]
USART_RealTime_AddByteCRC
                         0x800'3559   0xbc  Code  Gb  usart_cfg.o [1]
USART_RealTime_AddByteSize
                         0x800'34cf   0x8a  Code  Gb  usart_cfg.o [1]
USART_StructInit         0x800'2e2b   0xba  Code  Gb  usart_cfg.o [1]
USART_TimeOVFTask        0x800'3085   0xa2  Code  Gb  usart_cfg.o [1]
USART_TimeTick_Init      0x800'2fb3   0x2e  Code  Gb  usart_cfg.o [1]
USART_TimeTick_OVF       0x800'2fe1   0xa4  Code  Gb  usart_cfg.o [1]
USART_WriteInit          0x800'384d   0x3a  Code  Gb  usart_cfg.o [1]
UsageFault_Handler       0x800'a4ad    0x2  Code  Gb  stm32f1xx_it.o [1]
WM8510Lib_I2C_Init       0x800'3bc9   0x16  Code  Gb  wm8510_lib.o [1]
WM8510Lib_I2C_Reset      0x800'3bdf    0xc  Code  Gb  wm8510_lib.o [1]
WM8510Lib_I2C_SetFreqHzWithAllFreqReg
                         0x800'3beb   0x10  Code  Gb  wm8510_lib.o [1]
WM8510Task_I2C_Init      0x800'1f51   0x16  Code  Gb  wm8510_task.o [1]
WM8510Task_I2C_Reset     0x800'1f67    0xc  Code  Gb  wm8510_task.o [1]
WM8510Task_I2C_SetFreqHzWithAllFreqReg
                         0x800'1f73   0x10  Code  Gb  wm8510_task.o [1]
WM8510_Calc_FreqAdd      0x800'4495    0x6  Code  Gb  wm8510_cfg.o [1]
WM8510_Calc_PllRate      0x800'449b  0x2dc  Code  Gb  wm8510_cfg.o [1]
WM8510_HWI2C_WriteReg    0x800'4469    0x6  Code  Gb  wm8510_cfg.o [1]
WM8510_I2C_Device0_Init
                         0x800'430b   0x38  Code  Gb  wm8510_cfg.o [1]
WM8510_I2C_Device1_Init
                         0x800'4343    0x6  Code  Gb  wm8510_cfg.o [1]
WM8510_I2C_Device2_Init
                         0x800'4349    0x6  Code  Gb  wm8510_cfg.o [1]
WM8510_I2C_Init          0x800'434f   0x76  Code  Gb  wm8510_cfg.o [1]
WM8510_I2C_Reset         0x800'4777   0xf6  Code  Gb  wm8510_cfg.o [1]
WM8510_I2C_START         0x800'43c5   0x30  Code  Gb  wm8510_cfg.o [1]
WM8510_I2C_SendCMD       0x800'446f   0x26  Code  Gb  wm8510_cfg.o [1]
WM8510_I2C_SetFreqHzWithAllFreqReg
                         0x800'486d   0x90  Code  Gb  wm8510_cfg.o [1]
WM8510_I2C_StructInit    0x800'427d   0x8e  Code  Gb  wm8510_cfg.o [1]
WM8510_SWI2C_WriteReg    0x800'43f5   0x74  Code  Gb  wm8510_cfg.o [1]
WWDG_IRQHandler          0x800'a4bd    0xa  Code  Gb  stm32f1xx_it.o [1]
_Encoding_8859_1_Mbrlen
                         0x800'24d5    0x2  Code  Gb  xencoding_8859_1.o [2]
_Encoding_8859_1_Wctomb
                         0x800'24c3   0x12  Code  Gb  xencoding_8859_1.o [2]
_Error_Handler           0x800'8875    0x2  Code  Gb  stm32_cfg.o [1]
_GenldFull               0x800'72cd  0x274  Code  Lc  xprintffull.o [2]
_LdtobFull               0x800'6ec9  0x3d6  Code  Lc  xprintffull.o [2]
_LitobFull               0x800'6d79  0x10a  Code  Lc  xprintffull.o [2]
_Locale_lconv           0x2000'0020   0x38  Data  Lc  xlocale_c.o [2]
_PrintfFull              0x800'66ad  0x1aa  Code  Gb  xprintffull.o [2]
_PutcharsFull            0x800'7541   0x2e  Code  Lc  xprintffull.o [2]
_PutfldFull              0x800'68e9  0x2d4  Code  Lc  xprintffull.o [2]
_PutstrFull              0x800'6cb3   0xc6  Code  Lc  xprintffull.o [2]
_PuttxtFull              0x800'6bbd   0xf6  Code  Lc  xprintffull.o [2]
_SNProut                 0x800'2547   0x1a  Code  Gb  xsnprout.o [2]
__aeabi_cdcmple          0x800'8e19         Code  Gb  DblCmpLe.o [3]
__aeabi_cdrcmple         0x800'8e49         Code  Gb  DblCmpGe.o [3]
__aeabi_d2iz             0x800'8fb5         Code  Gb  DblToS32.o [3]
__aeabi_d2uiz            0x800'9341         Code  Gb  DblToU32.o [3]
__aeabi_dadd             0x800'9511         Code  Gb  DblAdd.o [3]
__aeabi_ddiv             0x800'90f9         Code  Gb  DblDiv.o [3]
__aeabi_dmul             0x800'8c05         Code  Gb  DblMul.o [3]
__aeabi_dsub             0x800'9015         Code  Gb  DblSub.o [3]
__aeabi_f2iz             0x800'7c0d         Code  Gb  FltToS32.o [3]
__aeabi_f2uiz            0x800'7d91         Code  Gb  FltToU32.o [3]
__aeabi_fdiv             0x800'7b11         Code  Gb  FltDiv.o [3]
__aeabi_fmul             0x800'7cb9         Code  Gb  FltMul.o [3]
__aeabi_fsub             0x800'7c39         Code  Gb  FltSub.o [3]
__aeabi_i2d              0x800'8ff1         Code  Gb  S32ToDbl.o [3]
__aeabi_ldiv0            0x800'3d89         Code  Gb  I64DivZer.o [4]
__aeabi_memclr4          0x800'3ded         Code  Gb  ABImemclr4.o [4]
__aeabi_memcpy           0x800'8b5d         Code  Gb  ABImemcpy.o [4]
__aeabi_memcpy4          0x800'8b7d         Code  Gb  ABImemcpy.o [4]
__aeabi_memcpy8          0x800'8b7d         Code  Gb  ABImemcpy.o [4]
__aeabi_memset           0x800'24e1         Code  Gb  ABImemset.o [4]
__aeabi_ui2d             0x800'9369         Code  Gb  U32ToDbl.o [3]
__aeabi_ui2f             0x800'7af5         Code  Gb  U32ToFlt.o [3]
__aeabi_uldivmod         0x800'2239         Code  Gb  I64DivMod.o [4]
__cmain                  0x800'a9d9         Code  Gb  cmain.o [4]
__exit                   0x800'9b55   0x14  Code  Gb  exit.o [5]
__iar_Fail_s             0x800'8a81   0x1c  Code  Gb  xfail_s.o [2]
__iar_Mbcurmax           0x800'8b51    0xa  Code  Gb  xmbcurmax.o [2]
__iar_Memchr             0x800'8af9         Code  Gb  memchr.o [4]
__iar_Memset             0x800'24e1         Code  Gb  ABImemset.o [4]
__iar_Memset4_word       0x800'6539         Code  Gb  ABImemset48.o [4]
__iar_Memset8_word       0x800'6539         Code  Gb  ABImemset48.o [4]
__iar_Memset_word        0x800'24e9         Code  Gb  ABImemset.o [4]
__iar_Strchr             0x800'8a69         Code  Gb  strchr.o [4]
__iar_dadd               0x800'9025         Code  Gb  DblSub.o [3]
__iar_data_init3         0x800'a931   0x28  Code  Gb  data_init.o [4]
__iar_dsub               0x800'9521         Code  Gb  DblAdd.o [3]
__iar_dsubStart          0x800'9533         Code  Gb  DblAdd.o [3]
__iar_fadd               0x800'7c45         Code  Gb  FltSub.o [3]
__iar_frexp              0x800'8db5         Code  Gb  frexp.o [3]
__iar_frexp64            0x800'8da9         Code  Gb  frexp.o [3]
__iar_frexpl             0x800'8db5         Code  Gb  frexp.o [3]
__iar_fsub               0x800'93f5         Code  Gb  FltAdd.o [3]
__iar_fsubStart          0x800'9405         Code  Gb  FltAdd.o [3]
__iar_globLocale        0x2000'0058   0x48  Data  Lc  xlocale_c.o [2]
__iar_global_Locale      0x800'89f1    0x4  Code  Gb  xlocale_c.o [2]
__iar_ldexp64            0x800'8e79         Code  Gb  ldexp.o [3]
__iar_lz77_init_single3
                         0x800'1f83   0x7a  Code  Gb  lz77_init_single.o [4]
__iar_program_start      0x800'aa5d         Code  Gb  cstartup_M.o [4]
__iar_scalbln64          0x800'8e79         Code  Gb  ldexp.o [3]
__iar_scalbn64           0x800'8e79         Code  Gb  ldexp.o [3]
__iar_zero_init3         0x800'2123   0x3a  Code  Gb  zero_init3.o [4]
__low_level_init         0x800'a9f7    0x4  Code  Gb  low_level_init.o [2]
__vector_table           0x800'0000         Data  Gb  startup_stm32f103xg.o [1]
_call_main               0x800'a9e5         Code  Gb  cmain.o [4]
_exit                    0x800'aa01         Code  Gb  cexit.o [4]
_gLocale_mblen           0x800'8a55    0x4  Code  Gb  xlocale_c.o [2]
_gLocale_mblenInt        0x800'8a19   0x2c  Code  Gb  xlocale_c.o [2]
_gLocale_wctomb          0x800'8a59    0x4  Code  Gb  xlocale_c.o [2]
_gLocale_wctombInt       0x800'8a51    0x4  Code  Gb  xlocale_c.o [2]
_irq_disable             0x800'886d    0x4  Code  Gb  stm32_cfg.o [1]
_irq_enable              0x800'8871    0x4  Code  Gb  stm32_cfg.o [1]
_main                    0x800'a9f3         Code  Gb  cmain.o [4]
abort                    0x800'96c1    0x6  Code  Gb  abort.o [2]
crc16Table               0x800'a214  0x200  Data  Gb  crc_cfg.o [1]
crc8Table07              0x800'a680  0x100  Data  Gb  crc_cfg.o [1]
crc8Table31              0x800'a780  0x100  Data  Gb  crc_cfg.o [1]
decodeActivateSite      0x2000'1dd8    0x4  Data  Gb  decode_cfg.o [1]
decodeBitIndex          0x2000'1dc8    0x8  Data  Gb  decode_cfg.o [1]
decodeCaptureCount      0x2000'1d4c   0x10  Data  Gb  decode_cfg.o [1]
decodeFallingPulseCount
                        0x2000'1d6c   0x10  Data  Gb  decode_cfg.o [1]
decodeIcpMode           0x2000'1dd0    0x4  Data  Gb  decode_cfg.o [1]
decodeMinPulseCount     0x2000'1d3c   0x10  Data  Gb  decode_cfg.o [1]
decodeNowCount          0x2000'1dac   0x10  Data  Gb  decode_cfg.o [1]
decodeOverFlowCount     0x2000'1d7c   0x10  Data  Gb  decode_cfg.o [1]
decodeOverFlowCountBKP  0x2000'1d8c   0x10  Data  Gb  decode_cfg.o [1]
decodePulseWidth        0x2000'1d9c   0x10  Data  Gb  decode_cfg.o [1]
decodeRisingPulseCount  0x2000'1d5c   0x10  Data  Gb  decode_cfg.o [1]
decodeStep              0x2000'1dd4    0x4  Data  Gb  decode_cfg.o [1]
exit                     0x800'a9fb    0x4  Code  Gb  exit.o [2]
frexp                    0x800'8da9         Code  Gb  frexp.o [3]
frexpl                   0x800'8da9         Code  Gb  frexp.o [3]
g_ABChannelADC          0x2000'1c88   0x50  Data  Gb  adc_cfg.o [1]
g_CDChannelADC          0x2000'1cd8   0x50  Data  Gb  adc_cfg.o [1]
g_CRCIsEnable           0x2000'00a0    0x1  Data  Gb  crc_cfg.o [1]
g_CalcFreq              0x2000'1dbc    0xc  Data  Gb  timer_cfg.o [1]
g_EepromVal             0x2000'00a4  0x800  Data  Gb  eeprom_cfg.o [1]
g_RFASK                 0x2000'1abc  0x114  Data  Gb  rfask_cfg.o [1]
g_SysTick               0x2000'1d28   0x14  Data  Gb  systick_cfg.o [1]
g_USART1                0x2000'1bd0   0x60  Data  Gb  usart_cfg.o [1]
g_WM8510Device0         0x2000'1c30   0x58  Data  Gb  wm8510_cfg.o [1]
ldexp                    0x800'8e79         Code  Gb  ldexp.o [3]
ldexpl                   0x800'8e79         Code  Gb  ldexp.o [3]
localeconv               0x800'8a5d    0x4  Code  Gb  xlocale_c.o [2]
main                     0x800'9ea3   0x56  Code  Gb  main.o [1]
memchr                   0x800'8af9         Code  Gb  memchr.o [4]
pABChannelADC           0x2000'0000    0x4  Data  Gb  adc_cfg.o [1]
pCDChannelADC           0x2000'0004    0x4  Data  Gb  adc_cfg.o [1]
pCalcFreq               0x2000'0014    0x4  Data  Gb  timer_cfg.o [1]
pRFASK                  0x2000'0008    0x4  Data  Gb  rfask_cfg.o [1]
pSysTick                0x2000'0010    0x4  Data  Gb  systick_cfg.o [1]
pUSART1                 0x2000'0018    0x4  Data  Gb  usart_cfg.o [1]
pWM8510Device0          0x2000'001c    0x4  Data  Gb  wm8510_cfg.o [1]
printfBuffer            0x2000'16bc  0x400  Data  Gb  usart_cfg.o [1]
scalbln                  0x800'8e79         Code  Gb  ldexp.o [3]
scalblnl                 0x800'8e79         Code  Gb  ldexp.o [3]
scalbn                   0x800'8e79         Code  Gb  ldexp.o [3]
scalbnl                  0x800'8e79         Code  Gb  ldexp.o [3]
scale                    0x800'6e83   0x46  Code  Lc  xprintffull.o [2]
sec_hand                0x2000'1de4    0x4  Data  Lc  xfail_s.o [2]
strchr                   0x800'8a69         Code  Gb  strchr.o [4]
strlen                   0x800'8ac1         Code  Gb  strlen.o [4]
uwTick                  0x2000'1de0    0x4  Data  Gb  stm32f1xx_hal.o [1]
uwTickFreq              0x2000'00a1    0x1  Data  Gb  stm32f1xx_hal.o [1]
vsnprintf                0x800'3fd9   0x3c  Code  Gb  vsnprint.o [2]


[1] = J:\STM32_MCU\STM32F103\STM32F103VGT6Project\STM32F103VGT6Project\EWARM\STM32F103VGT6Project\Obj
[2] = dl7M_tlf.a
[3] = m7M_tl.a
[4] = rt7M_tl.a
[5] = shb_l.a

  42 556 bytes of readonly  code memory
   1 461 bytes of readonly  data memory
  11 752 bytes of readwrite data memory

Errors: none
Warnings: none
